Using Cached Shard Index for conda-forge/noarch                                                     ✔ Done
Using Cached Shard Index for conda-forge/osx-arm64                                                  ✔ Done
Fetching and Parsing Packages' Shards                                                           ⧖ Starting
Fetching and Parsing Packages' Shards                                                     ✔ Done (0.0 sec)
Using Flat Repodata for conda-forge/noarch                                                      ✔ Starting
Using Flat Repodata for conda-forge/noarch                                                ✔ Done (0.6 sec)
Using Cached Shard Index for conda-forge/osx-arm64                                                  ✔ Done
Using Cached Shard Index for conda-forge/noarch                                                     ✔ Done
Fetching and Parsing Packages' Shards                                                           ⧖ Starting
Fetching and Parsing Packages' Shards                                                     ✔ Done (0.0 sec)
Using Flat Repodata for conda-forge/osx-arm64                                                   ✔ Starting
Using Flat Repodata for conda-forge/osx-arm64                                             ✔ Done (0.5 sec)
Using Cached Shard Index for bioconda/noarch                                                        ✔ Done
Using Cached Shard Index for bioconda/osx-arm64                                                     ✔ Done
Fetching and Parsing Packages' Shards                                                           ⧖ Starting
Fetching and Parsing Packages' Shards                                                     ✔ Done (0.1 sec)
Using Cached Shard Index for conda-forge/noarch                                                     ✔ Done
Using Cached Shard Index for conda-forge/osx-arm64                                                  ✔ Done
Fetching and Parsing Packages' Shards                                                           ⧖ Starting
Fetching and Parsing Packages' Shards                                                     ✔ Done (0.1 sec)
Using Cached Shard Index for bioconda/noarch                                                        ✔ Done
Using Cached Shard Index for bioconda/osx-arm64                                                     ✔ Done
Fetching and Parsing Packages' Shards                                                           ⧖ Starting
Fetching and Parsing Packages' Shards                                                     ✔ Done (0.0 sec)
Parsing Packages' Records                                                                 ✔ Done (1.3 sec)

Resolving Environment                                                                           ⧖ Starting
Resolving Environment                                                                     ✔ Done (0.1 sec)

Transaction

  Prefix: /Users/drb_laptop/Documents/Tissue_specific_myeclium/analysis/envs/root/envs/env-asm

  Updating specs:

   - megahit


  Package              Version  Build               Channel           Size
────────────────────────────────────────────────────────────────────────────
  Install:
────────────────────────────────────────────────────────────────────────────

  + bzip2                1.0.8  h4e30115_10         conda-forge     Cached
  + ca-certificates  2026.7.22  hbd8a1cb_0          conda-forge     Cached
  + icu                   78.3  py310h579977c_2     conda-forge     Cached
  + libcxx              22.1.8  h55c6f16_0          conda-forge     Cached
  + libexpat             2.8.1  hf6b4638_1          conda-forge     Cached
  + libffi               3.7.0  hcf2aa1b_0          conda-forge     Cached
  + liblzma              5.8.3  h8088a28_1          conda-forge     Cached
  + libmpdec             4.0.0  h84a0fba_2          conda-forge     Cached
  + libsqlite           3.53.4  h1ae2325_0          conda-forge     Cached
  + libzlib              1.3.2  h8088a28_3          conda-forge     Cached
  + llvm-openmp         22.1.8  hc7d1edf_0          conda-forge     Cached
  + megahit              1.2.9  h96a01ab_8          bioconda           2MB
  + ncurses                6.6  he64c551_1          conda-forge     Cached
  + openssl              3.6.3  hd24854e_1          conda-forge     Cached
  + python              3.14.6  hf4d206d_102_cp314  conda-forge     Cached
  + python_abi            3.14  8_cp314             conda-forge     Cached
  + readline               8.3  h46df422_0          conda-forge     Cached
  + tk                  8.6.13  hd3d0363_3          conda-forge     Cached
  + tzdata               2026c  h151e31d_0          conda-forge     Cached
  + zstd                 1.5.7  hf451053_7          conda-forge     Cached

  Summary:

  Install: 20 packages

  Total download: 2MB

────────────────────────────────────────────────────────────────────────────


warning  libmamba Security Warning: This transaction includes executing package scripts (pre/post-link/unlink) if present. These scripts can contain arbitrary code. Please ensure you trust the package sources.

Transaction starting
Linking bzip2-1.0.8-h4e30115_10
Linking libcxx-22.1.8-h55c6f16_0
Linking libzlib-1.3.2-h8088a28_3
Linking llvm-openmp-22.1.8-hc7d1edf_0
Linking libexpat-2.8.1-hf6b4638_1
Linking libffi-3.7.0-hcf2aa1b_0
Linking liblzma-5.8.3-h8088a28_1
Linking libmpdec-4.0.0-h84a0fba_2
Linking ncurses-6.6-he64c551_1
Linking icu-78.3-py310h579977c_2
Linking tk-8.6.13-hd3d0363_3
Linking zstd-1.5.7-hf451053_7
Linking readline-8.3-h46df422_0
Linking libsqlite-3.53.4-h1ae2325_0
Linking python_abi-3.14-8_cp314
Linking tzdata-2026c-h151e31d_0
Linking ca-certificates-2026.7.22-hbd8a1cb_0
Linking openssl-3.6.3-hd24854e_1
Linking python-3.14.6-hf4d206d_102_cp314
Linking megahit-1.2.9-h96a01ab_8

Transaction finished


To activate this environment, use:

    micromamba activate env-asm

Or to execute a single command in this environment, use:

    micromamba run -n env-asm mycommand

