
        ==========     _____ _    _ ____  _____  ______          _____  
        =====         / ____| |  | |  _ \|  __ \|  ____|   /\   |  __ \ 
          =====      | (___ | |  | | |_) | |__) | |__     /  \  | |  | |
            ====      \___ \| |  | |  _ <|  _  /|  __|   / /\ \ | |  | |
              ====    ____) | |__| | |_) | | \ \| |____ / ____ \| |__| |
        ==========   |_____/ \____/|____/|_|  \_\______/_/    \_\_____/
	  v2.1.1

//========================== featureCounts setting ===========================\\
||                                                                            ||
||             Input files : 16 BAM files                                     ||
||                                                                            ||
||                           GPNJ7M_10_sample_2B.dedup.bam                    ||
||                           GPNJ7M_11_sample_2C.dedup.bam                    ||
||                           GPNJ7M_12_sample_2D.dedup.bam                    ||
||                           GPNJ7M_13_sample_2E.dedup.bam                    ||
||                           GPNJ7M_14_sample_2F.dedup.bam                    ||
||                           GPNJ7M_15_sample_2G.dedup.bam                    ||
||                           GPNJ7M_16_sample_2H.dedup.bam                    ||
||                           GPNJ7M_1_sample_1A.dedup.bam                     ||
||                           GPNJ7M_2_sample_1B.dedup.bam                     ||
||                           GPNJ7M_3_sample_1C.dedup.bam                     ||
||                           GPNJ7M_4_sample_1D.dedup.bam                     ||
||                           GPNJ7M_5_sample_1E.dedup.bam                     ||
||                           GPNJ7M_6_sample_1F.dedup.bam                     ||
||                           GPNJ7M_7_sample_1G.dedup.bam                     ||
||                           GPNJ7M_8_sample_1H.dedup.bam                     ||
||                           GPNJ7M_9_sample_2A.dedup.bam                     ||
||                                                                            ||
||             Output file : counts_BOM_ss5_dedup.txt                         ||
||                 Summary : counts_BOM_ss5_dedup.txt.summary                 ||
||              Paired-end : no                                               ||
||        Count read pairs : no                                               ||
||              Annotation : BOM_ss5_final.gtf (GTF)                          ||
||      Dir for temp files : /Users/drb_laptop/Documents/Tissue_specific_ ... ||
||                                                                            ||
||                 Threads : 14                                               ||
||                   Level : meta-feature level                               ||
||      Multimapping reads : not counted                                      ||
|| Multi-overlapping reads : not counted                                      ||
||   Min overlapping bases : 1                                                ||
||                                                                            ||
\\============================================================================//

//================================= Running ==================================\\
||                                                                            ||
|| Load annotation file BOM_ss5_final.gtf ...                                 ||
||    Features : 77094                                                        ||
||    Meta-features : 12709                                                   ||
||    Chromosomes/contigs : 17                                                ||
||                                                                            ||
|| Process BAM file GPNJ7M_10_sample_2B.dedup.bam...                          ||
||    Strand specific : stranded                                              ||
||    Single-end reads are included.                                          ||
||    Total alignments : 1906706                                              ||
||    Successfully assigned alignments : 110344 (5.8%)                        ||
||    Running time : 0.00 minutes                                             ||
||                                                                            ||
|| Process BAM file GPNJ7M_11_sample_2C.dedup.bam...                          ||
||    Strand specific : stranded                                              ||
||    Single-end reads are included.                                          ||
||    Total alignments : 1928438                                              ||
||    Successfully assigned alignments : 211011 (10.9%)                       ||
||    Running time : 0.00 minutes                                             ||
||                                                                            ||
|| Process BAM file GPNJ7M_12_sample_2D.dedup.bam...                          ||
||    Strand specific : stranded                                              ||
||    Single-end reads are included.                                          ||
||    Total alignments : 1413670                                              ||
||    Successfully assigned alignments : 215350 (15.2%)                       ||
||    Running time : 0.00 minutes                                             ||
||                                                                            ||
|| Process BAM file GPNJ7M_13_sample_2E.dedup.bam...                          ||
||    Strand specific : stranded                                              ||
||    Single-end reads are included.                                          ||
||    Total alignments : 1347566                                              ||
||    Successfully assigned alignments : 125193 (9.3%)                        ||
||    Running time : 0.00 minutes                                             ||
||                                                                            ||
|| Process BAM file GPNJ7M_14_sample_2F.dedup.bam...                          ||
||    Strand specific : stranded                                              ||
||    Single-end reads are included.                                          ||
||    Total alignments : 4123735                                              ||
||    Successfully assigned alignments : 630919 (15.3%)                       ||
||    Running time : 0.01 minutes                                             ||
||                                                                            ||
|| Process BAM file GPNJ7M_15_sample_2G.dedup.bam...                          ||
||    Strand specific : stranded                                              ||
||    Single-end reads are included.                                          ||
||    Total alignments : 1599189                                              ||
||    Successfully assigned alignments : 572177 (35.8%)                       ||
||    Running time : 0.00 minutes                                             ||
||                                                                            ||
|| Process BAM file GPNJ7M_16_sample_2H.dedup.bam...                          ||
||    Strand specific : stranded                                              ||
||    Single-end reads are included.                                          ||
||    Total alignments : 4584147                                              ||
||    Successfully assigned alignments : 2313911 (50.5%)                      ||
||    Running time : 0.01 minutes                                             ||
||                                                                            ||
|| Process BAM file GPNJ7M_1_sample_1A.dedup.bam...                           ||
||    Strand specific : stranded                                              ||
||    Single-end reads are included.                                          ||
||    Total alignments : 4041082                                              ||
||    Successfully assigned alignments : 1173292 (29.0%)                      ||
||    Running time : 0.01 minutes                                             ||
||                                                                            ||
|| Process BAM file GPNJ7M_2_sample_1B.dedup.bam...                           ||
||    Strand specific : stranded                                              ||
||    Single-end reads are included.                                          ||
||    Total alignments : 3233445                                              ||
||    Successfully assigned alignments : 479332 (14.8%)                       ||
||    Running time : 0.01 minutes                                             ||
||                                                                            ||
|| Process BAM file GPNJ7M_3_sample_1C.dedup.bam...                           ||
||    Strand specific : stranded                                              ||
||    Single-end reads are included.                                          ||
||    Total alignments : 1018844                                              ||
||    Successfully assigned alignments : 67406 (6.6%)                         ||
||    Running time : 0.00 minutes                                             ||
||                                                                            ||
|| Process BAM file GPNJ7M_4_sample_1D.dedup.bam...                           ||
||    Strand specific : stranded                                              ||
||    Single-end reads are included.                                          ||
||    Total alignments : 2974614                                              ||
||    Successfully assigned alignments : 676565 (22.7%)                       ||
||    Running time : 0.00 minutes                                             ||
||                                                                            ||
|| Process BAM file GPNJ7M_5_sample_1E.dedup.bam...                           ||
||    Strand specific : stranded                                              ||
||    Single-end reads are included.                                          ||
||    Total alignments : 8103520                                              ||
||    Successfully assigned alignments : 1069352 (13.2%)                      ||
||    Running time : 0.02 minutes                                             ||
||                                                                            ||
|| Process BAM file GPNJ7M_6_sample_1F.dedup.bam...                           ||
||    Strand specific : stranded                                              ||
||    Single-end reads are included.                                          ||
||    Total alignments : 3167985                                              ||
||    Successfully assigned alignments : 377276 (11.9%)                       ||
||    Running time : 0.00 minutes                                             ||
||                                                                            ||
|| Process BAM file GPNJ7M_7_sample_1G.dedup.bam...                           ||
||    Strand specific : stranded                                              ||
||    Single-end reads are included.                                          ||
||    Total alignments : 3086497                                              ||
||    Successfully assigned alignments : 940948 (30.5%)                       ||
||    Running time : 0.00 minutes                                             ||
||                                                                            ||
|| Process BAM file GPNJ7M_8_sample_1H.dedup.bam...                           ||
||    Strand specific : stranded                                              ||
||    Single-end reads are included.                                          ||
||    Total alignments : 2775810                                              ||
||    Successfully assigned alignments : 970156 (35.0%)                       ||
||    Running time : 0.00 minutes                                             ||
||                                                                            ||
|| Process BAM file GPNJ7M_9_sample_2A.dedup.bam...                           ||
||    Strand specific : stranded                                              ||
||    Single-end reads are included.                                          ||
||    Total alignments : 1742852                                              ||
||    Successfully assigned alignments : 158959 (9.1%)                        ||
||    Running time : 0.00 minutes                                             ||
||                                                                            ||
|| Write the final count table.                                               ||
|| Write the read assignment summary.                                         ||
||                                                                            ||
|| Summary of counting results can be found in file "/Users/drb_laptop/Docum  ||
|| ents/Tissue_specific_myeclium/analysis/counts/counts_BOM_ss5_dedup.txt.su  ||
|| mmary"                                                                     ||
||                                                                            ||
\\============================================================================//

