
        ==========     _____ _    _ ____  _____  ______          _____  
        =====         / ____| |  | |  _ \|  __ \|  ____|   /\   |  __ \ 
          =====      | (___ | |  | | |_) | |__) | |__     /  \  | |  | |
            ====      \___ \| |  | |  _ <|  _  /|  __|   / /\ \ | |  | |
              ====    ____) | |__| | |_) | | \ \| |____ / ____ \| |__| |
        ==========   |_____/ \____/|____/|_|  \_\______/_/    \_\_____/
	  v2.1.1

//========================== featureCounts setting ===========================\\
||                                                                            ||
||             Input files : 16 BAM files                                     ||
||                                                                            ||
||                           GPNJ7M_10_sample_2B.primary.bam                  ||
||                           GPNJ7M_11_sample_2C.primary.bam                  ||
||                           GPNJ7M_12_sample_2D.primary.bam                  ||
||                           GPNJ7M_13_sample_2E.primary.bam                  ||
||                           GPNJ7M_14_sample_2F.primary.bam                  ||
||                           GPNJ7M_15_sample_2G.primary.bam                  ||
||                           GPNJ7M_16_sample_2H.primary.bam                  ||
||                           GPNJ7M_1_sample_1A.primary.bam                   ||
||                           GPNJ7M_2_sample_1B.primary.bam                   ||
||                           GPNJ7M_3_sample_1C.primary.bam                   ||
||                           GPNJ7M_4_sample_1D.primary.bam                   ||
||                           GPNJ7M_5_sample_1E.primary.bam                   ||
||                           GPNJ7M_6_sample_1F.primary.bam                   ||
||                           GPNJ7M_7_sample_1G.primary.bam                   ||
||                           GPNJ7M_8_sample_1H.primary.bam                   ||
||                           GPNJ7M_9_sample_2A.primary.bam                   ||
||                                                                            ||
||             Output file : counts_raw.txt                                   ||
||                 Summary : counts_raw.txt.summary                           ||
||              Paired-end : no                                               ||
||        Count read pairs : no                                               ||
||              Annotation : PC9.15_final.gtf (GTF)                           ||
||      Dir for temp files : /Users/drb_laptop/Documents/Tissue_specific_ ... ||
||                                                                            ||
||                 Threads : 14                                               ||
||                   Level : meta-feature level                               ||
||      Multimapping reads : not counted                                      ||
|| Multi-overlapping reads : not counted                                      ||
||   Min overlapping bases : 1                                                ||
||                                                                            ||
\\============================================================================//

//================================= Running ==================================\\
||                                                                            ||
|| Load annotation file PC9.15_final.gtf ...                                  ||
||    Features : 92867                                                        ||
||    Meta-features : 13614                                                   ||
||    Chromosomes/contigs : 14                                                ||
||                                                                            ||
|| Process BAM file GPNJ7M_10_sample_2B.primary.bam...                        ||
||    Strand specific : stranded                                              ||
||    Single-end reads are included.                                          ||
||    Total alignments : 2486679                                              ||
||    Successfully assigned alignments : 251324 (10.1%)                       ||
||    Running time : 0.00 minutes                                             ||
||                                                                            ||
|| Process BAM file GPNJ7M_11_sample_2C.primary.bam...                        ||
||    Strand specific : stranded                                              ||
||    Single-end reads are included.                                          ||
||    Total alignments : 2430494                                              ||
||    Successfully assigned alignments : 417717 (17.2%)                       ||
||    Running time : 0.00 minutes                                             ||
||                                                                            ||
|| Process BAM file GPNJ7M_12_sample_2D.primary.bam...                        ||
||    Strand specific : stranded                                              ||
||    Single-end reads are included.                                          ||
||    Total alignments : 1882409                                              ||
||    Successfully assigned alignments : 460901 (24.5%)                       ||
||    Running time : 0.00 minutes                                             ||
||                                                                            ||
|| Process BAM file GPNJ7M_13_sample_2E.primary.bam...                        ||
||    Strand specific : stranded                                              ||
||    Single-end reads are included.                                          ||
||    Total alignments : 1733977                                              ||
||    Successfully assigned alignments : 287559 (16.6%)                       ||
||    Running time : 0.00 minutes                                             ||
||                                                                            ||
|| Process BAM file GPNJ7M_14_sample_2F.primary.bam...                        ||
||    Strand specific : stranded                                              ||
||    Single-end reads are included.                                          ||
||    Total alignments : 5697752                                              ||
||    Successfully assigned alignments : 1410688 (24.8%)                      ||
||    Running time : 0.01 minutes                                             ||
||                                                                            ||
|| Process BAM file GPNJ7M_15_sample_2G.primary.bam...                        ||
||    Strand specific : stranded                                              ||
||    Single-end reads are included.                                          ||
||    Total alignments : 2653919                                              ||
||    Successfully assigned alignments : 1433512 (54.0%)                      ||
||    Running time : 0.01 minutes                                             ||
||                                                                            ||
|| Process BAM file GPNJ7M_16_sample_2H.primary.bam...                        ||
||    Strand specific : stranded                                              ||
||    Single-end reads are included.                                          ||
||    Total alignments : 9030702                                              ||
||    Successfully assigned alignments : 6235230 (69.0%)                      ||
||    Running time : 0.02 minutes                                             ||
||                                                                            ||
|| Process BAM file GPNJ7M_1_sample_1A.primary.bam...                         ||
||    Strand specific : stranded                                              ||
||    Single-end reads are included.                                          ||
||    Total alignments : 6342049                                              ||
||    Successfully assigned alignments : 2977148 (46.9%)                      ||
||    Running time : 0.01 minutes                                             ||
||                                                                            ||
|| Process BAM file GPNJ7M_2_sample_1B.primary.bam...                         ||
||    Strand specific : stranded                                              ||
||    Single-end reads are included.                                          ||
||    Total alignments : 4578256                                              ||
||    Successfully assigned alignments : 1086396 (23.7%)                      ||
||    Running time : 0.01 minutes                                             ||
||                                                                            ||
|| Process BAM file GPNJ7M_3_sample_1C.primary.bam...                         ||
||    Strand specific : stranded                                              ||
||    Single-end reads are included.                                          ||
||    Total alignments : 1314922                                              ||
||    Successfully assigned alignments : 136100 (10.4%)                       ||
||    Running time : 0.00 minutes                                             ||
||                                                                            ||
|| Process BAM file GPNJ7M_4_sample_1D.primary.bam...                         ||
||    Strand specific : stranded                                              ||
||    Single-end reads are included.                                          ||
||    Total alignments : 4496969                                              ||
||    Successfully assigned alignments : 1769302 (39.3%)                      ||
||    Running time : 0.01 minutes                                             ||
||                                                                            ||
|| Process BAM file GPNJ7M_5_sample_1E.primary.bam...                         ||
||    Strand specific : stranded                                              ||
||    Single-end reads are included.                                          ||
||    Total alignments : 11307541                                             ||
||    Successfully assigned alignments : 2731666 (24.2%)                      ||
||    Running time : 0.02 minutes                                             ||
||                                                                            ||
|| Process BAM file GPNJ7M_6_sample_1F.primary.bam...                         ||
||    Strand specific : stranded                                              ||
||    Single-end reads are included.                                          ||
||    Total alignments : 4310914                                              ||
||    Successfully assigned alignments : 962353 (22.3%)                       ||
||    Running time : 0.01 minutes                                             ||
||                                                                            ||
|| Process BAM file GPNJ7M_7_sample_1G.primary.bam...                         ||
||    Strand specific : stranded                                              ||
||    Single-end reads are included.                                          ||
||    Total alignments : 4942914                                              ||
||    Successfully assigned alignments : 2388459 (48.3%)                      ||
||    Running time : 0.01 minutes                                             ||
||                                                                            ||
|| Process BAM file GPNJ7M_8_sample_1H.primary.bam...                         ||
||    Strand specific : stranded                                              ||
||    Single-end reads are included.                                          ||
||    Total alignments : 4679203                                              ||
||    Successfully assigned alignments : 2534590 (54.2%)                      ||
||    Running time : 0.01 minutes                                             ||
||                                                                            ||
|| Process BAM file GPNJ7M_9_sample_2A.primary.bam...                         ||
||    Strand specific : stranded                                              ||
||    Single-end reads are included.                                          ||
||    Total alignments : 2240053                                              ||
||    Successfully assigned alignments : 359141 (16.0%)                       ||
||    Running time : 0.00 minutes                                             ||
||                                                                            ||
|| Write the final count table.                                               ||
|| Write the read assignment summary.                                         ||
||                                                                            ||
|| Summary of counting results can be found in file "/Users/drb_laptop/Docum  ||
|| ents/Tissue_specific_myeclium/analysis/counts/counts_raw.txt.summary"      ||
||                                                                            ||
\\============================================================================//

