HISAT2 summary stats:
	Total reads: 250000
		Aligned 0 time: 75857 (30.34%)
		Aligned 1 time: 306 (0.12%)
		Aligned >1 times: 173837 (69.53%)
	Overall alignment rate: 69.66%
HISAT2 summary stats:
	Total reads: 75857
		Aligned 0 time: 57107 (75.28%)
		Aligned 1 time: 18437 (24.30%)
		Aligned >1 times: 313 (0.41%)
	Overall alignment rate: 24.72%
HISAT2 summary stats:
	Total reads: 250000
		Aligned 0 time: 119017 (47.61%)
		Aligned 1 time: 1021 (0.41%)
		Aligned >1 times: 129962 (51.98%)
	Overall alignment rate: 52.39%
HISAT2 summary stats:
	Total reads: 119017
		Aligned 0 time: 91393 (76.79%)
		Aligned 1 time: 27265 (22.91%)
		Aligned >1 times: 359 (0.30%)
	Overall alignment rate: 23.21%
HISAT2 summary stats:
	Total reads: 250000
		Aligned 0 time: 108588 (43.44%)
		Aligned 1 time: 1211 (0.48%)
		Aligned >1 times: 140201 (56.08%)
	Overall alignment rate: 56.56%
HISAT2 summary stats:
	Total reads: 108588
		Aligned 0 time: 62266 (57.34%)
		Aligned 1 time: 45914 (42.28%)
		Aligned >1 times: 408 (0.38%)
	Overall alignment rate: 42.66%
HISAT2 summary stats:
	Total reads: 250000
		Aligned 0 time: 93097 (37.24%)
		Aligned 1 time: 621 (0.25%)
		Aligned >1 times: 156282 (62.51%)
	Overall alignment rate: 62.76%
HISAT2 summary stats:
	Total reads: 93097
		Aligned 0 time: 62445 (67.08%)
		Aligned 1 time: 30372 (32.62%)
		Aligned >1 times: 280 (0.30%)
	Overall alignment rate: 32.92%
HISAT2 summary stats:
	Total reads: 250000
		Aligned 0 time: 94811 (37.92%)
		Aligned 1 time: 1341 (0.54%)
		Aligned >1 times: 153848 (61.54%)
	Overall alignment rate: 62.08%
HISAT2 summary stats:
	Total reads: 94811
		Aligned 0 time: 46042 (48.56%)
		Aligned 1 time: 48460 (51.11%)
		Aligned >1 times: 309 (0.33%)
	Overall alignment rate: 51.44%
HISAT2 summary stats:
	Total reads: 250000
		Aligned 0 time: 156716 (62.69%)
		Aligned 1 time: 750 (0.30%)
		Aligned >1 times: 92534 (37.01%)
	Overall alignment rate: 37.31%
HISAT2 summary stats:
	Total reads: 156716
		Aligned 0 time: 48834 (31.16%)
		Aligned 1 time: 107518 (68.61%)
		Aligned >1 times: 364 (0.23%)
	Overall alignment rate: 68.84%
HISAT2 summary stats:
	Total reads: 250000
		Aligned 0 time: 200279 (80.11%)
		Aligned 1 time: 1349 (0.54%)
		Aligned >1 times: 48372 (19.35%)
	Overall alignment rate: 19.89%
HISAT2 summary stats:
	Total reads: 200279
		Aligned 0 time: 64833 (32.37%)
		Aligned 1 time: 133872 (66.84%)
		Aligned >1 times: 1574 (0.79%)
	Overall alignment rate: 67.63%
HISAT2 summary stats:
	Total reads: 250000
		Aligned 0 time: 143354 (57.34%)
		Aligned 1 time: 2221 (0.89%)
		Aligned >1 times: 104425 (41.77%)
	Overall alignment rate: 42.66%
HISAT2 summary stats:
	Total reads: 143354
		Aligned 0 time: 51075 (35.63%)
		Aligned 1 time: 91393 (63.75%)
		Aligned >1 times: 886 (0.62%)
	Overall alignment rate: 64.37%
HISAT2 summary stats:
	Total reads: 250000
		Aligned 0 time: 94469 (37.79%)
		Aligned 1 time: 1216 (0.49%)
		Aligned >1 times: 154315 (61.73%)
	Overall alignment rate: 62.21%
HISAT2 summary stats:
	Total reads: 94469
		Aligned 0 time: 48666 (51.52%)
		Aligned 1 time: 45509 (48.17%)
		Aligned >1 times: 294 (0.31%)
	Overall alignment rate: 48.48%
HISAT2 summary stats:
	Total reads: 250000
		Aligned 0 time: 124922 (49.97%)
		Aligned 1 time: 327 (0.13%)
		Aligned >1 times: 124751 (49.90%)
	Overall alignment rate: 50.03%
HISAT2 summary stats:
	Total reads: 124922
		Aligned 0 time: 111884 (89.56%)
		Aligned 1 time: 12733 (10.19%)
		Aligned >1 times: 305 (0.24%)
	Overall alignment rate: 10.44%
HISAT2 summary stats:
	Total reads: 250000
		Aligned 0 time: 122627 (49.05%)
		Aligned 1 time: 1570 (0.63%)
		Aligned >1 times: 125803 (50.32%)
	Overall alignment rate: 50.95%
HISAT2 summary stats:
	Total reads: 122627
		Aligned 0 time: 44129 (35.99%)
		Aligned 1 time: 78246 (63.81%)
		Aligned >1 times: 252 (0.21%)
	Overall alignment rate: 64.01%
HISAT2 summary stats:
	Total reads: 250000
		Aligned 0 time: 77509 (31.00%)
		Aligned 1 time: 1260 (0.50%)
		Aligned >1 times: 171231 (68.49%)
	Overall alignment rate: 69.00%
HISAT2 summary stats:
	Total reads: 77509
		Aligned 0 time: 29154 (37.61%)
		Aligned 1 time: 48086 (62.04%)
		Aligned >1 times: 269 (0.35%)
	Overall alignment rate: 62.39%
HISAT2 summary stats:
	Total reads: 250000
		Aligned 0 time: 79769 (31.91%)
		Aligned 1 time: 2117 (0.85%)
		Aligned >1 times: 168114 (67.25%)
	Overall alignment rate: 68.09%
HISAT2 summary stats:
	Total reads: 79769
		Aligned 0 time: 35407 (44.39%)
		Aligned 1 time: 43982 (55.14%)
		Aligned >1 times: 380 (0.48%)
	Overall alignment rate: 55.61%
HISAT2 summary stats:
	Total reads: 250000
		Aligned 0 time: 141335 (56.53%)
		Aligned 1 time: 1691 (0.68%)
		Aligned >1 times: 106974 (42.79%)
	Overall alignment rate: 43.47%
HISAT2 summary stats:
	Total reads: 141335
		Aligned 0 time: 41184 (29.14%)
		Aligned 1 time: 99510 (70.41%)
		Aligned >1 times: 641 (0.45%)
	Overall alignment rate: 70.86%
HISAT2 summary stats:
	Total reads: 250000
		Aligned 0 time: 146474 (58.59%)
		Aligned 1 time: 1419 (0.57%)
		Aligned >1 times: 102107 (40.84%)
	Overall alignment rate: 41.41%
HISAT2 summary stats:
	Total reads: 146474
		Aligned 0 time: 32705 (22.33%)
		Aligned 1 time: 113233 (77.31%)
		Aligned >1 times: 536 (0.37%)
	Overall alignment rate: 77.67%
HISAT2 summary stats:
	Total reads: 250000
		Aligned 0 time: 79728 (31.89%)
		Aligned 1 time: 358 (0.14%)
		Aligned >1 times: 169914 (67.97%)
	Overall alignment rate: 68.11%
HISAT2 summary stats:
	Total reads: 79728
		Aligned 0 time: 48580 (60.93%)
		Aligned 1 time: 30859 (38.71%)
		Aligned >1 times: 289 (0.36%)
	Overall alignment rate: 39.07%
