# UMI-tools version: 1.1.6
# output generated by dedup --stdin=/Users/drb_laptop/Documents/Tissue_specific_myeclium/analysis/bam_BOM_ss5/GPNJ7M_2_sample_1B.primary.bam --stdout=/Users/drb_laptop/Documents/Tissue_specific_myeclium/analysis/bam_BOM_ss5/GPNJ7M_2_sample_1B.dedup.bam.part --umi-separator=_ --method=directional
# job started at Mon Aug 17 18:39:10 2026 on DRBs-MacBook-Pro.local -- e6237aa9-d0db-407d-a04c-ce343ee35067
# pid: 59919, system: Darwin 25.5.0 Darwin Kernel Version 25.5.0: Tue Jun  9 22:28:34 PDT 2026; root:xnu-12377.121.10~1/RELEASE_ARM64_T6050 x86_64
# assigned_tag                            : None
# cell_tag                                : None
# cell_tag_delim                          : None
# cell_tag_split                          : -
# chimeric_pairs                          : use
# chrom                                   : None
# compresslevel                           : 6
# detection_method                        : None
# filter_umi                              : None
# gene_tag                                : None
# gene_transcript_map                     : None
# get_umi_method                          : read_id
# ignore_tlen                             : False
# ignore_umi                              : False
# in_sam                                  : False
# log2stderr                              : False
# loglevel                                : 1
# mapping_quality                         : 0
# method                                  : directional
# no_sort_output                          : False
# out_sam                                 : False
# output_unmapped                         : False
# paired                                  : False
# per_cell                                : False
# per_contig                              : False
# per_gene                                : False
# random_seed                             : None
# read_length                             : False
# short_help                              : None
# skip_regex                              : ^(__|Unassigned)
# soft_clip_threshold                     : 4
# spliced                                 : False
# stats                                   : False
# stderr                                  : <_io.TextIOWrapper name='<stderr>' mode='w' encoding='utf-8'>
# stdin                                   : <_io.TextIOWrapper name='/Users/drb_laptop/Documents/Tissue_specific_myeclium/analysis/bam_BOM_ss5/GPNJ7M_2_sample_1B.primary.bam' mode='r' encoding='UTF-8'>
# stdlog                                  : <_io.TextIOWrapper name='<stdout>' mode='w' encoding='utf-8'>
# stdout                                  : <_io.TextIOWrapper name='/Users/drb_laptop/Documents/Tissue_specific_myeclium/analysis/bam_BOM_ss5/GPNJ7M_2_sample_1B.dedup.bam.part' mode='w' encoding='UTF-8'>
# subset                                  : None
# threshold                               : 1
# timeit_file                             : None
# timeit_header                           : None
# timeit_name                             : all
# tmpdir                                  : None
# umi_sep                                 : _
# umi_tag                                 : RX
# umi_tag_delim                           : None
# umi_tag_split                           : None
# umi_whitelist                           : None
# umi_whitelist_paired                    : None
# unmapped_reads                          : discard
# unpaired_reads                          : use
# whole_contig                            : False
2026-08-17 18:39:10,909 INFO command: dedup --stdin=/Users/drb_laptop/Documents/Tissue_specific_myeclium/analysis/bam_BOM_ss5/GPNJ7M_2_sample_1B.primary.bam --stdout=/Users/drb_laptop/Documents/Tissue_specific_myeclium/analysis/bam_BOM_ss5/GPNJ7M_2_sample_1B.dedup.bam.part --umi-separator=_ --method=directional
2026-08-17 18:39:17,243 INFO Written out 100000 reads
2026-08-17 18:39:21,437 INFO Written out 200000 reads
2026-08-17 18:39:27,848 INFO Written out 300000 reads
2026-08-17 18:39:35,559 INFO Written out 400000 reads
2026-08-17 18:39:44,589 INFO Written out 500000 reads
2026-08-17 18:39:48,978 INFO Written out 600000 reads
2026-08-17 18:39:54,841 INFO Written out 700000 reads
2026-08-17 18:39:56,201 INFO Parsed 1000000 input reads
2026-08-17 18:39:57,338 INFO Written out 800000 reads
2026-08-17 18:40:03,965 INFO Written out 900000 reads
2026-08-17 18:40:07,859 INFO Written out 1000000 reads
2026-08-17 18:40:20,377 INFO Written out 1100000 reads
2026-08-17 18:40:21,897 INFO Written out 1200000 reads
2026-08-17 18:40:27,080 INFO Written out 1300000 reads
2026-08-17 18:40:33,637 INFO Written out 1400000 reads
2026-08-17 18:40:37,609 INFO Written out 1500000 reads
2026-08-17 18:40:49,139 INFO Parsed 2000000 input reads
2026-08-17 18:40:50,170 INFO Written out 1600000 reads
2026-08-17 18:40:51,672 INFO Written out 1700000 reads
2026-08-17 18:40:55,955 INFO Written out 1800000 reads
2026-08-17 18:41:03,416 INFO Written out 1900000 reads
2026-08-17 18:41:06,790 INFO Written out 2000000 reads
2026-08-17 18:41:19,772 INFO Written out 2100000 reads
2026-08-17 18:41:21,262 INFO Written out 2200000 reads
2026-08-17 18:41:24,764 INFO Written out 2300000 reads
2026-08-17 18:41:25,224 INFO Parsed 3000000 input reads
2026-08-17 18:41:32,471 INFO Written out 2400000 reads
2026-08-17 18:41:41,266 INFO Written out 2500000 reads
2026-08-17 18:41:45,682 INFO Written out 2600000 reads
2026-08-17 18:41:51,334 INFO Written out 2700000 reads
2026-08-17 18:41:56,394 INFO Written out 2800000 reads
2026-08-17 18:41:58,219 INFO Written out 2900000 reads
2026-08-17 18:41:58,784 INFO Parsed 4000000 input reads
2026-08-17 18:42:03,624 INFO Written out 3000000 reads
2026-08-17 18:42:06,759 INFO Written out 3100000 reads
2026-08-17 18:42:11,136 INFO Written out 3200000 reads
2026-08-17 18:42:16,745 INFO Reads: Input Reads: 4652177
2026-08-17 18:42:16,745 INFO Number of reads out: 3233445
2026-08-17 18:42:16,745 INFO Total number of positions deduplicated: 44033
2026-08-17 18:42:16,745 INFO Mean number of unique UMIs per position: 75.78
2026-08-17 18:42:16,745 INFO Max. number of unique UMIs per position: 34439
# job finished in 185 seconds at Mon Aug 17 18:42:16 2026 -- 184.90  1.69  0.00  0.00 -- e6237aa9-d0db-407d-a04c-ce343ee35067
