# UMI-tools version: 1.1.6
# output generated by dedup --stdin=/Users/drb_laptop/Documents/Tissue_specific_myeclium/analysis/bam_BOM_ss5/GPNJ7M_11_sample_2C.primary.bam --stdout=/Users/drb_laptop/Documents/Tissue_specific_myeclium/analysis/bam_BOM_ss5/GPNJ7M_11_sample_2C.dedup.bam.part --umi-separator=_ --method=directional
# job started at Mon Aug 17 18:19:14 2026 on DRBs-MacBook-Pro.local -- f947dfd5-1caf-4f42-976a-3e8963c5694b
# pid: 59024, system: Darwin 25.5.0 Darwin Kernel Version 25.5.0: Tue Jun  9 22:28:34 PDT 2026; root:xnu-12377.121.10~1/RELEASE_ARM64_T6050 x86_64
# assigned_tag                            : None
# cell_tag                                : None
# cell_tag_delim                          : None
# cell_tag_split                          : -
# chimeric_pairs                          : use
# chrom                                   : None
# compresslevel                           : 6
# detection_method                        : None
# filter_umi                              : None
# gene_tag                                : None
# gene_transcript_map                     : None
# get_umi_method                          : read_id
# ignore_tlen                             : False
# ignore_umi                              : False
# in_sam                                  : False
# log2stderr                              : False
# loglevel                                : 1
# mapping_quality                         : 0
# method                                  : directional
# no_sort_output                          : False
# out_sam                                 : False
# output_unmapped                         : False
# paired                                  : False
# per_cell                                : False
# per_contig                              : False
# per_gene                                : False
# random_seed                             : None
# read_length                             : False
# short_help                              : None
# skip_regex                              : ^(__|Unassigned)
# soft_clip_threshold                     : 4
# spliced                                 : False
# stats                                   : False
# stderr                                  : <_io.TextIOWrapper name='<stderr>' mode='w' encoding='utf-8'>
# stdin                                   : <_io.TextIOWrapper name='/Users/drb_laptop/Documents/Tissue_specific_myeclium/analysis/bam_BOM_ss5/GPNJ7M_11_sample_2C.primary.bam' mode='r' encoding='UTF-8'>
# stdlog                                  : <_io.TextIOWrapper name='<stdout>' mode='w' encoding='utf-8'>
# stdout                                  : <_io.TextIOWrapper name='/Users/drb_laptop/Documents/Tissue_specific_myeclium/analysis/bam_BOM_ss5/GPNJ7M_11_sample_2C.dedup.bam.part' mode='w' encoding='UTF-8'>
# subset                                  : None
# threshold                               : 1
# timeit_file                             : None
# timeit_header                           : None
# timeit_name                             : all
# tmpdir                                  : None
# umi_sep                                 : _
# umi_tag                                 : RX
# umi_tag_delim                           : None
# umi_tag_split                           : None
# umi_whitelist                           : None
# umi_whitelist_paired                    : None
# unmapped_reads                          : discard
# unpaired_reads                          : use
# whole_contig                            : False
2026-08-17 18:19:14,184 INFO command: dedup --stdin=/Users/drb_laptop/Documents/Tissue_specific_myeclium/analysis/bam_BOM_ss5/GPNJ7M_11_sample_2C.primary.bam --stdout=/Users/drb_laptop/Documents/Tissue_specific_myeclium/analysis/bam_BOM_ss5/GPNJ7M_11_sample_2C.dedup.bam.part --umi-separator=_ --method=directional
2026-08-17 18:19:17,634 INFO Written out 100000 reads
2026-08-17 18:19:23,322 INFO Written out 200000 reads
2026-08-17 18:19:29,735 INFO Written out 300000 reads
2026-08-17 18:19:32,724 INFO Written out 400000 reads
2026-08-17 18:19:35,424 INFO Written out 500000 reads
2026-08-17 18:19:39,171 INFO Written out 600000 reads
2026-08-17 18:19:45,929 INFO Written out 700000 reads
2026-08-17 18:19:48,743 INFO Written out 800000 reads
2026-08-17 18:19:48,972 INFO Parsed 1000000 input reads
2026-08-17 18:19:52,685 INFO Written out 900000 reads
2026-08-17 18:19:57,048 INFO Written out 1000000 reads
2026-08-17 18:20:02,280 INFO Written out 1100000 reads
2026-08-17 18:20:05,780 INFO Written out 1200000 reads
2026-08-17 18:20:10,515 INFO Written out 1300000 reads
2026-08-17 18:20:14,181 INFO Written out 1400000 reads
2026-08-17 18:20:19,511 INFO Written out 1500000 reads
2026-08-17 18:20:23,901 INFO Written out 1600000 reads
2026-08-17 18:20:27,356 INFO Parsed 2000000 input reads
2026-08-17 18:20:28,086 INFO Written out 1700000 reads
2026-08-17 18:20:30,281 INFO Written out 1800000 reads
2026-08-17 18:20:31,265 INFO Written out 1900000 reads
2026-08-17 18:20:34,052 INFO Reads: Input Reads: 2491932
2026-08-17 18:20:34,052 INFO Number of reads out: 1928438
2026-08-17 18:20:34,052 INFO Total number of positions deduplicated: 78387
2026-08-17 18:20:34,052 INFO Mean number of unique UMIs per position: 24.91
2026-08-17 18:20:34,052 INFO Max. number of unique UMIs per position: 23097
# job finished in 79 seconds at Mon Aug 17 18:20:34 2026 -- 79.62  1.07  0.00  0.00 -- f947dfd5-1caf-4f42-976a-3e8963c5694b
