# UMI-tools version: 1.1.6
# output generated by dedup --stdin=/Users/drb_laptop/Documents/Tissue_specific_myeclium/analysis/bam/GPNJ7M_4_sample_1D.primary.bam --stdout=/Users/drb_laptop/Documents/Tissue_specific_myeclium/analysis/bam/GPNJ7M_4_sample_1D.dedup.bam.part --umi-separator=_ --method=directional
# job started at Mon Aug 17 17:08:03 2026 on DRBs-MacBook-Pro.local -- c314b260-3b97-49d5-9ac6-8255ac81eade
# pid: 56447, system: Darwin 25.5.0 Darwin Kernel Version 25.5.0: Tue Jun  9 22:28:34 PDT 2026; root:xnu-12377.121.10~1/RELEASE_ARM64_T6050 x86_64
# assigned_tag                            : None
# cell_tag                                : None
# cell_tag_delim                          : None
# cell_tag_split                          : -
# chimeric_pairs                          : use
# chrom                                   : None
# compresslevel                           : 6
# detection_method                        : None
# filter_umi                              : None
# gene_tag                                : None
# gene_transcript_map                     : None
# get_umi_method                          : read_id
# ignore_tlen                             : False
# ignore_umi                              : False
# in_sam                                  : False
# log2stderr                              : False
# loglevel                                : 1
# mapping_quality                         : 0
# method                                  : directional
# no_sort_output                          : False
# out_sam                                 : False
# output_unmapped                         : False
# paired                                  : False
# per_cell                                : False
# per_contig                              : False
# per_gene                                : False
# random_seed                             : None
# read_length                             : False
# short_help                              : None
# skip_regex                              : ^(__|Unassigned)
# soft_clip_threshold                     : 4
# spliced                                 : False
# stats                                   : False
# stderr                                  : <_io.TextIOWrapper name='<stderr>' mode='w' encoding='utf-8'>
# stdin                                   : <_io.TextIOWrapper name='/Users/drb_laptop/Documents/Tissue_specific_myeclium/analysis/bam/GPNJ7M_4_sample_1D.primary.bam' mode='r' encoding='UTF-8'>
# stdlog                                  : <_io.TextIOWrapper name='<stdout>' mode='w' encoding='utf-8'>
# stdout                                  : <_io.TextIOWrapper name='/Users/drb_laptop/Documents/Tissue_specific_myeclium/analysis/bam/GPNJ7M_4_sample_1D.dedup.bam.part' mode='w' encoding='UTF-8'>
# subset                                  : None
# threshold                               : 1
# timeit_file                             : None
# timeit_header                           : None
# timeit_name                             : all
# tmpdir                                  : None
# umi_sep                                 : _
# umi_tag                                 : RX
# umi_tag_delim                           : None
# umi_tag_split                           : None
# umi_whitelist                           : None
# umi_whitelist_paired                    : None
# unmapped_reads                          : discard
# unpaired_reads                          : use
# whole_contig                            : False
2026-08-17 17:08:03,607 INFO command: dedup --stdin=/Users/drb_laptop/Documents/Tissue_specific_myeclium/analysis/bam/GPNJ7M_4_sample_1D.primary.bam --stdout=/Users/drb_laptop/Documents/Tissue_specific_myeclium/analysis/bam/GPNJ7M_4_sample_1D.dedup.bam.part --umi-separator=_ --method=directional
2026-08-17 17:08:06,913 INFO Written out 100000 reads
2026-08-17 17:08:11,014 INFO Written out 200000 reads
2026-08-17 17:08:14,598 INFO Written out 300000 reads
2026-08-17 17:08:19,407 INFO Written out 400000 reads
2026-08-17 17:08:22,284 INFO Written out 500000 reads
2026-08-17 17:08:25,778 INFO Written out 600000 reads
2026-08-17 17:08:30,509 INFO Written out 700000 reads
2026-08-17 17:08:34,513 INFO Written out 800000 reads
2026-08-17 17:08:36,025 INFO Parsed 1000000 input reads
2026-08-17 17:08:36,912 INFO Written out 900000 reads
2026-08-17 17:08:41,573 INFO Written out 1000000 reads
2026-08-17 17:08:45,936 INFO Written out 1100000 reads
2026-08-17 17:08:48,819 INFO Written out 1200000 reads
2026-08-17 17:08:52,367 INFO Written out 1300000 reads
2026-08-17 17:08:56,755 INFO Written out 1400000 reads
2026-08-17 17:09:00,046 INFO Written out 1500000 reads
2026-08-17 17:09:04,613 INFO Written out 1600000 reads
2026-08-17 17:09:09,218 INFO Written out 1700000 reads
2026-08-17 17:09:09,713 INFO Parsed 2000000 input reads
2026-08-17 17:09:11,920 INFO Written out 1800000 reads
2026-08-17 17:09:15,852 INFO Written out 1900000 reads
2026-08-17 17:09:20,605 INFO Written out 2000000 reads
2026-08-17 17:09:24,112 INFO Written out 2100000 reads
2026-08-17 17:09:27,236 INFO Written out 2200000 reads
2026-08-17 17:09:31,975 INFO Written out 2300000 reads
2026-08-17 17:09:35,578 INFO Written out 2400000 reads
2026-08-17 17:09:43,616 INFO Written out 2500000 reads
2026-08-17 17:09:43,772 INFO Parsed 3000000 input reads
2026-08-17 17:09:47,339 INFO Written out 2600000 reads
2026-08-17 17:09:50,240 INFO Written out 2700000 reads
2026-08-17 17:09:52,712 INFO Written out 2800000 reads
2026-08-17 17:09:53,531 INFO Parsed 4000000 input reads
2026-08-17 17:09:59,638 INFO Written out 2900000 reads
2026-08-17 17:10:09,609 INFO Written out 3000000 reads
2026-08-17 17:10:15,730 INFO Reads: Input Reads: 4496969
2026-08-17 17:10:15,730 INFO Number of reads out: 3068429
2026-08-17 17:10:15,730 INFO Total number of positions deduplicated: 50095
2026-08-17 17:10:15,730 INFO Mean number of unique UMIs per position: 61.98
2026-08-17 17:10:15,730 INFO Max. number of unique UMIs per position: 29562
# job finished in 132 seconds at Mon Aug 17 17:10:15 2026 -- 130.85  1.68  0.00  0.00 -- c314b260-3b97-49d5-9ac6-8255ac81eade
