# UMI-tools version: 1.1.6
# output generated by dedup --stdin=/Users/drb_laptop/Documents/Tissue_specific_myeclium/analysis/bam/GPNJ7M_12_sample_2D.primary.bam --stdout=/Users/drb_laptop/Documents/Tissue_specific_myeclium/analysis/bam/GPNJ7M_12_sample_2D.dedup.bam.part --umi-separator=_ --method=directional
# job started at Mon Aug 17 16:47:15 2026 on DRBs-MacBook-Pro.local -- 94a015c8-f54e-49c9-8281-6d75bcbbce24
# pid: 53692, system: Darwin 25.5.0 Darwin Kernel Version 25.5.0: Tue Jun  9 22:28:34 PDT 2026; root:xnu-12377.121.10~1/RELEASE_ARM64_T6050 x86_64
# assigned_tag                            : None
# cell_tag                                : None
# cell_tag_delim                          : None
# cell_tag_split                          : -
# chimeric_pairs                          : use
# chrom                                   : None
# compresslevel                           : 6
# detection_method                        : None
# filter_umi                              : None
# gene_tag                                : None
# gene_transcript_map                     : None
# get_umi_method                          : read_id
# ignore_tlen                             : False
# ignore_umi                              : False
# in_sam                                  : False
# log2stderr                              : False
# loglevel                                : 1
# mapping_quality                         : 0
# method                                  : directional
# no_sort_output                          : False
# out_sam                                 : False
# output_unmapped                         : False
# paired                                  : False
# per_cell                                : False
# per_contig                              : False
# per_gene                                : False
# random_seed                             : None
# read_length                             : False
# short_help                              : None
# skip_regex                              : ^(__|Unassigned)
# soft_clip_threshold                     : 4
# spliced                                 : False
# stats                                   : False
# stderr                                  : <_io.TextIOWrapper name='<stderr>' mode='w' encoding='utf-8'>
# stdin                                   : <_io.TextIOWrapper name='/Users/drb_laptop/Documents/Tissue_specific_myeclium/analysis/bam/GPNJ7M_12_sample_2D.primary.bam' mode='r' encoding='UTF-8'>
# stdlog                                  : <_io.TextIOWrapper name='<stdout>' mode='w' encoding='utf-8'>
# stdout                                  : <_io.TextIOWrapper name='/Users/drb_laptop/Documents/Tissue_specific_myeclium/analysis/bam/GPNJ7M_12_sample_2D.dedup.bam.part' mode='w' encoding='UTF-8'>
# subset                                  : None
# threshold                               : 1
# timeit_file                             : None
# timeit_header                           : None
# timeit_name                             : all
# tmpdir                                  : None
# umi_sep                                 : _
# umi_tag                                 : RX
# umi_tag_delim                           : None
# umi_tag_split                           : None
# umi_whitelist                           : None
# umi_whitelist_paired                    : None
# unmapped_reads                          : discard
# unpaired_reads                          : use
# whole_contig                            : False
2026-08-17 16:47:15,473 INFO command: dedup --stdin=/Users/drb_laptop/Documents/Tissue_specific_myeclium/analysis/bam/GPNJ7M_12_sample_2D.primary.bam --stdout=/Users/drb_laptop/Documents/Tissue_specific_myeclium/analysis/bam/GPNJ7M_12_sample_2D.dedup.bam.part --umi-separator=_ --method=directional
2026-08-17 16:47:17,748 INFO Written out 100000 reads
2026-08-17 16:47:19,916 INFO Written out 200000 reads
2026-08-17 16:47:22,790 INFO Written out 300000 reads
2026-08-17 16:47:24,941 INFO Written out 400000 reads
2026-08-17 16:47:27,655 INFO Written out 500000 reads
2026-08-17 16:47:30,252 INFO Written out 600000 reads
2026-08-17 16:47:32,192 INFO Written out 700000 reads
2026-08-17 16:47:34,854 INFO Written out 800000 reads
2026-08-17 16:47:35,698 INFO Parsed 1000000 input reads
2026-08-17 16:47:37,618 INFO Written out 900000 reads
2026-08-17 16:47:39,559 INFO Written out 1000000 reads
2026-08-17 16:47:42,215 INFO Written out 1100000 reads
2026-08-17 16:47:44,734 INFO Written out 1200000 reads
2026-08-17 16:47:46,742 INFO Written out 1300000 reads
2026-08-17 16:47:49,346 INFO Written out 1400000 reads
2026-08-17 16:47:52,241 INFO Reads: Input Reads: 1882409
2026-08-17 16:47:52,241 INFO Number of reads out: 1463440
2026-08-17 16:47:52,241 INFO Total number of positions deduplicated: 57932
2026-08-17 16:47:52,241 INFO Mean number of unique UMIs per position: 25.45
2026-08-17 16:47:52,241 INFO Max. number of unique UMIs per position: 10465
# job finished in 36 seconds at Mon Aug 17 16:47:52 2026 -- 36.85  0.89  0.00  0.00 -- 94a015c8-f54e-49c9-8281-6d75bcbbce24
