# UMI-tools version: 1.1.6
# output generated by dedup --stdin=/Users/drb_laptop/Documents/Tissue_specific_myeclium/analysis/bam/GPNJ7M_15_sample_2G.primary.bam --stdout=/Users/drb_laptop/Documents/Tissue_specific_myeclium/analysis/bam/GPNJ7M_15_sample_2G.dedup.bam.part --umi-separator=_ --method=directional
# job started at Mon Aug 17 16:54:37 2026 on DRBs-MacBook-Pro.local -- 5bd4cfb0-e778-4ce3-b7b8-17c47b753d72
# pid: 55653, system: Darwin 25.5.0 Darwin Kernel Version 25.5.0: Tue Jun  9 22:28:34 PDT 2026; root:xnu-12377.121.10~1/RELEASE_ARM64_T6050 x86_64
# assigned_tag                            : None
# cell_tag                                : None
# cell_tag_delim                          : None
# cell_tag_split                          : -
# chimeric_pairs                          : use
# chrom                                   : None
# compresslevel                           : 6
# detection_method                        : None
# filter_umi                              : None
# gene_tag                                : None
# gene_transcript_map                     : None
# get_umi_method                          : read_id
# ignore_tlen                             : False
# ignore_umi                              : False
# in_sam                                  : False
# log2stderr                              : False
# loglevel                                : 1
# mapping_quality                         : 0
# method                                  : directional
# no_sort_output                          : False
# out_sam                                 : False
# output_unmapped                         : False
# paired                                  : False
# per_cell                                : False
# per_contig                              : False
# per_gene                                : False
# random_seed                             : None
# read_length                             : False
# short_help                              : None
# skip_regex                              : ^(__|Unassigned)
# soft_clip_threshold                     : 4
# spliced                                 : False
# stats                                   : False
# stderr                                  : <_io.TextIOWrapper name='<stderr>' mode='w' encoding='utf-8'>
# stdin                                   : <_io.TextIOWrapper name='/Users/drb_laptop/Documents/Tissue_specific_myeclium/analysis/bam/GPNJ7M_15_sample_2G.primary.bam' mode='r' encoding='UTF-8'>
# stdlog                                  : <_io.TextIOWrapper name='<stdout>' mode='w' encoding='utf-8'>
# stdout                                  : <_io.TextIOWrapper name='/Users/drb_laptop/Documents/Tissue_specific_myeclium/analysis/bam/GPNJ7M_15_sample_2G.dedup.bam.part' mode='w' encoding='UTF-8'>
# subset                                  : None
# threshold                               : 1
# timeit_file                             : None
# timeit_header                           : None
# timeit_name                             : all
# tmpdir                                  : None
# umi_sep                                 : _
# umi_tag                                 : RX
# umi_tag_delim                           : None
# umi_tag_split                           : None
# umi_whitelist                           : None
# umi_whitelist_paired                    : None
# unmapped_reads                          : discard
# unpaired_reads                          : use
# whole_contig                            : False
2026-08-17 16:54:37,140 INFO command: dedup --stdin=/Users/drb_laptop/Documents/Tissue_specific_myeclium/analysis/bam/GPNJ7M_15_sample_2G.primary.bam --stdout=/Users/drb_laptop/Documents/Tissue_specific_myeclium/analysis/bam/GPNJ7M_15_sample_2G.dedup.bam.part --umi-separator=_ --method=directional
2026-08-17 16:54:39,353 INFO Written out 100000 reads
2026-08-17 16:54:41,951 INFO Written out 200000 reads
2026-08-17 16:54:43,919 INFO Written out 300000 reads
2026-08-17 16:54:46,856 INFO Written out 400000 reads
2026-08-17 16:54:49,247 INFO Written out 500000 reads
2026-08-17 16:54:51,689 INFO Written out 600000 reads
2026-08-17 16:54:54,143 INFO Written out 700000 reads
2026-08-17 16:54:56,595 INFO Written out 800000 reads
2026-08-17 16:54:56,963 INFO Parsed 1000000 input reads
2026-08-17 16:54:59,288 INFO Written out 900000 reads
2026-08-17 16:55:01,263 INFO Written out 1000000 reads
2026-08-17 16:55:03,474 INFO Written out 1100000 reads
2026-08-17 16:55:10,897 INFO Written out 1200000 reads
2026-08-17 16:55:15,013 INFO Written out 1300000 reads
2026-08-17 16:55:15,017 INFO Parsed 2000000 input reads
2026-08-17 16:55:18,090 INFO Written out 1400000 reads
2026-08-17 16:55:24,356 INFO Written out 1500000 reads
2026-08-17 16:55:32,824 INFO Written out 1600000 reads
2026-08-17 16:55:35,332 INFO Reads: Input Reads: 2653919
2026-08-17 16:55:35,333 INFO Number of reads out: 1616120
2026-08-17 16:55:35,333 INFO Total number of positions deduplicated: 56549
2026-08-17 16:55:35,333 INFO Mean number of unique UMIs per position: 28.89
2026-08-17 16:55:35,333 INFO Max. number of unique UMIs per position: 28222
# job finished in 58 seconds at Mon Aug 17 16:55:35 2026 -- 56.05  1.88  0.00  0.00 -- 5bd4cfb0-e778-4ce3-b7b8-17c47b753d72
