# UMI-tools version: 1.1.6
# output generated by dedup --stdin=/Users/drb_laptop/Documents/Tissue_specific_myeclium/analysis/bam/GPNJ7M_3_sample_1C.primary.bam --stdout=/Users/drb_laptop/Documents/Tissue_specific_myeclium/analysis/bam/GPNJ7M_3_sample_1C.dedup.bam.part --umi-separator=_ --method=directional
# job started at Mon Aug 17 17:07:06 2026 on DRBs-MacBook-Pro.local -- fee5565b-b148-46a6-a89b-dcbd940a31da
# pid: 56388, system: Darwin 25.5.0 Darwin Kernel Version 25.5.0: Tue Jun  9 22:28:34 PDT 2026; root:xnu-12377.121.10~1/RELEASE_ARM64_T6050 x86_64
# assigned_tag                            : None
# cell_tag                                : None
# cell_tag_delim                          : None
# cell_tag_split                          : -
# chimeric_pairs                          : use
# chrom                                   : None
# compresslevel                           : 6
# detection_method                        : None
# filter_umi                              : None
# gene_tag                                : None
# gene_transcript_map                     : None
# get_umi_method                          : read_id
# ignore_tlen                             : False
# ignore_umi                              : False
# in_sam                                  : False
# log2stderr                              : False
# loglevel                                : 1
# mapping_quality                         : 0
# method                                  : directional
# no_sort_output                          : False
# out_sam                                 : False
# output_unmapped                         : False
# paired                                  : False
# per_cell                                : False
# per_contig                              : False
# per_gene                                : False
# random_seed                             : None
# read_length                             : False
# short_help                              : None
# skip_regex                              : ^(__|Unassigned)
# soft_clip_threshold                     : 4
# spliced                                 : False
# stats                                   : False
# stderr                                  : <_io.TextIOWrapper name='<stderr>' mode='w' encoding='utf-8'>
# stdin                                   : <_io.TextIOWrapper name='/Users/drb_laptop/Documents/Tissue_specific_myeclium/analysis/bam/GPNJ7M_3_sample_1C.primary.bam' mode='r' encoding='UTF-8'>
# stdlog                                  : <_io.TextIOWrapper name='<stdout>' mode='w' encoding='utf-8'>
# stdout                                  : <_io.TextIOWrapper name='/Users/drb_laptop/Documents/Tissue_specific_myeclium/analysis/bam/GPNJ7M_3_sample_1C.dedup.bam.part' mode='w' encoding='UTF-8'>
# subset                                  : None
# threshold                               : 1
# timeit_file                             : None
# timeit_header                           : None
# timeit_name                             : all
# tmpdir                                  : None
# umi_sep                                 : _
# umi_tag                                 : RX
# umi_tag_delim                           : None
# umi_tag_split                           : None
# umi_whitelist                           : None
# umi_whitelist_paired                    : None
# unmapped_reads                          : discard
# unpaired_reads                          : use
# whole_contig                            : False
2026-08-17 17:07:06,208 INFO command: dedup --stdin=/Users/drb_laptop/Documents/Tissue_specific_myeclium/analysis/bam/GPNJ7M_3_sample_1C.primary.bam --stdout=/Users/drb_laptop/Documents/Tissue_specific_myeclium/analysis/bam/GPNJ7M_3_sample_1C.dedup.bam.part --umi-separator=_ --method=directional
2026-08-17 17:07:08,016 INFO Written out 100000 reads
2026-08-17 17:07:09,768 INFO Written out 200000 reads
2026-08-17 17:07:10,996 INFO Written out 300000 reads
2026-08-17 17:07:12,830 INFO Written out 400000 reads
2026-08-17 17:07:14,503 INFO Written out 500000 reads
2026-08-17 17:07:16,058 INFO Written out 600000 reads
2026-08-17 17:07:17,622 INFO Written out 700000 reads
2026-08-17 17:07:19,333 INFO Written out 800000 reads
2026-08-17 17:07:19,907 INFO Parsed 1000000 input reads
2026-08-17 17:07:21,118 INFO Written out 900000 reads
2026-08-17 17:07:22,374 INFO Written out 1000000 reads
2026-08-17 17:07:24,761 INFO Reads: Input Reads: 1314922
2026-08-17 17:07:24,762 INFO Number of reads out: 1071235
2026-08-17 17:07:24,762 INFO Total number of positions deduplicated: 28807
2026-08-17 17:07:24,762 INFO Mean number of unique UMIs per position: 37.76
2026-08-17 17:07:24,762 INFO Max. number of unique UMIs per position: 7455
# job finished in 18 seconds at Mon Aug 17 17:07:24 2026 -- 18.98  0.56  0.00  0.00 -- fee5565b-b148-46a6-a89b-dcbd940a31da
