# UMI-tools version: 1.1.6
# output generated by dedup --stdin=/Users/drb_laptop/Documents/Tissue_specific_myeclium/analysis/bam_BOM_ss5/GPNJ7M_9_sample_2A.primary.bam --stdout=/Users/drb_laptop/Documents/Tissue_specific_myeclium/analysis/bam_BOM_ss5/GPNJ7M_9_sample_2A.dedup.bam.part --umi-separator=_ --method=directional
# job started at Mon Aug 17 19:20:05 2026 on DRBs-MacBook-Pro.local -- 918e6f1e-55ec-4264-89db-b274b080d17a
# pid: 60869, system: Darwin 25.5.0 Darwin Kernel Version 25.5.0: Tue Jun  9 22:28:34 PDT 2026; root:xnu-12377.121.10~1/RELEASE_ARM64_T6050 x86_64
# assigned_tag                            : None
# cell_tag                                : None
# cell_tag_delim                          : None
# cell_tag_split                          : -
# chimeric_pairs                          : use
# chrom                                   : None
# compresslevel                           : 6
# detection_method                        : None
# filter_umi                              : None
# gene_tag                                : None
# gene_transcript_map                     : None
# get_umi_method                          : read_id
# ignore_tlen                             : False
# ignore_umi                              : False
# in_sam                                  : False
# log2stderr                              : False
# loglevel                                : 1
# mapping_quality                         : 0
# method                                  : directional
# no_sort_output                          : False
# out_sam                                 : False
# output_unmapped                         : False
# paired                                  : False
# per_cell                                : False
# per_contig                              : False
# per_gene                                : False
# random_seed                             : None
# read_length                             : False
# short_help                              : None
# skip_regex                              : ^(__|Unassigned)
# soft_clip_threshold                     : 4
# spliced                                 : False
# stats                                   : False
# stderr                                  : <_io.TextIOWrapper name='<stderr>' mode='w' encoding='utf-8'>
# stdin                                   : <_io.TextIOWrapper name='/Users/drb_laptop/Documents/Tissue_specific_myeclium/analysis/bam_BOM_ss5/GPNJ7M_9_sample_2A.primary.bam' mode='r' encoding='UTF-8'>
# stdlog                                  : <_io.TextIOWrapper name='<stdout>' mode='w' encoding='utf-8'>
# stdout                                  : <_io.TextIOWrapper name='/Users/drb_laptop/Documents/Tissue_specific_myeclium/analysis/bam_BOM_ss5/GPNJ7M_9_sample_2A.dedup.bam.part' mode='w' encoding='UTF-8'>
# subset                                  : None
# threshold                               : 1
# timeit_file                             : None
# timeit_header                           : None
# timeit_name                             : all
# tmpdir                                  : None
# umi_sep                                 : _
# umi_tag                                 : RX
# umi_tag_delim                           : None
# umi_tag_split                           : None
# umi_whitelist                           : None
# umi_whitelist_paired                    : None
# unmapped_reads                          : discard
# unpaired_reads                          : use
# whole_contig                            : False
2026-08-17 19:20:05,340 INFO command: dedup --stdin=/Users/drb_laptop/Documents/Tissue_specific_myeclium/analysis/bam_BOM_ss5/GPNJ7M_9_sample_2A.primary.bam --stdout=/Users/drb_laptop/Documents/Tissue_specific_myeclium/analysis/bam_BOM_ss5/GPNJ7M_9_sample_2A.dedup.bam.part --umi-separator=_ --method=directional
2026-08-17 19:20:09,188 INFO Written out 100000 reads
2026-08-17 19:20:16,393 INFO Written out 200000 reads
2026-08-17 19:20:20,223 INFO Written out 300000 reads
2026-08-17 19:20:23,813 INFO Written out 400000 reads
2026-08-17 19:20:26,370 INFO Written out 500000 reads
2026-08-17 19:20:31,553 INFO Written out 600000 reads
2026-08-17 19:20:35,131 INFO Written out 700000 reads
2026-08-17 19:20:39,723 INFO Written out 800000 reads
2026-08-17 19:20:40,406 INFO Parsed 1000000 input reads
2026-08-17 19:20:44,086 INFO Written out 900000 reads
2026-08-17 19:20:47,719 INFO Written out 1000000 reads
2026-08-17 19:20:52,723 INFO Written out 1100000 reads
2026-08-17 19:20:56,735 INFO Written out 1200000 reads
2026-08-17 19:21:01,769 INFO Written out 1300000 reads
2026-08-17 19:21:07,653 INFO Written out 1400000 reads
2026-08-17 19:21:10,444 INFO Written out 1500000 reads
2026-08-17 19:21:14,341 INFO Written out 1600000 reads
2026-08-17 19:21:14,440 INFO Parsed 2000000 input reads
2026-08-17 19:21:15,861 INFO Written out 1700000 reads
2026-08-17 19:21:18,703 INFO Reads: Input Reads: 2265692
2026-08-17 19:21:18,703 INFO Number of reads out: 1742852
2026-08-17 19:21:18,703 INFO Total number of positions deduplicated: 29231
2026-08-17 19:21:18,703 INFO Mean number of unique UMIs per position: 60.45
2026-08-17 19:21:18,703 INFO Max. number of unique UMIs per position: 22354
# job finished in 73 seconds at Mon Aug 17 19:21:18 2026 -- 73.29  0.97  0.00  0.00 -- 918e6f1e-55ec-4264-89db-b274b080d17a
