# UMI-tools version: 1.1.6
# output generated by dedup --stdin=/Users/drb_laptop/Documents/Tissue_specific_myeclium/analysis/bam/GPNJ7M_9_sample_2A.primary.bam --stdout=/Users/drb_laptop/Documents/Tissue_specific_myeclium/analysis/bam/GPNJ7M_9_sample_2A.dedup.bam.part --umi-separator=_ --method=directional
# job started at Mon Aug 17 17:37:16 2026 on DRBs-MacBook-Pro.local -- cc8ccb40-9452-4b6a-a0c7-ecba6345ae70
# pid: 57757, system: Darwin 25.5.0 Darwin Kernel Version 25.5.0: Tue Jun  9 22:28:34 PDT 2026; root:xnu-12377.121.10~1/RELEASE_ARM64_T6050 x86_64
# assigned_tag                            : None
# cell_tag                                : None
# cell_tag_delim                          : None
# cell_tag_split                          : -
# chimeric_pairs                          : use
# chrom                                   : None
# compresslevel                           : 6
# detection_method                        : None
# filter_umi                              : None
# gene_tag                                : None
# gene_transcript_map                     : None
# get_umi_method                          : read_id
# ignore_tlen                             : False
# ignore_umi                              : False
# in_sam                                  : False
# log2stderr                              : False
# loglevel                                : 1
# mapping_quality                         : 0
# method                                  : directional
# no_sort_output                          : False
# out_sam                                 : False
# output_unmapped                         : False
# paired                                  : False
# per_cell                                : False
# per_contig                              : False
# per_gene                                : False
# random_seed                             : None
# read_length                             : False
# short_help                              : None
# skip_regex                              : ^(__|Unassigned)
# soft_clip_threshold                     : 4
# spliced                                 : False
# stats                                   : False
# stderr                                  : <_io.TextIOWrapper name='<stderr>' mode='w' encoding='utf-8'>
# stdin                                   : <_io.TextIOWrapper name='/Users/drb_laptop/Documents/Tissue_specific_myeclium/analysis/bam/GPNJ7M_9_sample_2A.primary.bam' mode='r' encoding='UTF-8'>
# stdlog                                  : <_io.TextIOWrapper name='<stdout>' mode='w' encoding='utf-8'>
# stdout                                  : <_io.TextIOWrapper name='/Users/drb_laptop/Documents/Tissue_specific_myeclium/analysis/bam/GPNJ7M_9_sample_2A.dedup.bam.part' mode='w' encoding='UTF-8'>
# subset                                  : None
# threshold                               : 1
# timeit_file                             : None
# timeit_header                           : None
# timeit_name                             : all
# tmpdir                                  : None
# umi_sep                                 : _
# umi_tag                                 : RX
# umi_tag_delim                           : None
# umi_tag_split                           : None
# umi_whitelist                           : None
# umi_whitelist_paired                    : None
# unmapped_reads                          : discard
# unpaired_reads                          : use
# whole_contig                            : False
2026-08-17 17:37:16,174 INFO command: dedup --stdin=/Users/drb_laptop/Documents/Tissue_specific_myeclium/analysis/bam/GPNJ7M_9_sample_2A.primary.bam --stdout=/Users/drb_laptop/Documents/Tissue_specific_myeclium/analysis/bam/GPNJ7M_9_sample_2A.dedup.bam.part --umi-separator=_ --method=directional
2026-08-17 17:37:19,102 INFO Written out 100000 reads
2026-08-17 17:37:22,283 INFO Written out 200000 reads
2026-08-17 17:37:25,189 INFO Written out 300000 reads
2026-08-17 17:37:28,150 INFO Written out 400000 reads
2026-08-17 17:37:31,087 INFO Written out 500000 reads
2026-08-17 17:37:34,158 INFO Written out 600000 reads
2026-08-17 17:37:37,059 INFO Written out 700000 reads
2026-08-17 17:37:40,678 INFO Written out 800000 reads
2026-08-17 17:37:42,628 INFO Parsed 1000000 input reads
2026-08-17 17:37:42,947 INFO Written out 900000 reads
2026-08-17 17:37:46,573 INFO Written out 1000000 reads
2026-08-17 17:37:48,861 INFO Written out 1100000 reads
2026-08-17 17:37:52,588 INFO Written out 1200000 reads
2026-08-17 17:37:55,588 INFO Written out 1300000 reads
2026-08-17 17:37:58,414 INFO Written out 1400000 reads
2026-08-17 17:38:01,453 INFO Written out 1500000 reads
2026-08-17 17:38:04,365 INFO Written out 1600000 reads
2026-08-17 17:38:07,714 INFO Written out 1700000 reads
2026-08-17 17:38:07,799 INFO Parsed 2000000 input reads
2026-08-17 17:38:09,201 INFO Written out 1800000 reads
2026-08-17 17:38:11,928 INFO Reads: Input Reads: 2240053
2026-08-17 17:38:11,928 INFO Number of reads out: 1826972
2026-08-17 17:38:11,928 INFO Total number of positions deduplicated: 32175
2026-08-17 17:38:11,928 INFO Mean number of unique UMIs per position: 57.35
2026-08-17 17:38:11,928 INFO Max. number of unique UMIs per position: 14705
# job finished in 55 seconds at Mon Aug 17 17:38:11 2026 -- 55.95  0.74  0.00  0.00 -- cc8ccb40-9452-4b6a-a0c7-ecba6345ae70
