# UMI-tools version: 1.1.6
# output generated by dedup --stdin=/Users/drb_laptop/Documents/Tissue_specific_myeclium/analysis/bam/GPNJ7M_11_sample_2C.primary.bam --stdout=/Users/drb_laptop/Documents/Tissue_specific_myeclium/analysis/bam/GPNJ7M_11_sample_2C.dedup.bam.part --umi-separator=_ --method=directional
# job started at Mon Aug 17 16:45:51 2026 on DRBs-MacBook-Pro.local -- 928e741e-e325-4133-a83f-659e498cf9f2
# pid: 53649, system: Darwin 25.5.0 Darwin Kernel Version 25.5.0: Tue Jun  9 22:28:34 PDT 2026; root:xnu-12377.121.10~1/RELEASE_ARM64_T6050 x86_64
# assigned_tag                            : None
# cell_tag                                : None
# cell_tag_delim                          : None
# cell_tag_split                          : -
# chimeric_pairs                          : use
# chrom                                   : None
# compresslevel                           : 6
# detection_method                        : None
# filter_umi                              : None
# gene_tag                                : None
# gene_transcript_map                     : None
# get_umi_method                          : read_id
# ignore_tlen                             : False
# ignore_umi                              : False
# in_sam                                  : False
# log2stderr                              : False
# loglevel                                : 1
# mapping_quality                         : 0
# method                                  : directional
# no_sort_output                          : False
# out_sam                                 : False
# output_unmapped                         : False
# paired                                  : False
# per_cell                                : False
# per_contig                              : False
# per_gene                                : False
# random_seed                             : None
# read_length                             : False
# short_help                              : None
# skip_regex                              : ^(__|Unassigned)
# soft_clip_threshold                     : 4
# spliced                                 : False
# stats                                   : False
# stderr                                  : <_io.TextIOWrapper name='<stderr>' mode='w' encoding='utf-8'>
# stdin                                   : <_io.TextIOWrapper name='/Users/drb_laptop/Documents/Tissue_specific_myeclium/analysis/bam/GPNJ7M_11_sample_2C.primary.bam' mode='r' encoding='UTF-8'>
# stdlog                                  : <_io.TextIOWrapper name='<stdout>' mode='w' encoding='utf-8'>
# stdout                                  : <_io.TextIOWrapper name='/Users/drb_laptop/Documents/Tissue_specific_myeclium/analysis/bam/GPNJ7M_11_sample_2C.dedup.bam.part' mode='w' encoding='UTF-8'>
# subset                                  : None
# threshold                               : 1
# timeit_file                             : None
# timeit_header                           : None
# timeit_name                             : all
# tmpdir                                  : None
# umi_sep                                 : _
# umi_tag                                 : RX
# umi_tag_delim                           : None
# umi_tag_split                           : None
# umi_whitelist                           : None
# umi_whitelist_paired                    : None
# unmapped_reads                          : discard
# unpaired_reads                          : use
# whole_contig                            : False
2026-08-17 16:45:51,065 INFO command: dedup --stdin=/Users/drb_laptop/Documents/Tissue_specific_myeclium/analysis/bam/GPNJ7M_11_sample_2C.primary.bam --stdout=/Users/drb_laptop/Documents/Tissue_specific_myeclium/analysis/bam/GPNJ7M_11_sample_2C.dedup.bam.part --umi-separator=_ --method=directional
2026-08-17 16:45:53,458 INFO Written out 100000 reads
2026-08-17 16:45:56,491 INFO Written out 200000 reads
2026-08-17 16:45:58,946 INFO Written out 300000 reads
2026-08-17 16:46:02,737 INFO Written out 400000 reads
2026-08-17 16:46:05,323 INFO Written out 500000 reads
2026-08-17 16:46:09,166 INFO Written out 600000 reads
2026-08-17 16:46:11,813 INFO Written out 700000 reads
2026-08-17 16:46:15,680 INFO Written out 800000 reads
2026-08-17 16:46:17,263 INFO Parsed 1000000 input reads
2026-08-17 16:46:18,689 INFO Written out 900000 reads
2026-08-17 16:46:21,123 INFO Written out 1000000 reads
2026-08-17 16:46:25,214 INFO Written out 1100000 reads
2026-08-17 16:46:27,821 INFO Written out 1200000 reads
2026-08-17 16:46:31,795 INFO Written out 1300000 reads
2026-08-17 16:46:34,332 INFO Written out 1400000 reads
2026-08-17 16:46:37,390 INFO Written out 1500000 reads
2026-08-17 16:46:40,629 INFO Written out 1600000 reads
2026-08-17 16:46:43,906 INFO Written out 1700000 reads
2026-08-17 16:46:45,115 INFO Parsed 2000000 input reads
2026-08-17 16:46:47,100 INFO Written out 1800000 reads
2026-08-17 16:46:49,374 INFO Written out 1900000 reads
2026-08-17 16:46:52,946 INFO Reads: Input Reads: 2430494
2026-08-17 16:46:52,947 INFO Number of reads out: 1997853
2026-08-17 16:46:52,947 INFO Total number of positions deduplicated: 75299
2026-08-17 16:46:52,947 INFO Mean number of unique UMIs per position: 26.77
2026-08-17 16:46:52,947 INFO Max. number of unique UMIs per position: 14908
# job finished in 61 seconds at Mon Aug 17 16:46:52 2026 -- 61.37  1.39  0.00  0.00 -- 928e741e-e325-4133-a83f-659e498cf9f2
