# UMI-tools version: 1.1.6
# output generated by dedup --stdin=/Users/drb_laptop/Documents/Tissue_specific_myeclium/analysis/bam/GPNJ7M_2_sample_1B.primary.bam --stdout=/Users/drb_laptop/Documents/Tissue_specific_myeclium/analysis/bam/GPNJ7M_2_sample_1B.dedup.bam.part --umi-separator=_ --method=directional
# job started at Mon Aug 17 17:04:20 2026 on DRBs-MacBook-Pro.local -- 304ecb43-e1a1-4fbd-91a5-a15062f04504
# pid: 56258, system: Darwin 25.5.0 Darwin Kernel Version 25.5.0: Tue Jun  9 22:28:34 PDT 2026; root:xnu-12377.121.10~1/RELEASE_ARM64_T6050 x86_64
# assigned_tag                            : None
# cell_tag                                : None
# cell_tag_delim                          : None
# cell_tag_split                          : -
# chimeric_pairs                          : use
# chrom                                   : None
# compresslevel                           : 6
# detection_method                        : None
# filter_umi                              : None
# gene_tag                                : None
# gene_transcript_map                     : None
# get_umi_method                          : read_id
# ignore_tlen                             : False
# ignore_umi                              : False
# in_sam                                  : False
# log2stderr                              : False
# loglevel                                : 1
# mapping_quality                         : 0
# method                                  : directional
# no_sort_output                          : False
# out_sam                                 : False
# output_unmapped                         : False
# paired                                  : False
# per_cell                                : False
# per_contig                              : False
# per_gene                                : False
# random_seed                             : None
# read_length                             : False
# short_help                              : None
# skip_regex                              : ^(__|Unassigned)
# soft_clip_threshold                     : 4
# spliced                                 : False
# stats                                   : False
# stderr                                  : <_io.TextIOWrapper name='<stderr>' mode='w' encoding='utf-8'>
# stdin                                   : <_io.TextIOWrapper name='/Users/drb_laptop/Documents/Tissue_specific_myeclium/analysis/bam/GPNJ7M_2_sample_1B.primary.bam' mode='r' encoding='UTF-8'>
# stdlog                                  : <_io.TextIOWrapper name='<stdout>' mode='w' encoding='utf-8'>
# stdout                                  : <_io.TextIOWrapper name='/Users/drb_laptop/Documents/Tissue_specific_myeclium/analysis/bam/GPNJ7M_2_sample_1B.dedup.bam.part' mode='w' encoding='UTF-8'>
# subset                                  : None
# threshold                               : 1
# timeit_file                             : None
# timeit_header                           : None
# timeit_name                             : all
# tmpdir                                  : None
# umi_sep                                 : _
# umi_tag                                 : RX
# umi_tag_delim                           : None
# umi_tag_split                           : None
# umi_whitelist                           : None
# umi_whitelist_paired                    : None
# unmapped_reads                          : discard
# unpaired_reads                          : use
# whole_contig                            : False
2026-08-17 17:04:20,971 INFO command: dedup --stdin=/Users/drb_laptop/Documents/Tissue_specific_myeclium/analysis/bam/GPNJ7M_2_sample_1B.primary.bam --stdout=/Users/drb_laptop/Documents/Tissue_specific_myeclium/analysis/bam/GPNJ7M_2_sample_1B.dedup.bam.part --umi-separator=_ --method=directional
2026-08-17 17:04:24,794 INFO Written out 100000 reads
2026-08-17 17:04:28,415 INFO Written out 200000 reads
2026-08-17 17:04:33,581 INFO Written out 300000 reads
2026-08-17 17:04:36,443 INFO Written out 400000 reads
2026-08-17 17:04:42,317 INFO Written out 500000 reads
2026-08-17 17:04:45,274 INFO Written out 600000 reads
2026-08-17 17:04:49,703 INFO Written out 700000 reads
2026-08-17 17:04:55,779 INFO Written out 800000 reads
2026-08-17 17:04:56,481 INFO Parsed 1000000 input reads
2026-08-17 17:04:58,778 INFO Written out 900000 reads
2026-08-17 17:05:03,220 INFO Written out 1000000 reads
2026-08-17 17:05:07,387 INFO Written out 1100000 reads
2026-08-17 17:05:11,133 INFO Written out 1200000 reads
2026-08-17 17:05:13,699 INFO Written out 1300000 reads
2026-08-17 17:05:19,903 INFO Written out 1400000 reads
2026-08-17 17:05:24,476 INFO Written out 1500000 reads
2026-08-17 17:05:28,285 INFO Written out 1600000 reads
2026-08-17 17:05:28,546 INFO Parsed 2000000 input reads
2026-08-17 17:05:32,030 INFO Written out 1700000 reads
2026-08-17 17:05:37,248 INFO Written out 1800000 reads
2026-08-17 17:05:40,820 INFO Written out 1900000 reads
2026-08-17 17:05:43,713 INFO Written out 2000000 reads
2026-08-17 17:05:49,581 INFO Written out 2100000 reads
2026-08-17 17:05:54,215 INFO Written out 2200000 reads
2026-08-17 17:05:56,995 INFO Written out 2300000 reads
2026-08-17 17:06:02,711 INFO Written out 2400000 reads
2026-08-17 17:06:05,711 INFO Parsed 3000000 input reads
2026-08-17 17:06:05,846 INFO Written out 2500000 reads
2026-08-17 17:06:10,930 INFO Written out 2600000 reads
2026-08-17 17:06:14,528 INFO Written out 2700000 reads
2026-08-17 17:06:18,195 INFO Written out 2800000 reads
2026-08-17 17:06:23,003 INFO Written out 2900000 reads
2026-08-17 17:06:28,001 INFO Written out 3000000 reads
2026-08-17 17:06:29,679 INFO Written out 3100000 reads
2026-08-17 17:06:29,807 INFO Parsed 4000000 input reads
2026-08-17 17:06:32,656 INFO Written out 3200000 reads
2026-08-17 17:06:38,439 INFO Written out 3300000 reads
2026-08-17 17:06:47,689 INFO Reads: Input Reads: 4578256
2026-08-17 17:06:47,690 INFO Number of reads out: 3392039
2026-08-17 17:06:47,690 INFO Total number of positions deduplicated: 49959
2026-08-17 17:06:47,690 INFO Mean number of unique UMIs per position: 69.65
2026-08-17 17:06:47,690 INFO Max. number of unique UMIs per position: 24194
# job finished in 146 seconds at Mon Aug 17 17:06:47 2026 -- 145.20  2.23  0.00  0.00 -- 304ecb43-e1a1-4fbd-91a5-a15062f04504
