# UMI-tools version: 1.1.6
# output generated by dedup --stdin=/Users/drb_laptop/Documents/Tissue_specific_myeclium/analysis/bam/GPNJ7M_14_sample_2F.primary.bam --stdout=/Users/drb_laptop/Documents/Tissue_specific_myeclium/analysis/bam/GPNJ7M_14_sample_2F.dedup.bam.part --umi-separator=_ --method=directional
# job started at Mon Aug 17 16:49:47 2026 on DRBs-MacBook-Pro.local -- fc0b8463-7f47-4f02-9e3b-e207f1e2782d
# pid: 54162, system: Darwin 25.5.0 Darwin Kernel Version 25.5.0: Tue Jun  9 22:28:34 PDT 2026; root:xnu-12377.121.10~1/RELEASE_ARM64_T6050 x86_64
# assigned_tag                            : None
# cell_tag                                : None
# cell_tag_delim                          : None
# cell_tag_split                          : -
# chimeric_pairs                          : use
# chrom                                   : None
# compresslevel                           : 6
# detection_method                        : None
# filter_umi                              : None
# gene_tag                                : None
# gene_transcript_map                     : None
# get_umi_method                          : read_id
# ignore_tlen                             : False
# ignore_umi                              : False
# in_sam                                  : False
# log2stderr                              : False
# loglevel                                : 1
# mapping_quality                         : 0
# method                                  : directional
# no_sort_output                          : False
# out_sam                                 : False
# output_unmapped                         : False
# paired                                  : False
# per_cell                                : False
# per_contig                              : False
# per_gene                                : False
# random_seed                             : None
# read_length                             : False
# short_help                              : None
# skip_regex                              : ^(__|Unassigned)
# soft_clip_threshold                     : 4
# spliced                                 : False
# stats                                   : False
# stderr                                  : <_io.TextIOWrapper name='<stderr>' mode='w' encoding='utf-8'>
# stdin                                   : <_io.TextIOWrapper name='/Users/drb_laptop/Documents/Tissue_specific_myeclium/analysis/bam/GPNJ7M_14_sample_2F.primary.bam' mode='r' encoding='UTF-8'>
# stdlog                                  : <_io.TextIOWrapper name='<stdout>' mode='w' encoding='utf-8'>
# stdout                                  : <_io.TextIOWrapper name='/Users/drb_laptop/Documents/Tissue_specific_myeclium/analysis/bam/GPNJ7M_14_sample_2F.dedup.bam.part' mode='w' encoding='UTF-8'>
# subset                                  : None
# threshold                               : 1
# timeit_file                             : None
# timeit_header                           : None
# timeit_name                             : all
# tmpdir                                  : None
# umi_sep                                 : _
# umi_tag                                 : RX
# umi_tag_delim                           : None
# umi_tag_split                           : None
# umi_whitelist                           : None
# umi_whitelist_paired                    : None
# unmapped_reads                          : discard
# unpaired_reads                          : use
# whole_contig                            : False
2026-08-17 16:49:47,227 INFO command: dedup --stdin=/Users/drb_laptop/Documents/Tissue_specific_myeclium/analysis/bam/GPNJ7M_14_sample_2F.primary.bam --stdout=/Users/drb_laptop/Documents/Tissue_specific_myeclium/analysis/bam/GPNJ7M_14_sample_2F.dedup.bam.part --umi-separator=_ --method=directional
2026-08-17 16:49:52,673 INFO Written out 100000 reads
2026-08-17 16:50:00,031 INFO Written out 200000 reads
2026-08-17 16:50:01,838 INFO Written out 300000 reads
2026-08-17 16:50:11,289 INFO Written out 400000 reads
2026-08-17 16:50:15,592 INFO Written out 500000 reads
2026-08-17 16:50:26,691 INFO Written out 600000 reads
2026-08-17 16:50:28,871 INFO Written out 700000 reads
2026-08-17 16:50:34,026 INFO Written out 800000 reads
2026-08-17 16:50:37,545 INFO Parsed 1000000 input reads
2026-08-17 16:50:41,358 INFO Written out 900000 reads
2026-08-17 16:50:48,022 INFO Written out 1000000 reads
2026-08-17 16:50:55,390 INFO Written out 1100000 reads
2026-08-17 16:50:59,453 INFO Written out 1200000 reads
2026-08-17 16:51:07,343 INFO Written out 1300000 reads
2026-08-17 16:51:10,450 INFO Written out 1400000 reads
2026-08-17 16:51:21,495 INFO Written out 1500000 reads
2026-08-17 16:51:25,058 INFO Written out 1600000 reads
2026-08-17 16:51:27,190 INFO Parsed 2000000 input reads
2026-08-17 16:51:31,992 INFO Written out 1700000 reads
2026-08-17 16:51:38,493 INFO Written out 1800000 reads
2026-08-17 16:51:45,777 INFO Written out 1900000 reads
2026-08-17 16:51:48,227 INFO Written out 2000000 reads
2026-08-17 16:51:51,793 INFO Written out 2100000 reads
2026-08-17 16:52:02,665 INFO Written out 2200000 reads
2026-08-17 16:52:08,030 INFO Written out 2300000 reads
2026-08-17 16:52:13,821 INFO Written out 2400000 reads
2026-08-17 16:52:17,336 INFO Written out 2500000 reads
2026-08-17 16:52:17,687 INFO Parsed 3000000 input reads
2026-08-17 16:52:27,572 INFO Written out 2600000 reads
2026-08-17 16:52:30,380 INFO Written out 2700000 reads
2026-08-17 16:52:38,210 INFO Written out 2800000 reads
2026-08-17 16:52:42,057 INFO Written out 2900000 reads
2026-08-17 16:52:49,314 INFO Written out 3000000 reads
2026-08-17 16:52:55,730 INFO Written out 3100000 reads
2026-08-17 16:53:03,154 INFO Written out 3200000 reads
2026-08-17 16:53:07,809 INFO Written out 3300000 reads
2026-08-17 16:53:08,925 INFO Parsed 4000000 input reads
2026-08-17 16:53:09,956 INFO Written out 3400000 reads
2026-08-17 16:53:20,216 INFO Written out 3500000 reads
2026-08-17 16:53:24,979 INFO Written out 3600000 reads
2026-08-17 16:53:30,617 INFO Written out 3700000 reads
2026-08-17 16:53:37,393 INFO Written out 3800000 reads
2026-08-17 16:53:39,955 INFO Written out 3900000 reads
2026-08-17 16:53:42,288 INFO Parsed 5000000 input reads
2026-08-17 16:53:43,411 INFO Written out 4000000 reads
2026-08-17 16:53:51,617 INFO Written out 4100000 reads
2026-08-17 16:54:02,428 INFO Written out 4200000 reads
2026-08-17 16:54:03,710 INFO Written out 4300000 reads
2026-08-17 16:54:10,696 INFO Reads: Input Reads: 5697752
2026-08-17 16:54:10,696 INFO Number of reads out: 4301346
2026-08-17 16:54:10,696 INFO Total number of positions deduplicated: 65098
2026-08-17 16:54:10,696 INFO Mean number of unique UMIs per position: 67.78
2026-08-17 16:54:10,696 INFO Max. number of unique UMIs per position: 32230
# job finished in 263 seconds at Mon Aug 17 16:54:10 2026 -- 255.46  5.37  0.00  0.00 -- fc0b8463-7f47-4f02-9e3b-e207f1e2782d
