# UMI-tools version: 1.1.6
# output generated by dedup --stdin=/Users/drb_laptop/Documents/Tissue_specific_myeclium/analysis/bam/GPNJ7M_6_sample_1F.primary.bam --stdout=/Users/drb_laptop/Documents/Tissue_specific_myeclium/analysis/bam/GPNJ7M_6_sample_1F.dedup.bam.part --umi-separator=_ --method=directional
# job started at Mon Aug 17 17:28:38 2026 on DRBs-MacBook-Pro.local -- af9740a5-b6a5-4eac-8a14-f4634d1f4ed0
# pid: 57327, system: Darwin 25.5.0 Darwin Kernel Version 25.5.0: Tue Jun  9 22:28:34 PDT 2026; root:xnu-12377.121.10~1/RELEASE_ARM64_T6050 x86_64
# assigned_tag                            : None
# cell_tag                                : None
# cell_tag_delim                          : None
# cell_tag_split                          : -
# chimeric_pairs                          : use
# chrom                                   : None
# compresslevel                           : 6
# detection_method                        : None
# filter_umi                              : None
# gene_tag                                : None
# gene_transcript_map                     : None
# get_umi_method                          : read_id
# ignore_tlen                             : False
# ignore_umi                              : False
# in_sam                                  : False
# log2stderr                              : False
# loglevel                                : 1
# mapping_quality                         : 0
# method                                  : directional
# no_sort_output                          : False
# out_sam                                 : False
# output_unmapped                         : False
# paired                                  : False
# per_cell                                : False
# per_contig                              : False
# per_gene                                : False
# random_seed                             : None
# read_length                             : False
# short_help                              : None
# skip_regex                              : ^(__|Unassigned)
# soft_clip_threshold                     : 4
# spliced                                 : False
# stats                                   : False
# stderr                                  : <_io.TextIOWrapper name='<stderr>' mode='w' encoding='utf-8'>
# stdin                                   : <_io.TextIOWrapper name='/Users/drb_laptop/Documents/Tissue_specific_myeclium/analysis/bam/GPNJ7M_6_sample_1F.primary.bam' mode='r' encoding='UTF-8'>
# stdlog                                  : <_io.TextIOWrapper name='<stdout>' mode='w' encoding='utf-8'>
# stdout                                  : <_io.TextIOWrapper name='/Users/drb_laptop/Documents/Tissue_specific_myeclium/analysis/bam/GPNJ7M_6_sample_1F.dedup.bam.part' mode='w' encoding='UTF-8'>
# subset                                  : None
# threshold                               : 1
# timeit_file                             : None
# timeit_header                           : None
# timeit_name                             : all
# tmpdir                                  : None
# umi_sep                                 : _
# umi_tag                                 : RX
# umi_tag_delim                           : None
# umi_tag_split                           : None
# umi_whitelist                           : None
# umi_whitelist_paired                    : None
# unmapped_reads                          : discard
# unpaired_reads                          : use
# whole_contig                            : False
2026-08-17 17:28:38,155 INFO command: dedup --stdin=/Users/drb_laptop/Documents/Tissue_specific_myeclium/analysis/bam/GPNJ7M_6_sample_1F.primary.bam --stdout=/Users/drb_laptop/Documents/Tissue_specific_myeclium/analysis/bam/GPNJ7M_6_sample_1F.dedup.bam.part --umi-separator=_ --method=directional
2026-08-17 17:28:42,291 INFO Written out 100000 reads
2026-08-17 17:28:46,840 INFO Written out 200000 reads
2026-08-17 17:28:50,339 INFO Written out 300000 reads
2026-08-17 17:28:55,193 INFO Written out 400000 reads
2026-08-17 17:29:02,862 INFO Written out 500000 reads
2026-08-17 17:29:06,133 INFO Written out 600000 reads
2026-08-17 17:29:10,767 INFO Written out 700000 reads
2026-08-17 17:29:16,015 INFO Written out 800000 reads
2026-08-17 17:29:19,345 INFO Parsed 1000000 input reads
2026-08-17 17:29:20,782 INFO Written out 900000 reads
2026-08-17 17:29:25,736 INFO Written out 1000000 reads
2026-08-17 17:29:29,216 INFO Written out 1100000 reads
2026-08-17 17:29:36,724 INFO Written out 1200000 reads
2026-08-17 17:29:39,472 INFO Written out 1300000 reads
2026-08-17 17:29:46,823 INFO Written out 1400000 reads
2026-08-17 17:29:50,619 INFO Written out 1500000 reads
2026-08-17 17:29:54,155 INFO Written out 1600000 reads
2026-08-17 17:29:56,975 INFO Parsed 2000000 input reads
2026-08-17 17:29:57,599 INFO Written out 1700000 reads
2026-08-17 17:30:04,376 INFO Written out 1800000 reads
2026-08-17 17:30:09,460 INFO Written out 1900000 reads
2026-08-17 17:30:12,651 INFO Written out 2000000 reads
2026-08-17 17:30:20,033 INFO Written out 2100000 reads
2026-08-17 17:30:23,786 INFO Written out 2200000 reads
2026-08-17 17:30:27,326 INFO Written out 2300000 reads
2026-08-17 17:30:33,620 INFO Written out 2400000 reads
2026-08-17 17:30:37,986 INFO Written out 2500000 reads
2026-08-17 17:30:42,344 INFO Parsed 3000000 input reads
2026-08-17 17:30:42,870 INFO Written out 2600000 reads
2026-08-17 17:30:46,076 INFO Written out 2700000 reads
2026-08-17 17:30:53,165 INFO Written out 2800000 reads
2026-08-17 17:30:56,730 INFO Written out 2900000 reads
2026-08-17 17:31:00,271 INFO Written out 3000000 reads
2026-08-17 17:31:04,763 INFO Written out 3100000 reads
2026-08-17 17:31:05,946 INFO Parsed 4000000 input reads
2026-08-17 17:31:07,477 INFO Written out 3200000 reads
2026-08-17 17:31:09,783 INFO Written out 3300000 reads
2026-08-17 17:31:16,245 INFO Reads: Input Reads: 4310914
2026-08-17 17:31:16,245 INFO Number of reads out: 3317707
2026-08-17 17:31:16,245 INFO Total number of positions deduplicated: 66385
2026-08-17 17:31:16,245 INFO Mean number of unique UMIs per position: 50.61
2026-08-17 17:31:16,245 INFO Max. number of unique UMIs per position: 25661
# job finished in 158 seconds at Mon Aug 17 17:31:16 2026 -- 157.39  1.51  0.00  0.00 -- af9740a5-b6a5-4eac-8a14-f4634d1f4ed0
