# UMI-tools version: 1.1.6
# output generated by dedup --stdin=/Users/drb_laptop/Documents/Tissue_specific_myeclium/analysis/bam/GPNJ7M_16_sample_2H.primary.bam --stdout=/Users/drb_laptop/Documents/Tissue_specific_myeclium/analysis/bam/GPNJ7M_16_sample_2H.dedup.bam.part --umi-separator=_ --method=directional
# job started at Mon Aug 17 16:56:49 2026 on DRBs-MacBook-Pro.local -- fcbfef31-6982-44ea-91fc-07ff2069d1a4
# pid: 55971, system: Darwin 25.5.0 Darwin Kernel Version 25.5.0: Tue Jun  9 22:28:34 PDT 2026; root:xnu-12377.121.10~1/RELEASE_ARM64_T6050 x86_64
# assigned_tag                            : None
# cell_tag                                : None
# cell_tag_delim                          : None
# cell_tag_split                          : -
# chimeric_pairs                          : use
# chrom                                   : None
# compresslevel                           : 6
# detection_method                        : None
# filter_umi                              : None
# gene_tag                                : None
# gene_transcript_map                     : None
# get_umi_method                          : read_id
# ignore_tlen                             : False
# ignore_umi                              : False
# in_sam                                  : False
# log2stderr                              : False
# loglevel                                : 1
# mapping_quality                         : 0
# method                                  : directional
# no_sort_output                          : False
# out_sam                                 : False
# output_unmapped                         : False
# paired                                  : False
# per_cell                                : False
# per_contig                              : False
# per_gene                                : False
# random_seed                             : None
# read_length                             : False
# short_help                              : None
# skip_regex                              : ^(__|Unassigned)
# soft_clip_threshold                     : 4
# spliced                                 : False
# stats                                   : False
# stderr                                  : <_io.TextIOWrapper name='<stderr>' mode='w' encoding='utf-8'>
# stdin                                   : <_io.TextIOWrapper name='/Users/drb_laptop/Documents/Tissue_specific_myeclium/analysis/bam/GPNJ7M_16_sample_2H.primary.bam' mode='r' encoding='UTF-8'>
# stdlog                                  : <_io.TextIOWrapper name='<stdout>' mode='w' encoding='utf-8'>
# stdout                                  : <_io.TextIOWrapper name='/Users/drb_laptop/Documents/Tissue_specific_myeclium/analysis/bam/GPNJ7M_16_sample_2H.dedup.bam.part' mode='w' encoding='UTF-8'>
# subset                                  : None
# threshold                               : 1
# timeit_file                             : None
# timeit_header                           : None
# timeit_name                             : all
# tmpdir                                  : None
# umi_sep                                 : _
# umi_tag                                 : RX
# umi_tag_delim                           : None
# umi_tag_split                           : None
# umi_whitelist                           : None
# umi_whitelist_paired                    : None
# unmapped_reads                          : discard
# unpaired_reads                          : use
# whole_contig                            : False
2026-08-17 16:56:49,225 INFO command: dedup --stdin=/Users/drb_laptop/Documents/Tissue_specific_myeclium/analysis/bam/GPNJ7M_16_sample_2H.primary.bam --stdout=/Users/drb_laptop/Documents/Tissue_specific_myeclium/analysis/bam/GPNJ7M_16_sample_2H.dedup.bam.part --umi-separator=_ --method=directional
2026-08-17 16:56:51,123 INFO Written out 100000 reads
2026-08-17 16:56:52,567 INFO Written out 200000 reads
2026-08-17 16:56:54,209 INFO Written out 300000 reads
2026-08-17 16:56:55,164 INFO Parsed 1000000 input reads
2026-08-17 16:56:55,899 INFO Written out 400000 reads
2026-08-17 16:56:57,521 INFO Written out 500000 reads
2026-08-17 16:56:59,152 INFO Written out 600000 reads
2026-08-17 16:57:00,710 INFO Written out 700000 reads
2026-08-17 16:57:01,078 INFO Parsed 2000000 input reads
2026-08-17 16:57:02,362 INFO Written out 800000 reads
2026-08-17 16:57:03,977 INFO Written out 900000 reads
2026-08-17 16:57:05,567 INFO Written out 1000000 reads
2026-08-17 16:57:09,196 INFO Written out 1100000 reads
2026-08-17 16:57:12,427 INFO Written out 1200000 reads
2026-08-17 16:57:12,432 INFO Parsed 3000000 input reads
2026-08-17 16:57:15,367 INFO Written out 1300000 reads
2026-08-17 16:57:18,767 INFO Written out 1400000 reads
2026-08-17 16:57:21,639 INFO Written out 1500000 reads
2026-08-17 16:57:25,010 INFO Written out 1600000 reads
2026-08-17 16:57:28,753 INFO Written out 1700000 reads
2026-08-17 16:57:32,493 INFO Written out 1800000 reads
2026-08-17 16:57:35,854 INFO Written out 1900000 reads
2026-08-17 16:57:38,607 INFO Written out 2000000 reads
2026-08-17 16:57:40,541 INFO Parsed 4000000 input reads
2026-08-17 16:57:40,905 INFO Written out 2100000 reads
2026-08-17 16:57:42,401 INFO Written out 2200000 reads
2026-08-17 16:57:44,045 INFO Written out 2300000 reads
2026-08-17 16:57:45,668 INFO Written out 2400000 reads
2026-08-17 16:57:46,332 INFO Parsed 5000000 input reads
2026-08-17 16:57:47,288 INFO Written out 2500000 reads
2026-08-17 16:57:50,598 INFO Written out 2600000 reads
2026-08-17 16:57:54,300 INFO Written out 2700000 reads
2026-08-17 16:57:56,799 INFO Written out 2800000 reads
2026-08-17 16:58:00,782 INFO Written out 2900000 reads
2026-08-17 16:58:03,782 INFO Written out 3000000 reads
2026-08-17 16:58:07,348 INFO Written out 3100000 reads
2026-08-17 16:58:10,054 INFO Written out 3200000 reads
2026-08-17 16:58:11,292 INFO Parsed 6000000 input reads
2026-08-17 16:58:14,360 INFO Written out 3300000 reads
2026-08-17 16:58:17,238 INFO Written out 3400000 reads
2026-08-17 16:58:18,781 INFO Written out 3500000 reads
2026-08-17 16:58:32,496 INFO Written out 3600000 reads
2026-08-17 16:58:33,015 INFO Parsed 7000000 input reads
2026-08-17 16:58:34,158 INFO Written out 3700000 reads
2026-08-17 16:58:44,018 INFO Written out 3800000 reads
2026-08-17 16:58:50,037 INFO Written out 3900000 reads
2026-08-17 16:58:50,046 INFO Parsed 8000000 input reads
2026-08-17 16:58:53,753 INFO Written out 4000000 reads
2026-08-17 16:58:58,858 INFO Written out 4100000 reads
2026-08-17 16:59:09,022 INFO Written out 4200000 reads
2026-08-17 16:59:24,813 INFO Written out 4300000 reads
2026-08-17 16:59:26,223 INFO Parsed 9000000 input reads
2026-08-17 16:59:34,554 INFO Reads: Input Reads: 9030702
2026-08-17 16:59:34,554 INFO Number of reads out: 4389458
2026-08-17 16:59:34,554 INFO Total number of positions deduplicated: 526706
2026-08-17 16:59:34,554 INFO Mean number of unique UMIs per position: 8.46
2026-08-17 16:59:34,554 INFO Max. number of unique UMIs per position: 41940
# job finished in 165 seconds at Mon Aug 17 16:59:34 2026 -- 162.23  3.28  0.00  0.00 -- fcbfef31-6982-44ea-91fc-07ff2069d1a4
