# UMI-tools version: 1.1.6
# output generated by dedup --stdin=/Users/drb_laptop/Documents/Tissue_specific_myeclium/analysis/bam_BOM_ss5/GPNJ7M_1_sample_1A.primary.bam --stdout=/Users/drb_laptop/Documents/Tissue_specific_myeclium/analysis/bam_BOM_ss5/GPNJ7M_1_sample_1A.dedup.bam.part --umi-separator=_ --method=directional
# job started at Mon Aug 17 18:34:46 2026 on DRBs-MacBook-Pro.local -- 00f0fc8c-46b3-4f06-9ded-85c2034db1e2
# pid: 59789, system: Darwin 25.5.0 Darwin Kernel Version 25.5.0: Tue Jun  9 22:28:34 PDT 2026; root:xnu-12377.121.10~1/RELEASE_ARM64_T6050 x86_64
# assigned_tag                            : None
# cell_tag                                : None
# cell_tag_delim                          : None
# cell_tag_split                          : -
# chimeric_pairs                          : use
# chrom                                   : None
# compresslevel                           : 6
# detection_method                        : None
# filter_umi                              : None
# gene_tag                                : None
# gene_transcript_map                     : None
# get_umi_method                          : read_id
# ignore_tlen                             : False
# ignore_umi                              : False
# in_sam                                  : False
# log2stderr                              : False
# loglevel                                : 1
# mapping_quality                         : 0
# method                                  : directional
# no_sort_output                          : False
# out_sam                                 : False
# output_unmapped                         : False
# paired                                  : False
# per_cell                                : False
# per_contig                              : False
# per_gene                                : False
# random_seed                             : None
# read_length                             : False
# short_help                              : None
# skip_regex                              : ^(__|Unassigned)
# soft_clip_threshold                     : 4
# spliced                                 : False
# stats                                   : False
# stderr                                  : <_io.TextIOWrapper name='<stderr>' mode='w' encoding='utf-8'>
# stdin                                   : <_io.TextIOWrapper name='/Users/drb_laptop/Documents/Tissue_specific_myeclium/analysis/bam_BOM_ss5/GPNJ7M_1_sample_1A.primary.bam' mode='r' encoding='UTF-8'>
# stdlog                                  : <_io.TextIOWrapper name='<stdout>' mode='w' encoding='utf-8'>
# stdout                                  : <_io.TextIOWrapper name='/Users/drb_laptop/Documents/Tissue_specific_myeclium/analysis/bam_BOM_ss5/GPNJ7M_1_sample_1A.dedup.bam.part' mode='w' encoding='UTF-8'>
# subset                                  : None
# threshold                               : 1
# timeit_file                             : None
# timeit_header                           : None
# timeit_name                             : all
# tmpdir                                  : None
# umi_sep                                 : _
# umi_tag                                 : RX
# umi_tag_delim                           : None
# umi_tag_split                           : None
# umi_whitelist                           : None
# umi_whitelist_paired                    : None
# unmapped_reads                          : discard
# unpaired_reads                          : use
# whole_contig                            : False
2026-08-17 18:34:46,060 INFO command: dedup --stdin=/Users/drb_laptop/Documents/Tissue_specific_myeclium/analysis/bam_BOM_ss5/GPNJ7M_1_sample_1A.primary.bam --stdout=/Users/drb_laptop/Documents/Tissue_specific_myeclium/analysis/bam_BOM_ss5/GPNJ7M_1_sample_1A.dedup.bam.part --umi-separator=_ --method=directional
2026-08-17 18:34:47,509 INFO Written out 100000 reads
2026-08-17 18:34:48,964 INFO Written out 200000 reads
2026-08-17 18:34:51,442 INFO Written out 300000 reads
2026-08-17 18:34:57,038 INFO Written out 400000 reads
2026-08-17 18:35:06,519 INFO Written out 500000 reads
2026-08-17 18:35:06,945 INFO Parsed 1000000 input reads
2026-08-17 18:35:09,708 INFO Written out 600000 reads
2026-08-17 18:35:24,572 INFO Written out 700000 reads
2026-08-17 18:35:28,359 INFO Written out 800000 reads
2026-08-17 18:35:35,806 INFO Written out 900000 reads
2026-08-17 18:35:38,608 INFO Written out 1000000 reads
2026-08-17 18:35:44,043 INFO Written out 1100000 reads
2026-08-17 18:35:49,308 INFO Written out 1200000 reads
2026-08-17 18:35:59,137 INFO Written out 1300000 reads
2026-08-17 18:36:07,865 INFO Parsed 2000000 input reads
2026-08-17 18:36:08,118 INFO Written out 1400000 reads
2026-08-17 18:36:12,388 INFO Written out 1500000 reads
2026-08-17 18:36:17,878 INFO Written out 1600000 reads
2026-08-17 18:36:23,701 INFO Written out 1700000 reads
2026-08-17 18:36:32,941 INFO Written out 1800000 reads
2026-08-17 18:36:41,394 INFO Written out 1900000 reads
2026-08-17 18:36:45,696 INFO Written out 2000000 reads
2026-08-17 18:36:51,118 INFO Written out 2100000 reads
2026-08-17 18:36:56,930 INFO Written out 2200000 reads
2026-08-17 18:36:57,997 INFO Parsed 3000000 input reads
2026-08-17 18:37:06,158 INFO Written out 2300000 reads
2026-08-17 18:37:15,518 INFO Written out 2400000 reads
2026-08-17 18:37:18,780 INFO Written out 2500000 reads
2026-08-17 18:37:28,091 INFO Written out 2600000 reads
2026-08-17 18:37:36,812 INFO Written out 2700000 reads
2026-08-17 18:37:41,106 INFO Written out 2800000 reads
2026-08-17 18:37:48,254 INFO Written out 2900000 reads
2026-08-17 18:37:50,112 INFO Written out 3000000 reads
2026-08-17 18:37:50,275 INFO Parsed 4000000 input reads
2026-08-17 18:37:51,528 INFO Written out 3100000 reads
2026-08-17 18:37:52,989 INFO Written out 3200000 reads
2026-08-17 18:38:01,965 INFO Written out 3300000 reads
2026-08-17 18:38:02,635 INFO Parsed 5000000 input reads
2026-08-17 18:38:03,171 INFO Written out 3400000 reads
2026-08-17 18:38:07,413 INFO Written out 3500000 reads
2026-08-17 18:38:10,745 INFO Written out 3600000 reads
2026-08-17 18:38:12,390 INFO Parsed 6000000 input reads
2026-08-17 18:38:13,281 INFO Written out 3700000 reads
2026-08-17 18:38:19,648 INFO Written out 3800000 reads
2026-08-17 18:38:28,214 INFO Written out 3900000 reads
2026-08-17 18:38:30,366 INFO Written out 4000000 reads
2026-08-17 18:38:36,942 INFO Reads: Input Reads: 6775296
2026-08-17 18:38:36,942 INFO Number of reads out: 4041082
2026-08-17 18:38:36,942 INFO Total number of positions deduplicated: 314119
2026-08-17 18:38:36,942 INFO Mean number of unique UMIs per position: 13.11
2026-08-17 18:38:36,942 INFO Max. number of unique UMIs per position: 38734
# job finished in 230 seconds at Mon Aug 17 18:38:36 2026 -- 229.86  1.78  0.00  0.00 -- 00f0fc8c-46b3-4f06-9ded-85c2034db1e2
