# UMI-tools version: 1.1.6
# output generated by dedup --stdin=/Users/drb_laptop/Documents/Tissue_specific_myeclium/analysis/bam/GPNJ7M_1_sample_1A.primary.bam --stdout=/Users/drb_laptop/Documents/Tissue_specific_myeclium/analysis/bam/GPNJ7M_1_sample_1A.dedup.bam.part --umi-separator=_ --method=directional
# job started at Mon Aug 17 17:00:32 2026 on DRBs-MacBook-Pro.local -- 7b746ce8-0146-45a8-aed4-eeccdd4829a5
# pid: 56145, system: Darwin 25.5.0 Darwin Kernel Version 25.5.0: Tue Jun  9 22:28:34 PDT 2026; root:xnu-12377.121.10~1/RELEASE_ARM64_T6050 x86_64
# assigned_tag                            : None
# cell_tag                                : None
# cell_tag_delim                          : None
# cell_tag_split                          : -
# chimeric_pairs                          : use
# chrom                                   : None
# compresslevel                           : 6
# detection_method                        : None
# filter_umi                              : None
# gene_tag                                : None
# gene_transcript_map                     : None
# get_umi_method                          : read_id
# ignore_tlen                             : False
# ignore_umi                              : False
# in_sam                                  : False
# log2stderr                              : False
# loglevel                                : 1
# mapping_quality                         : 0
# method                                  : directional
# no_sort_output                          : False
# out_sam                                 : False
# output_unmapped                         : False
# paired                                  : False
# per_cell                                : False
# per_contig                              : False
# per_gene                                : False
# random_seed                             : None
# read_length                             : False
# short_help                              : None
# skip_regex                              : ^(__|Unassigned)
# soft_clip_threshold                     : 4
# spliced                                 : False
# stats                                   : False
# stderr                                  : <_io.TextIOWrapper name='<stderr>' mode='w' encoding='utf-8'>
# stdin                                   : <_io.TextIOWrapper name='/Users/drb_laptop/Documents/Tissue_specific_myeclium/analysis/bam/GPNJ7M_1_sample_1A.primary.bam' mode='r' encoding='UTF-8'>
# stdlog                                  : <_io.TextIOWrapper name='<stdout>' mode='w' encoding='utf-8'>
# stdout                                  : <_io.TextIOWrapper name='/Users/drb_laptop/Documents/Tissue_specific_myeclium/analysis/bam/GPNJ7M_1_sample_1A.dedup.bam.part' mode='w' encoding='UTF-8'>
# subset                                  : None
# threshold                               : 1
# timeit_file                             : None
# timeit_header                           : None
# timeit_name                             : all
# tmpdir                                  : None
# umi_sep                                 : _
# umi_tag                                 : RX
# umi_tag_delim                           : None
# umi_tag_split                           : None
# umi_whitelist                           : None
# umi_whitelist_paired                    : None
# unmapped_reads                          : discard
# unpaired_reads                          : use
# whole_contig                            : False
2026-08-17 17:00:32,627 INFO command: dedup --stdin=/Users/drb_laptop/Documents/Tissue_specific_myeclium/analysis/bam/GPNJ7M_1_sample_1A.primary.bam --stdout=/Users/drb_laptop/Documents/Tissue_specific_myeclium/analysis/bam/GPNJ7M_1_sample_1A.dedup.bam.part --umi-separator=_ --method=directional
2026-08-17 17:00:34,393 INFO Written out 100000 reads
2026-08-17 17:00:35,928 INFO Written out 200000 reads
2026-08-17 17:00:37,420 INFO Written out 300000 reads
2026-08-17 17:00:41,313 INFO Written out 400000 reads
2026-08-17 17:00:45,347 INFO Parsed 1000000 input reads
2026-08-17 17:00:45,738 INFO Written out 500000 reads
2026-08-17 17:00:49,577 INFO Written out 600000 reads
2026-08-17 17:00:54,258 INFO Written out 700000 reads
2026-08-17 17:01:01,626 INFO Written out 800000 reads
2026-08-17 17:01:04,498 INFO Written out 900000 reads
2026-08-17 17:01:09,582 INFO Written out 1000000 reads
2026-08-17 17:01:13,960 INFO Written out 1100000 reads
2026-08-17 17:01:20,032 INFO Written out 1200000 reads
2026-08-17 17:01:23,837 INFO Written out 1300000 reads
2026-08-17 17:01:26,590 INFO Parsed 2000000 input reads
2026-08-17 17:01:29,874 INFO Written out 1400000 reads
2026-08-17 17:01:34,167 INFO Written out 1500000 reads
2026-08-17 17:01:37,356 INFO Written out 1600000 reads
2026-08-17 17:01:44,191 INFO Written out 1700000 reads
2026-08-17 17:01:48,920 INFO Written out 1800000 reads
2026-08-17 17:01:50,899 INFO Written out 1900000 reads
2026-08-17 17:01:52,429 INFO Written out 2000000 reads
2026-08-17 17:01:54,739 INFO Parsed 3000000 input reads
2026-08-17 17:01:55,401 INFO Written out 2100000 reads
2026-08-17 17:02:02,509 INFO Written out 2200000 reads
2026-08-17 17:02:07,497 INFO Written out 2300000 reads
2026-08-17 17:02:10,781 INFO Written out 2400000 reads
2026-08-17 17:02:17,586 INFO Written out 2500000 reads
2026-08-17 17:02:21,117 INFO Written out 2600000 reads
2026-08-17 17:02:24,798 INFO Written out 2700000 reads
2026-08-17 17:02:30,766 INFO Written out 2800000 reads
2026-08-17 17:02:35,169 INFO Written out 2900000 reads
2026-08-17 17:02:37,171 INFO Parsed 4000000 input reads
2026-08-17 17:02:40,346 INFO Written out 3000000 reads
2026-08-17 17:02:43,682 INFO Written out 3100000 reads
2026-08-17 17:02:50,426 INFO Written out 3200000 reads
2026-08-17 17:02:55,157 INFO Written out 3300000 reads
2026-08-17 17:02:57,178 INFO Written out 3400000 reads
2026-08-17 17:03:05,995 INFO Written out 3500000 reads
2026-08-17 17:03:06,167 INFO Parsed 5000000 input reads
2026-08-17 17:03:10,334 INFO Written out 3600000 reads
2026-08-17 17:03:13,889 INFO Written out 3700000 reads
2026-08-17 17:03:17,485 INFO Written out 3800000 reads
2026-08-17 17:03:22,442 INFO Parsed 6000000 input reads
2026-08-17 17:03:25,768 INFO Written out 3900000 reads
2026-08-17 17:03:31,632 INFO Written out 4000000 reads
2026-08-17 17:03:38,883 INFO Reads: Input Reads: 6342049
2026-08-17 17:03:38,883 INFO Number of reads out: 4055350
2026-08-17 17:03:38,883 INFO Total number of positions deduplicated: 277351
2026-08-17 17:03:38,883 INFO Mean number of unique UMIs per position: 14.83
2026-08-17 17:03:38,883 INFO Max. number of unique UMIs per position: 29539
# job finished in 186 seconds at Mon Aug 17 17:03:38 2026 -- 183.56  3.36  0.00  0.00 -- 7b746ce8-0146-45a8-aed4-eeccdd4829a5
