# UMI-tools version: 1.1.6
# output generated by dedup --stdin=/Users/drb_laptop/Documents/Tissue_specific_myeclium/analysis/bam/GPNJ7M_5_sample_1E.primary.bam --stdout=/Users/drb_laptop/Documents/Tissue_specific_myeclium/analysis/bam/GPNJ7M_5_sample_1E.dedup.bam.part --umi-separator=_ --method=directional
# job started at Mon Aug 17 17:11:51 2026 on DRBs-MacBook-Pro.local -- 139451bf-2b39-445b-8424-f78e83cbfb8b
# pid: 56758, system: Darwin 25.5.0 Darwin Kernel Version 25.5.0: Tue Jun  9 22:28:34 PDT 2026; root:xnu-12377.121.10~1/RELEASE_ARM64_T6050 x86_64
# assigned_tag                            : None
# cell_tag                                : None
# cell_tag_delim                          : None
# cell_tag_split                          : -
# chimeric_pairs                          : use
# chrom                                   : None
# compresslevel                           : 6
# detection_method                        : None
# filter_umi                              : None
# gene_tag                                : None
# gene_transcript_map                     : None
# get_umi_method                          : read_id
# ignore_tlen                             : False
# ignore_umi                              : False
# in_sam                                  : False
# log2stderr                              : False
# loglevel                                : 1
# mapping_quality                         : 0
# method                                  : directional
# no_sort_output                          : False
# out_sam                                 : False
# output_unmapped                         : False
# paired                                  : False
# per_cell                                : False
# per_contig                              : False
# per_gene                                : False
# random_seed                             : None
# read_length                             : False
# short_help                              : None
# skip_regex                              : ^(__|Unassigned)
# soft_clip_threshold                     : 4
# spliced                                 : False
# stats                                   : False
# stderr                                  : <_io.TextIOWrapper name='<stderr>' mode='w' encoding='utf-8'>
# stdin                                   : <_io.TextIOWrapper name='/Users/drb_laptop/Documents/Tissue_specific_myeclium/analysis/bam/GPNJ7M_5_sample_1E.primary.bam' mode='r' encoding='UTF-8'>
# stdlog                                  : <_io.TextIOWrapper name='<stdout>' mode='w' encoding='utf-8'>
# stdout                                  : <_io.TextIOWrapper name='/Users/drb_laptop/Documents/Tissue_specific_myeclium/analysis/bam/GPNJ7M_5_sample_1E.dedup.bam.part' mode='w' encoding='UTF-8'>
# subset                                  : None
# threshold                               : 1
# timeit_file                             : None
# timeit_header                           : None
# timeit_name                             : all
# tmpdir                                  : None
# umi_sep                                 : _
# umi_tag                                 : RX
# umi_tag_delim                           : None
# umi_tag_split                           : None
# umi_whitelist                           : None
# umi_whitelist_paired                    : None
# unmapped_reads                          : discard
# unpaired_reads                          : use
# whole_contig                            : False
2026-08-17 17:11:51,627 INFO command: dedup --stdin=/Users/drb_laptop/Documents/Tissue_specific_myeclium/analysis/bam/GPNJ7M_5_sample_1E.primary.bam --stdout=/Users/drb_laptop/Documents/Tissue_specific_myeclium/analysis/bam/GPNJ7M_5_sample_1E.dedup.bam.part --umi-separator=_ --method=directional
2026-08-17 17:12:04,529 INFO Written out 100000 reads
2026-08-17 17:12:10,999 INFO Written out 200000 reads
2026-08-17 17:12:18,431 INFO Written out 300000 reads
2026-08-17 17:12:39,971 INFO Written out 400000 reads
2026-08-17 17:12:44,593 INFO Written out 500000 reads
2026-08-17 17:12:50,561 INFO Written out 600000 reads
2026-08-17 17:12:59,247 INFO Written out 700000 reads
2026-08-17 17:13:12,666 INFO Written out 800000 reads
2026-08-17 17:13:13,691 INFO Parsed 1000000 input reads
2026-08-17 17:13:26,112 INFO Written out 900000 reads
2026-08-17 17:13:32,912 INFO Written out 1000000 reads
2026-08-17 17:13:56,526 INFO Written out 1100000 reads
2026-08-17 17:14:19,621 INFO Written out 1200000 reads
2026-08-17 17:14:24,498 INFO Written out 1300000 reads
2026-08-17 17:14:29,094 INFO Written out 1400000 reads
2026-08-17 17:14:38,007 INFO Written out 1500000 reads
2026-08-17 17:14:54,753 INFO Written out 1600000 reads
2026-08-17 17:15:05,807 INFO Written out 1700000 reads
2026-08-17 17:15:05,817 INFO Parsed 2000000 input reads
2026-08-17 17:15:12,113 INFO Written out 1800000 reads
2026-08-17 17:15:19,550 INFO Written out 1900000 reads
2026-08-17 17:15:40,596 INFO Written out 2000000 reads
2026-08-17 17:16:08,355 INFO Written out 2100000 reads
2026-08-17 17:16:12,316 INFO Written out 2200000 reads
2026-08-17 17:16:18,100 INFO Written out 2300000 reads
2026-08-17 17:16:23,481 INFO Written out 2400000 reads
2026-08-17 17:16:40,529 INFO Written out 2500000 reads
2026-08-17 17:16:50,321 INFO Parsed 3000000 input reads
2026-08-17 17:16:54,512 INFO Written out 2600000 reads
2026-08-17 17:16:59,363 INFO Written out 2700000 reads
2026-08-17 17:17:06,725 INFO Written out 2800000 reads
2026-08-17 17:17:48,026 INFO Written out 2900000 reads
2026-08-17 17:17:52,705 INFO Written out 3000000 reads
2026-08-17 17:17:57,232 INFO Written out 3100000 reads
2026-08-17 17:18:02,350 INFO Written out 3200000 reads
2026-08-17 17:18:06,180 INFO Written out 3300000 reads
2026-08-17 17:18:32,854 INFO Written out 3400000 reads
2026-08-17 17:18:33,904 INFO Parsed 4000000 input reads
2026-08-17 17:18:51,927 INFO Written out 3500000 reads
2026-08-17 17:18:59,317 INFO Written out 3600000 reads
2026-08-17 17:19:03,953 INFO Written out 3700000 reads
2026-08-17 17:19:17,880 INFO Written out 3800000 reads
2026-08-17 17:19:35,308 INFO Written out 3900000 reads
2026-08-17 17:19:40,374 INFO Written out 4000000 reads
2026-08-17 17:19:45,525 INFO Written out 4100000 reads
2026-08-17 17:19:49,481 INFO Written out 4200000 reads
2026-08-17 17:20:15,845 INFO Written out 4300000 reads
2026-08-17 17:20:15,878 INFO Parsed 5000000 input reads
2026-08-17 17:20:36,965 INFO Written out 4400000 reads
2026-08-17 17:20:44,428 INFO Written out 4500000 reads
2026-08-17 17:20:51,325 INFO Written out 4600000 reads
2026-08-17 17:21:02,286 INFO Written out 4700000 reads
2026-08-17 17:21:18,576 INFO Written out 4800000 reads
2026-08-17 17:21:23,534 INFO Written out 4900000 reads
2026-08-17 17:21:30,816 INFO Written out 5000000 reads
2026-08-17 17:21:36,610 INFO Written out 5100000 reads
2026-08-17 17:21:58,691 INFO Parsed 6000000 input reads
2026-08-17 17:22:17,477 INFO Written out 5200000 reads
2026-08-17 17:22:20,695 INFO Written out 5300000 reads
2026-08-17 17:22:28,371 INFO Written out 5400000 reads
2026-08-17 17:22:41,379 INFO Written out 5500000 reads
2026-08-17 17:22:56,424 INFO Written out 5600000 reads
2026-08-17 17:23:03,762 INFO Written out 5700000 reads
2026-08-17 17:23:09,746 INFO Written out 5800000 reads
2026-08-17 17:23:13,686 INFO Written out 5900000 reads
2026-08-17 17:23:40,389 INFO Written out 6000000 reads
2026-08-17 17:23:41,388 INFO Parsed 7000000 input reads
2026-08-17 17:23:59,173 INFO Written out 6100000 reads
2026-08-17 17:24:04,328 INFO Written out 6200000 reads
2026-08-17 17:24:10,826 INFO Written out 6300000 reads
2026-08-17 17:24:24,101 INFO Written out 6400000 reads
2026-08-17 17:24:42,444 INFO Written out 6500000 reads
2026-08-17 17:24:46,620 INFO Written out 6600000 reads
2026-08-17 17:24:52,353 INFO Written out 6700000 reads
2026-08-17 17:24:56,219 INFO Written out 6800000 reads
2026-08-17 17:25:22,297 INFO Written out 6900000 reads
2026-08-17 17:25:23,301 INFO Parsed 8000000 input reads
2026-08-17 17:25:43,075 INFO Written out 7000000 reads
2026-08-17 17:25:50,511 INFO Written out 7100000 reads
2026-08-17 17:25:57,457 INFO Written out 7200000 reads
2026-08-17 17:26:07,141 INFO Written out 7300000 reads
2026-08-17 17:26:24,503 INFO Written out 7400000 reads
2026-08-17 17:26:29,412 INFO Written out 7500000 reads
2026-08-17 17:26:40,898 INFO Written out 7600000 reads
2026-08-17 17:26:41,721 INFO Parsed 9000000 input reads
2026-08-17 17:26:43,073 INFO Written out 7700000 reads
2026-08-17 17:26:51,484 INFO Written out 7800000 reads
2026-08-17 17:26:53,327 INFO Written out 7900000 reads
2026-08-17 17:26:53,359 INFO Parsed 10000000 input reads
2026-08-17 17:27:00,499 INFO Written out 8000000 reads
2026-08-17 17:27:04,255 INFO Written out 8100000 reads
2026-08-17 17:27:20,117 INFO Written out 8200000 reads
2026-08-17 17:27:22,557 INFO Written out 8300000 reads
2026-08-17 17:27:29,508 INFO Parsed 11000000 input reads
2026-08-17 17:27:41,544 INFO Written out 8400000 reads
2026-08-17 17:27:43,191 INFO Written out 8500000 reads
2026-08-17 17:27:56,649 INFO Reads: Input Reads: 11307541
2026-08-17 17:27:56,649 INFO Number of reads out: 8523674
2026-08-17 17:27:56,649 INFO Total number of positions deduplicated: 61902
2026-08-17 17:27:56,649 INFO Mean number of unique UMIs per position: 141.43
2026-08-17 17:27:56,649 INFO Max. number of unique UMIs per position: 67254
# job finished in 965 seconds at Mon Aug 17 17:27:56 2026 -- 959.45  5.34  0.00  0.00 -- 139451bf-2b39-445b-8424-f78e83cbfb8b
