# UMI-tools version: 1.1.6
# output generated by dedup --stdin=/Users/drb_laptop/Documents/Tissue_specific_myeclium/analysis/bam_BOM_ss5/GPNJ7M_16_sample_2H.primary.bam --stdout=/Users/drb_laptop/Documents/Tissue_specific_myeclium/analysis/bam_BOM_ss5/GPNJ7M_16_sample_2H.dedup.bam.part --umi-separator=_ --method=directional
# job started at Mon Aug 17 18:30:59 2026 on DRBs-MacBook-Pro.local -- 25fda41c-928d-4595-badd-83c1dad95b65
# pid: 59687, system: Darwin 25.5.0 Darwin Kernel Version 25.5.0: Tue Jun  9 22:28:34 PDT 2026; root:xnu-12377.121.10~1/RELEASE_ARM64_T6050 x86_64
# assigned_tag                            : None
# cell_tag                                : None
# cell_tag_delim                          : None
# cell_tag_split                          : -
# chimeric_pairs                          : use
# chrom                                   : None
# compresslevel                           : 6
# detection_method                        : None
# filter_umi                              : None
# gene_tag                                : None
# gene_transcript_map                     : None
# get_umi_method                          : read_id
# ignore_tlen                             : False
# ignore_umi                              : False
# in_sam                                  : False
# log2stderr                              : False
# loglevel                                : 1
# mapping_quality                         : 0
# method                                  : directional
# no_sort_output                          : False
# out_sam                                 : False
# output_unmapped                         : False
# paired                                  : False
# per_cell                                : False
# per_contig                              : False
# per_gene                                : False
# random_seed                             : None
# read_length                             : False
# short_help                              : None
# skip_regex                              : ^(__|Unassigned)
# soft_clip_threshold                     : 4
# spliced                                 : False
# stats                                   : False
# stderr                                  : <_io.TextIOWrapper name='<stderr>' mode='w' encoding='utf-8'>
# stdin                                   : <_io.TextIOWrapper name='/Users/drb_laptop/Documents/Tissue_specific_myeclium/analysis/bam_BOM_ss5/GPNJ7M_16_sample_2H.primary.bam' mode='r' encoding='UTF-8'>
# stdlog                                  : <_io.TextIOWrapper name='<stdout>' mode='w' encoding='utf-8'>
# stdout                                  : <_io.TextIOWrapper name='/Users/drb_laptop/Documents/Tissue_specific_myeclium/analysis/bam_BOM_ss5/GPNJ7M_16_sample_2H.dedup.bam.part' mode='w' encoding='UTF-8'>
# subset                                  : None
# threshold                               : 1
# timeit_file                             : None
# timeit_header                           : None
# timeit_name                             : all
# tmpdir                                  : None
# umi_sep                                 : _
# umi_tag                                 : RX
# umi_tag_delim                           : None
# umi_tag_split                           : None
# umi_whitelist                           : None
# umi_whitelist_paired                    : None
# unmapped_reads                          : discard
# unpaired_reads                          : use
# whole_contig                            : False
2026-08-17 18:30:59,280 INFO command: dedup --stdin=/Users/drb_laptop/Documents/Tissue_specific_myeclium/analysis/bam_BOM_ss5/GPNJ7M_16_sample_2H.primary.bam --stdout=/Users/drb_laptop/Documents/Tissue_specific_myeclium/analysis/bam_BOM_ss5/GPNJ7M_16_sample_2H.dedup.bam.part --umi-separator=_ --method=directional
2026-08-17 18:31:00,813 INFO Written out 100000 reads
2026-08-17 18:31:02,408 INFO Written out 200000 reads
2026-08-17 18:31:03,929 INFO Written out 300000 reads
2026-08-17 18:31:05,082 INFO Parsed 1000000 input reads
2026-08-17 18:31:05,489 INFO Written out 400000 reads
2026-08-17 18:31:07,001 INFO Written out 500000 reads
2026-08-17 18:31:08,563 INFO Written out 600000 reads
2026-08-17 18:31:10,835 INFO Written out 700000 reads
2026-08-17 18:31:14,626 INFO Written out 800000 reads
2026-08-17 18:31:14,629 INFO Parsed 2000000 input reads
2026-08-17 18:31:19,855 INFO Written out 900000 reads
2026-08-17 18:31:27,000 INFO Written out 1000000 reads
2026-08-17 18:31:30,324 INFO Written out 1100000 reads
2026-08-17 18:31:33,290 INFO Written out 1200000 reads
2026-08-17 18:31:37,404 INFO Written out 1300000 reads
2026-08-17 18:31:42,510 INFO Written out 1400000 reads
2026-08-17 18:31:46,860 INFO Written out 1500000 reads
2026-08-17 18:31:51,408 INFO Written out 1600000 reads
2026-08-17 18:31:53,098 INFO Parsed 3000000 input reads
2026-08-17 18:31:54,679 INFO Written out 1700000 reads
2026-08-17 18:32:01,863 INFO Written out 1800000 reads
2026-08-17 18:32:05,026 INFO Written out 1900000 reads
2026-08-17 18:32:09,013 INFO Written out 2000000 reads
2026-08-17 18:32:16,640 INFO Written out 2100000 reads
2026-08-17 18:32:18,194 INFO Written out 2200000 reads
2026-08-17 18:32:24,344 INFO Written out 2300000 reads
2026-08-17 18:32:29,230 INFO Written out 2400000 reads
2026-08-17 18:32:31,186 INFO Parsed 4000000 input reads
2026-08-17 18:32:33,268 INFO Written out 2500000 reads
2026-08-17 18:32:34,741 INFO Written out 2600000 reads
2026-08-17 18:32:36,286 INFO Written out 2700000 reads
2026-08-17 18:32:37,800 INFO Written out 2800000 reads
2026-08-17 18:32:39,106 INFO Parsed 5000000 input reads
2026-08-17 18:32:39,280 INFO Written out 2900000 reads
2026-08-17 18:32:40,876 INFO Written out 3000000 reads
2026-08-17 18:32:42,388 INFO Written out 3100000 reads
2026-08-17 18:32:43,968 INFO Written out 3200000 reads
2026-08-17 18:32:44,758 INFO Parsed 6000000 input reads
2026-08-17 18:32:45,487 INFO Written out 3300000 reads
2026-08-17 18:32:47,100 INFO Written out 3400000 reads
2026-08-17 18:32:48,599 INFO Written out 3500000 reads
2026-08-17 18:33:01,216 INFO Parsed 7000000 input reads
2026-08-17 18:33:01,467 INFO Written out 3600000 reads
2026-08-17 18:33:04,344 INFO Written out 3700000 reads
2026-08-17 18:33:05,371 INFO Parsed 8000000 input reads
2026-08-17 18:33:13,951 INFO Written out 3800000 reads
2026-08-17 18:33:15,897 INFO Written out 3900000 reads
2026-08-17 18:33:21,958 INFO Written out 4000000 reads
2026-08-17 18:33:24,784 INFO Written out 4100000 reads
2026-08-17 18:33:26,511 INFO Parsed 9000000 input reads
2026-08-17 18:33:36,417 INFO Written out 4200000 reads
2026-08-17 18:33:43,579 INFO Written out 4300000 reads
2026-08-17 18:33:54,307 INFO Written out 4400000 reads
2026-08-17 18:33:57,574 INFO Written out 4500000 reads
2026-08-17 18:34:06,064 INFO Reads: Input Reads: 9964191
2026-08-17 18:34:06,064 INFO Number of reads out: 4584147
2026-08-17 18:34:06,064 INFO Total number of positions deduplicated: 605214
2026-08-17 18:34:06,064 INFO Mean number of unique UMIs per position: 7.71
2026-08-17 18:34:06,064 INFO Max. number of unique UMIs per position: 42540
# job finished in 186 seconds at Mon Aug 17 18:34:06 2026 -- 185.95  1.66  0.00  0.00 -- 25fda41c-928d-4595-badd-83c1dad95b65
