# UMI-tools version: 1.1.6
# output generated by dedup --stdin=/Users/drb_laptop/Documents/Tissue_specific_myeclium/analysis/bam_BOM_ss5/GPNJ7M_10_sample_2B.primary.bam --stdout=/Users/drb_laptop/Documents/Tissue_specific_myeclium/analysis/bam_BOM_ss5/GPNJ7M_10_sample_2B.dedup.bam.part --umi-separator=_ --method=directional
# job started at Mon Aug 17 18:17:26 2026 on DRBs-MacBook-Pro.local -- 896ce7ff-e76e-4abd-80e5-45f507cd34d0
# pid: 58908, system: Darwin 25.5.0 Darwin Kernel Version 25.5.0: Tue Jun  9 22:28:34 PDT 2026; root:xnu-12377.121.10~1/RELEASE_ARM64_T6050 x86_64
# assigned_tag                            : None
# cell_tag                                : None
# cell_tag_delim                          : None
# cell_tag_split                          : -
# chimeric_pairs                          : use
# chrom                                   : None
# compresslevel                           : 6
# detection_method                        : None
# filter_umi                              : None
# gene_tag                                : None
# gene_transcript_map                     : None
# get_umi_method                          : read_id
# ignore_tlen                             : False
# ignore_umi                              : False
# in_sam                                  : False
# log2stderr                              : False
# loglevel                                : 1
# mapping_quality                         : 0
# method                                  : directional
# no_sort_output                          : False
# out_sam                                 : False
# output_unmapped                         : False
# paired                                  : False
# per_cell                                : False
# per_contig                              : False
# per_gene                                : False
# random_seed                             : None
# read_length                             : False
# short_help                              : None
# skip_regex                              : ^(__|Unassigned)
# soft_clip_threshold                     : 4
# spliced                                 : False
# stats                                   : False
# stderr                                  : <_io.TextIOWrapper name='<stderr>' mode='w' encoding='utf-8'>
# stdin                                   : <_io.TextIOWrapper name='/Users/drb_laptop/Documents/Tissue_specific_myeclium/analysis/bam_BOM_ss5/GPNJ7M_10_sample_2B.primary.bam' mode='r' encoding='UTF-8'>
# stdlog                                  : <_io.TextIOWrapper name='<stdout>' mode='w' encoding='utf-8'>
# stdout                                  : <_io.TextIOWrapper name='/Users/drb_laptop/Documents/Tissue_specific_myeclium/analysis/bam_BOM_ss5/GPNJ7M_10_sample_2B.dedup.bam.part' mode='w' encoding='UTF-8'>
# subset                                  : None
# threshold                               : 1
# timeit_file                             : None
# timeit_header                           : None
# timeit_name                             : all
# tmpdir                                  : None
# umi_sep                                 : _
# umi_tag                                 : RX
# umi_tag_delim                           : None
# umi_tag_split                           : None
# umi_whitelist                           : None
# umi_whitelist_paired                    : None
# unmapped_reads                          : discard
# unpaired_reads                          : use
# whole_contig                            : False
2026-08-17 18:17:26,015 INFO command: dedup --stdin=/Users/drb_laptop/Documents/Tissue_specific_myeclium/analysis/bam_BOM_ss5/GPNJ7M_10_sample_2B.primary.bam --stdout=/Users/drb_laptop/Documents/Tissue_specific_myeclium/analysis/bam_BOM_ss5/GPNJ7M_10_sample_2B.dedup.bam.part --umi-separator=_ --method=directional
2026-08-17 18:17:29,572 INFO Written out 100000 reads
2026-08-17 18:17:35,612 INFO Written out 200000 reads
2026-08-17 18:17:42,703 INFO Written out 300000 reads
2026-08-17 18:17:45,940 INFO Written out 400000 reads
2026-08-17 18:17:48,616 INFO Written out 500000 reads
2026-08-17 18:17:52,583 INFO Written out 600000 reads
2026-08-17 18:17:57,521 INFO Written out 700000 reads
2026-08-17 18:18:01,897 INFO Written out 800000 reads
2026-08-17 18:18:01,899 INFO Parsed 1000000 input reads
2026-08-17 18:18:06,286 INFO Written out 900000 reads
2026-08-17 18:18:09,840 INFO Written out 1000000 reads
2026-08-17 18:18:16,861 INFO Written out 1100000 reads
2026-08-17 18:18:19,992 INFO Written out 1200000 reads
2026-08-17 18:18:24,066 INFO Written out 1300000 reads
2026-08-17 18:18:31,337 INFO Written out 1400000 reads
2026-08-17 18:18:34,570 INFO Written out 1500000 reads
2026-08-17 18:18:38,410 INFO Parsed 2000000 input reads
2026-08-17 18:18:41,532 INFO Written out 1600000 reads
2026-08-17 18:18:44,765 INFO Written out 1700000 reads
2026-08-17 18:18:47,516 INFO Written out 1800000 reads
2026-08-17 18:18:49,650 INFO Written out 1900000 reads
2026-08-17 18:18:51,981 INFO Reads: Input Reads: 2505137
2026-08-17 18:18:51,981 INFO Number of reads out: 1906706
2026-08-17 18:18:51,981 INFO Total number of positions deduplicated: 28819
2026-08-17 18:18:51,981 INFO Mean number of unique UMIs per position: 67.65
2026-08-17 18:18:51,981 INFO Max. number of unique UMIs per position: 24497
# job finished in 85 seconds at Mon Aug 17 18:18:51 2026 -- 85.69  1.27  0.00  0.00 -- 896ce7ff-e76e-4abd-80e5-45f507cd34d0
