# UMI-tools version: 1.1.6
# output generated by dedup --stdin=/Users/drb_laptop/Documents/Tissue_specific_myeclium/analysis/bam_BOM_ss5/GPNJ7M_15_sample_2G.primary.bam --stdout=/Users/drb_laptop/Documents/Tissue_specific_myeclium/analysis/bam_BOM_ss5/GPNJ7M_15_sample_2G.dedup.bam.part --umi-separator=_ --method=directional
# job started at Mon Aug 17 18:29:06 2026 on DRBs-MacBook-Pro.local -- 62b4eec5-5515-4939-9972-4e83908f3f22
# pid: 59614, system: Darwin 25.5.0 Darwin Kernel Version 25.5.0: Tue Jun  9 22:28:34 PDT 2026; root:xnu-12377.121.10~1/RELEASE_ARM64_T6050 x86_64
# assigned_tag                            : None
# cell_tag                                : None
# cell_tag_delim                          : None
# cell_tag_split                          : -
# chimeric_pairs                          : use
# chrom                                   : None
# compresslevel                           : 6
# detection_method                        : None
# filter_umi                              : None
# gene_tag                                : None
# gene_transcript_map                     : None
# get_umi_method                          : read_id
# ignore_tlen                             : False
# ignore_umi                              : False
# in_sam                                  : False
# log2stderr                              : False
# loglevel                                : 1
# mapping_quality                         : 0
# method                                  : directional
# no_sort_output                          : False
# out_sam                                 : False
# output_unmapped                         : False
# paired                                  : False
# per_cell                                : False
# per_contig                              : False
# per_gene                                : False
# random_seed                             : None
# read_length                             : False
# short_help                              : None
# skip_regex                              : ^(__|Unassigned)
# soft_clip_threshold                     : 4
# spliced                                 : False
# stats                                   : False
# stderr                                  : <_io.TextIOWrapper name='<stderr>' mode='w' encoding='utf-8'>
# stdin                                   : <_io.TextIOWrapper name='/Users/drb_laptop/Documents/Tissue_specific_myeclium/analysis/bam_BOM_ss5/GPNJ7M_15_sample_2G.primary.bam' mode='r' encoding='UTF-8'>
# stdlog                                  : <_io.TextIOWrapper name='<stdout>' mode='w' encoding='utf-8'>
# stdout                                  : <_io.TextIOWrapper name='/Users/drb_laptop/Documents/Tissue_specific_myeclium/analysis/bam_BOM_ss5/GPNJ7M_15_sample_2G.dedup.bam.part' mode='w' encoding='UTF-8'>
# subset                                  : None
# threshold                               : 1
# timeit_file                             : None
# timeit_header                           : None
# timeit_name                             : all
# tmpdir                                  : None
# umi_sep                                 : _
# umi_tag                                 : RX
# umi_tag_delim                           : None
# umi_tag_split                           : None
# umi_whitelist                           : None
# umi_whitelist_paired                    : None
# unmapped_reads                          : discard
# unpaired_reads                          : use
# whole_contig                            : False
2026-08-17 18:29:06,746 INFO command: dedup --stdin=/Users/drb_laptop/Documents/Tissue_specific_myeclium/analysis/bam_BOM_ss5/GPNJ7M_15_sample_2G.primary.bam --stdout=/Users/drb_laptop/Documents/Tissue_specific_myeclium/analysis/bam_BOM_ss5/GPNJ7M_15_sample_2G.dedup.bam.part --umi-separator=_ --method=directional
2026-08-17 18:29:10,868 INFO Written out 100000 reads
2026-08-17 18:29:13,645 INFO Written out 200000 reads
2026-08-17 18:29:15,439 INFO Written out 300000 reads
2026-08-17 18:29:18,178 INFO Written out 400000 reads
2026-08-17 18:29:20,894 INFO Written out 500000 reads
2026-08-17 18:29:24,373 INFO Written out 600000 reads
2026-08-17 18:29:26,636 INFO Written out 700000 reads
2026-08-17 18:29:29,809 INFO Written out 800000 reads
2026-08-17 18:29:29,991 INFO Parsed 1000000 input reads
2026-08-17 18:29:33,262 INFO Written out 900000 reads
2026-08-17 18:29:35,157 INFO Written out 1000000 reads
2026-08-17 18:29:41,788 INFO Written out 1100000 reads
2026-08-17 18:29:44,234 INFO Written out 1200000 reads
2026-08-17 18:29:45,411 INFO Parsed 2000000 input reads
2026-08-17 18:29:47,702 INFO Written out 1300000 reads
2026-08-17 18:29:53,777 INFO Written out 1400000 reads
2026-08-17 18:29:57,852 INFO Written out 1500000 reads
2026-08-17 18:30:05,541 INFO Reads: Input Reads: 2778000
2026-08-17 18:30:05,541 INFO Number of reads out: 1599189
2026-08-17 18:30:05,541 INFO Total number of positions deduplicated: 56872
2026-08-17 18:30:05,541 INFO Mean number of unique UMIs per position: 28.49
2026-08-17 18:30:05,541 INFO Max. number of unique UMIs per position: 28612
# job finished in 58 seconds at Mon Aug 17 18:30:05 2026 -- 59.03  0.72  0.00  0.00 -- 62b4eec5-5515-4939-9972-4e83908f3f22
