# UMI-tools version: 1.1.6
# output generated by dedup --stdin=/Users/drb_laptop/Documents/Tissue_specific_myeclium/analysis/bam_BOM_ss5/GPNJ7M_3_sample_1C.primary.bam --stdout=/Users/drb_laptop/Documents/Tissue_specific_myeclium/analysis/bam_BOM_ss5/GPNJ7M_3_sample_1C.dedup.bam.part --umi-separator=_ --method=directional
# job started at Mon Aug 17 18:42:29 2026 on DRBs-MacBook-Pro.local -- 559ed241-f301-4d97-b147-294a1aa21bc6
# pid: 60006, system: Darwin 25.5.0 Darwin Kernel Version 25.5.0: Tue Jun  9 22:28:34 PDT 2026; root:xnu-12377.121.10~1/RELEASE_ARM64_T6050 x86_64
# assigned_tag                            : None
# cell_tag                                : None
# cell_tag_delim                          : None
# cell_tag_split                          : -
# chimeric_pairs                          : use
# chrom                                   : None
# compresslevel                           : 6
# detection_method                        : None
# filter_umi                              : None
# gene_tag                                : None
# gene_transcript_map                     : None
# get_umi_method                          : read_id
# ignore_tlen                             : False
# ignore_umi                              : False
# in_sam                                  : False
# log2stderr                              : False
# loglevel                                : 1
# mapping_quality                         : 0
# method                                  : directional
# no_sort_output                          : False
# out_sam                                 : False
# output_unmapped                         : False
# paired                                  : False
# per_cell                                : False
# per_contig                              : False
# per_gene                                : False
# random_seed                             : None
# read_length                             : False
# short_help                              : None
# skip_regex                              : ^(__|Unassigned)
# soft_clip_threshold                     : 4
# spliced                                 : False
# stats                                   : False
# stderr                                  : <_io.TextIOWrapper name='<stderr>' mode='w' encoding='utf-8'>
# stdin                                   : <_io.TextIOWrapper name='/Users/drb_laptop/Documents/Tissue_specific_myeclium/analysis/bam_BOM_ss5/GPNJ7M_3_sample_1C.primary.bam' mode='r' encoding='UTF-8'>
# stdlog                                  : <_io.TextIOWrapper name='<stdout>' mode='w' encoding='utf-8'>
# stdout                                  : <_io.TextIOWrapper name='/Users/drb_laptop/Documents/Tissue_specific_myeclium/analysis/bam_BOM_ss5/GPNJ7M_3_sample_1C.dedup.bam.part' mode='w' encoding='UTF-8'>
# subset                                  : None
# threshold                               : 1
# timeit_file                             : None
# timeit_header                           : None
# timeit_name                             : all
# tmpdir                                  : None
# umi_sep                                 : _
# umi_tag                                 : RX
# umi_tag_delim                           : None
# umi_tag_split                           : None
# umi_whitelist                           : None
# umi_whitelist_paired                    : None
# unmapped_reads                          : discard
# unpaired_reads                          : use
# whole_contig                            : False
2026-08-17 18:42:29,949 INFO command: dedup --stdin=/Users/drb_laptop/Documents/Tissue_specific_myeclium/analysis/bam_BOM_ss5/GPNJ7M_3_sample_1C.primary.bam --stdout=/Users/drb_laptop/Documents/Tissue_specific_myeclium/analysis/bam_BOM_ss5/GPNJ7M_3_sample_1C.dedup.bam.part --umi-separator=_ --method=directional
2026-08-17 18:42:32,147 INFO Written out 100000 reads
2026-08-17 18:42:35,238 INFO Written out 200000 reads
2026-08-17 18:42:36,626 INFO Written out 300000 reads
2026-08-17 18:42:38,464 INFO Written out 400000 reads
2026-08-17 18:42:40,567 INFO Written out 500000 reads
2026-08-17 18:42:41,952 INFO Written out 600000 reads
2026-08-17 18:42:44,420 INFO Written out 700000 reads
2026-08-17 18:42:46,209 INFO Written out 800000 reads
2026-08-17 18:42:46,209 INFO Parsed 1000000 input reads
2026-08-17 18:42:48,177 INFO Written out 900000 reads
2026-08-17 18:42:49,460 INFO Written out 1000000 reads
2026-08-17 18:42:50,827 INFO Reads: Input Reads: 1328039
2026-08-17 18:42:50,827 INFO Number of reads out: 1018844
2026-08-17 18:42:50,827 INFO Total number of positions deduplicated: 22267
2026-08-17 18:42:50,827 INFO Mean number of unique UMIs per position: 46.54
2026-08-17 18:42:50,827 INFO Max. number of unique UMIs per position: 9900
# job finished in 20 seconds at Mon Aug 17 18:42:50 2026 -- 21.36  0.43  0.00  0.00 -- 559ed241-f301-4d97-b147-294a1aa21bc6
