# UMI-tools version: 1.1.6
# output generated by dedup --stdin=/Users/drb_laptop/Documents/Tissue_specific_myeclium/analysis/bam_BOM_ss5/GPNJ7M_8_sample_1H.primary.bam --stdout=/Users/drb_laptop/Documents/Tissue_specific_myeclium/analysis/bam_BOM_ss5/GPNJ7M_8_sample_1H.dedup.bam.part --umi-separator=_ --method=directional
# job started at Mon Aug 17 19:17:02 2026 on DRBs-MacBook-Pro.local -- df22085f-9de5-4b46-88d9-8a1350e1a50e
# pid: 60797, system: Darwin 25.5.0 Darwin Kernel Version 25.5.0: Tue Jun  9 22:28:34 PDT 2026; root:xnu-12377.121.10~1/RELEASE_ARM64_T6050 x86_64
# assigned_tag                            : None
# cell_tag                                : None
# cell_tag_delim                          : None
# cell_tag_split                          : -
# chimeric_pairs                          : use
# chrom                                   : None
# compresslevel                           : 6
# detection_method                        : None
# filter_umi                              : None
# gene_tag                                : None
# gene_transcript_map                     : None
# get_umi_method                          : read_id
# ignore_tlen                             : False
# ignore_umi                              : False
# in_sam                                  : False
# log2stderr                              : False
# loglevel                                : 1
# mapping_quality                         : 0
# method                                  : directional
# no_sort_output                          : False
# out_sam                                 : False
# output_unmapped                         : False
# paired                                  : False
# per_cell                                : False
# per_contig                              : False
# per_gene                                : False
# random_seed                             : None
# read_length                             : False
# short_help                              : None
# skip_regex                              : ^(__|Unassigned)
# soft_clip_threshold                     : 4
# spliced                                 : False
# stats                                   : False
# stderr                                  : <_io.TextIOWrapper name='<stderr>' mode='w' encoding='utf-8'>
# stdin                                   : <_io.TextIOWrapper name='/Users/drb_laptop/Documents/Tissue_specific_myeclium/analysis/bam_BOM_ss5/GPNJ7M_8_sample_1H.primary.bam' mode='r' encoding='UTF-8'>
# stdlog                                  : <_io.TextIOWrapper name='<stdout>' mode='w' encoding='utf-8'>
# stdout                                  : <_io.TextIOWrapper name='/Users/drb_laptop/Documents/Tissue_specific_myeclium/analysis/bam_BOM_ss5/GPNJ7M_8_sample_1H.dedup.bam.part' mode='w' encoding='UTF-8'>
# subset                                  : None
# threshold                               : 1
# timeit_file                             : None
# timeit_header                           : None
# timeit_name                             : all
# tmpdir                                  : None
# umi_sep                                 : _
# umi_tag                                 : RX
# umi_tag_delim                           : None
# umi_tag_split                           : None
# umi_whitelist                           : None
# umi_whitelist_paired                    : None
# unmapped_reads                          : discard
# unpaired_reads                          : use
# whole_contig                            : False
2026-08-17 19:17:02,269 INFO command: dedup --stdin=/Users/drb_laptop/Documents/Tissue_specific_myeclium/analysis/bam_BOM_ss5/GPNJ7M_8_sample_1H.primary.bam --stdout=/Users/drb_laptop/Documents/Tissue_specific_myeclium/analysis/bam_BOM_ss5/GPNJ7M_8_sample_1H.dedup.bam.part --umi-separator=_ --method=directional
2026-08-17 19:17:04,765 INFO Written out 100000 reads
2026-08-17 19:17:11,529 INFO Written out 200000 reads
2026-08-17 19:17:19,048 INFO Written out 300000 reads
2026-08-17 19:17:21,587 INFO Written out 400000 reads
2026-08-17 19:17:25,327 INFO Written out 500000 reads
2026-08-17 19:17:29,005 INFO Written out 600000 reads
2026-08-17 19:17:34,520 INFO Written out 700000 reads
2026-08-17 19:17:38,507 INFO Parsed 1000000 input reads
2026-08-17 19:17:38,950 INFO Written out 800000 reads
2026-08-17 19:17:43,255 INFO Written out 900000 reads
2026-08-17 19:17:46,467 INFO Written out 1000000 reads
2026-08-17 19:17:53,712 INFO Written out 1100000 reads
2026-08-17 19:17:57,283 INFO Written out 1200000 reads
2026-08-17 19:18:01,048 INFO Written out 1300000 reads
2026-08-17 19:18:08,352 INFO Written out 1400000 reads
2026-08-17 19:18:11,701 INFO Written out 1500000 reads
2026-08-17 19:18:18,987 INFO Written out 1600000 reads
2026-08-17 19:18:19,336 INFO Parsed 2000000 input reads
2026-08-17 19:18:22,484 INFO Written out 1700000 reads
2026-08-17 19:18:25,314 INFO Written out 1800000 reads
2026-08-17 19:18:36,454 INFO Written out 1900000 reads
2026-08-17 19:18:37,811 INFO Parsed 3000000 input reads
2026-08-17 19:18:41,747 INFO Written out 2000000 reads
2026-08-17 19:18:43,218 INFO Written out 2100000 reads
2026-08-17 19:18:50,694 INFO Written out 2200000 reads
2026-08-17 19:18:54,547 INFO Written out 2300000 reads
2026-08-17 19:18:57,131 INFO Parsed 4000000 input reads
2026-08-17 19:19:12,007 INFO Written out 2400000 reads
2026-08-17 19:19:14,366 INFO Written out 2500000 reads
2026-08-17 19:19:24,618 INFO Written out 2600000 reads
2026-08-17 19:19:40,324 INFO Written out 2700000 reads
2026-08-17 19:19:46,633 INFO Reads: Input Reads: 4833075
2026-08-17 19:19:46,633 INFO Number of reads out: 2775810
2026-08-17 19:19:46,633 INFO Total number of positions deduplicated: 88867
2026-08-17 19:19:46,633 INFO Mean number of unique UMIs per position: 31.78
2026-08-17 19:19:46,633 INFO Max. number of unique UMIs per position: 49366
# job finished in 164 seconds at Mon Aug 17 19:19:46 2026 -- 163.33  1.85  0.00  0.00 -- df22085f-9de5-4b46-88d9-8a1350e1a50e
