# UMI-tools version: 1.1.6
# output generated by dedup --stdin=/Users/drb_laptop/Documents/Tissue_specific_myeclium/analysis/bam_BOM_ss5/GPNJ7M_12_sample_2D.primary.bam --stdout=/Users/drb_laptop/Documents/Tissue_specific_myeclium/analysis/bam_BOM_ss5/GPNJ7M_12_sample_2D.dedup.bam.part --umi-separator=_ --method=directional
# job started at Mon Aug 17 18:20:48 2026 on DRBs-MacBook-Pro.local -- 54c3115e-fae7-4787-89ef-9bf836359c46
# pid: 59246, system: Darwin 25.5.0 Darwin Kernel Version 25.5.0: Tue Jun  9 22:28:34 PDT 2026; root:xnu-12377.121.10~1/RELEASE_ARM64_T6050 x86_64
# assigned_tag                            : None
# cell_tag                                : None
# cell_tag_delim                          : None
# cell_tag_split                          : -
# chimeric_pairs                          : use
# chrom                                   : None
# compresslevel                           : 6
# detection_method                        : None
# filter_umi                              : None
# gene_tag                                : None
# gene_transcript_map                     : None
# get_umi_method                          : read_id
# ignore_tlen                             : False
# ignore_umi                              : False
# in_sam                                  : False
# log2stderr                              : False
# loglevel                                : 1
# mapping_quality                         : 0
# method                                  : directional
# no_sort_output                          : False
# out_sam                                 : False
# output_unmapped                         : False
# paired                                  : False
# per_cell                                : False
# per_contig                              : False
# per_gene                                : False
# random_seed                             : None
# read_length                             : False
# short_help                              : None
# skip_regex                              : ^(__|Unassigned)
# soft_clip_threshold                     : 4
# spliced                                 : False
# stats                                   : False
# stderr                                  : <_io.TextIOWrapper name='<stderr>' mode='w' encoding='utf-8'>
# stdin                                   : <_io.TextIOWrapper name='/Users/drb_laptop/Documents/Tissue_specific_myeclium/analysis/bam_BOM_ss5/GPNJ7M_12_sample_2D.primary.bam' mode='r' encoding='UTF-8'>
# stdlog                                  : <_io.TextIOWrapper name='<stdout>' mode='w' encoding='utf-8'>
# stdout                                  : <_io.TextIOWrapper name='/Users/drb_laptop/Documents/Tissue_specific_myeclium/analysis/bam_BOM_ss5/GPNJ7M_12_sample_2D.dedup.bam.part' mode='w' encoding='UTF-8'>
# subset                                  : None
# threshold                               : 1
# timeit_file                             : None
# timeit_header                           : None
# timeit_name                             : all
# tmpdir                                  : None
# umi_sep                                 : _
# umi_tag                                 : RX
# umi_tag_delim                           : None
# umi_tag_split                           : None
# umi_whitelist                           : None
# umi_whitelist_paired                    : None
# unmapped_reads                          : discard
# unpaired_reads                          : use
# whole_contig                            : False
2026-08-17 18:20:48,550 INFO command: dedup --stdin=/Users/drb_laptop/Documents/Tissue_specific_myeclium/analysis/bam_BOM_ss5/GPNJ7M_12_sample_2D.primary.bam --stdout=/Users/drb_laptop/Documents/Tissue_specific_myeclium/analysis/bam_BOM_ss5/GPNJ7M_12_sample_2D.dedup.bam.part --umi-separator=_ --method=directional
2026-08-17 18:20:51,242 INFO Written out 100000 reads
2026-08-17 18:20:56,864 INFO Written out 200000 reads
2026-08-17 18:20:59,358 INFO Written out 300000 reads
2026-08-17 18:21:01,521 INFO Written out 400000 reads
2026-08-17 18:21:05,150 INFO Written out 500000 reads
2026-08-17 18:21:07,893 INFO Written out 600000 reads
2026-08-17 18:21:12,097 INFO Written out 700000 reads
2026-08-17 18:21:14,506 INFO Written out 800000 reads
2026-08-17 18:21:15,131 INFO Parsed 1000000 input reads
2026-08-17 18:21:18,018 INFO Written out 900000 reads
2026-08-17 18:21:22,817 INFO Written out 1000000 reads
2026-08-17 18:21:26,444 INFO Written out 1100000 reads
2026-08-17 18:21:28,694 INFO Written out 1200000 reads
2026-08-17 18:21:31,259 INFO Written out 1300000 reads
2026-08-17 18:21:32,833 INFO Written out 1400000 reads
2026-08-17 18:21:34,879 INFO Reads: Input Reads: 1936457
2026-08-17 18:21:34,879 INFO Number of reads out: 1413670
2026-08-17 18:21:34,879 INFO Total number of positions deduplicated: 59382
2026-08-17 18:21:34,879 INFO Mean number of unique UMIs per position: 24.05
2026-08-17 18:21:34,879 INFO Max. number of unique UMIs per position: 16069
# job finished in 46 seconds at Mon Aug 17 18:21:34 2026 -- 46.10  0.85  0.00  0.00 -- 54c3115e-fae7-4787-89ef-9bf836359c46
