# UMI-tools version: 1.1.6
# output generated by dedup --stdin=/Users/drb_laptop/Documents/Tissue_specific_myeclium/analysis/bam_BOM_ss5/GPNJ7M_5_sample_1E.primary.bam --stdout=/Users/drb_laptop/Documents/Tissue_specific_myeclium/analysis/bam_BOM_ss5/GPNJ7M_5_sample_1E.dedup.bam.part --umi-separator=_ --method=directional
# job started at Mon Aug 17 18:47:16 2026 on DRBs-MacBook-Pro.local -- ea2e3f57-4bc2-41b5-8795-cc76bd4fb787
# pid: 60119, system: Darwin 25.5.0 Darwin Kernel Version 25.5.0: Tue Jun  9 22:28:34 PDT 2026; root:xnu-12377.121.10~1/RELEASE_ARM64_T6050 x86_64
# assigned_tag                            : None
# cell_tag                                : None
# cell_tag_delim                          : None
# cell_tag_split                          : -
# chimeric_pairs                          : use
# chrom                                   : None
# compresslevel                           : 6
# detection_method                        : None
# filter_umi                              : None
# gene_tag                                : None
# gene_transcript_map                     : None
# get_umi_method                          : read_id
# ignore_tlen                             : False
# ignore_umi                              : False
# in_sam                                  : False
# log2stderr                              : False
# loglevel                                : 1
# mapping_quality                         : 0
# method                                  : directional
# no_sort_output                          : False
# out_sam                                 : False
# output_unmapped                         : False
# paired                                  : False
# per_cell                                : False
# per_contig                              : False
# per_gene                                : False
# random_seed                             : None
# read_length                             : False
# short_help                              : None
# skip_regex                              : ^(__|Unassigned)
# soft_clip_threshold                     : 4
# spliced                                 : False
# stats                                   : False
# stderr                                  : <_io.TextIOWrapper name='<stderr>' mode='w' encoding='utf-8'>
# stdin                                   : <_io.TextIOWrapper name='/Users/drb_laptop/Documents/Tissue_specific_myeclium/analysis/bam_BOM_ss5/GPNJ7M_5_sample_1E.primary.bam' mode='r' encoding='UTF-8'>
# stdlog                                  : <_io.TextIOWrapper name='<stdout>' mode='w' encoding='utf-8'>
# stdout                                  : <_io.TextIOWrapper name='/Users/drb_laptop/Documents/Tissue_specific_myeclium/analysis/bam_BOM_ss5/GPNJ7M_5_sample_1E.dedup.bam.part' mode='w' encoding='UTF-8'>
# subset                                  : None
# threshold                               : 1
# timeit_file                             : None
# timeit_header                           : None
# timeit_name                             : all
# tmpdir                                  : None
# umi_sep                                 : _
# umi_tag                                 : RX
# umi_tag_delim                           : None
# umi_tag_split                           : None
# umi_whitelist                           : None
# umi_whitelist_paired                    : None
# unmapped_reads                          : discard
# unpaired_reads                          : use
# whole_contig                            : False
2026-08-17 18:47:16,359 INFO command: dedup --stdin=/Users/drb_laptop/Documents/Tissue_specific_myeclium/analysis/bam_BOM_ss5/GPNJ7M_5_sample_1E.primary.bam --stdout=/Users/drb_laptop/Documents/Tissue_specific_myeclium/analysis/bam_BOM_ss5/GPNJ7M_5_sample_1E.dedup.bam.part --umi-separator=_ --method=directional
2026-08-17 18:47:22,310 INFO Written out 100000 reads
2026-08-17 18:47:35,577 INFO Written out 200000 reads
2026-08-17 18:47:57,666 INFO Written out 300000 reads
2026-08-17 18:48:18,083 INFO Written out 400000 reads
2026-08-17 18:48:28,993 INFO Written out 500000 reads
2026-08-17 18:48:45,831 INFO Written out 600000 reads
2026-08-17 18:48:53,292 INFO Written out 700000 reads
2026-08-17 18:48:57,292 INFO Parsed 1000000 input reads
2026-08-17 18:48:57,546 INFO Written out 800000 reads
2026-08-17 18:49:57,692 INFO Written out 900000 reads
2026-08-17 18:50:52,147 INFO Written out 1000000 reads
2026-08-17 18:50:57,326 INFO Written out 1100000 reads
2026-08-17 18:51:06,564 INFO Written out 1200000 reads
2026-08-17 18:51:20,534 INFO Written out 1300000 reads
2026-08-17 18:51:33,898 INFO Written out 1400000 reads
2026-08-17 18:51:51,341 INFO Written out 1500000 reads
2026-08-17 18:51:56,331 INFO Parsed 2000000 input reads
2026-08-17 18:52:18,640 INFO Written out 1600000 reads
2026-08-17 18:52:26,094 INFO Written out 1700000 reads
2026-08-17 18:52:33,802 INFO Written out 1800000 reads
2026-08-17 18:52:36,920 INFO Written out 1900000 reads
2026-08-17 18:52:50,241 INFO Written out 2000000 reads
2026-08-17 18:53:11,664 INFO Written out 2100000 reads
2026-08-17 18:53:31,651 INFO Written out 2200000 reads
2026-08-17 18:53:41,155 INFO Written out 2300000 reads
2026-08-17 18:53:52,127 INFO Written out 2400000 reads
2026-08-17 18:53:58,579 INFO Parsed 3000000 input reads
2026-08-17 18:54:03,484 INFO Written out 2500000 reads
2026-08-17 18:55:04,951 INFO Written out 2600000 reads
2026-08-17 18:55:07,063 INFO Written out 2700000 reads
2026-08-17 18:55:57,555 INFO Written out 2800000 reads
2026-08-17 18:56:08,719 INFO Written out 2900000 reads
2026-08-17 18:56:19,450 INFO Written out 3000000 reads
2026-08-17 18:56:21,126 INFO Written out 3100000 reads
2026-08-17 18:56:31,053 INFO Written out 3200000 reads
2026-08-17 18:56:36,773 INFO Parsed 4000000 input reads
2026-08-17 18:56:44,026 INFO Written out 3300000 reads
2026-08-17 18:57:05,814 INFO Written out 3400000 reads
2026-08-17 18:57:25,724 INFO Written out 3500000 reads
2026-08-17 18:57:35,351 INFO Written out 3600000 reads
2026-08-17 18:57:46,153 INFO Written out 3700000 reads
2026-08-17 18:57:59,907 INFO Written out 3800000 reads
2026-08-17 18:58:58,352 INFO Written out 3900000 reads
2026-08-17 18:59:01,093 INFO Written out 4000000 reads
2026-08-17 18:59:01,128 INFO Parsed 5000000 input reads
2026-08-17 18:59:50,873 INFO Written out 4100000 reads
2026-08-17 19:00:02,487 INFO Written out 4200000 reads
2026-08-17 19:00:13,098 INFO Written out 4300000 reads
2026-08-17 19:00:14,822 INFO Written out 4400000 reads
2026-08-17 19:00:24,549 INFO Written out 4500000 reads
2026-08-17 19:00:37,668 INFO Written out 4600000 reads
2026-08-17 19:00:58,920 INFO Written out 4700000 reads
2026-08-17 19:01:18,840 INFO Written out 4800000 reads
2026-08-17 19:01:28,840 INFO Written out 4900000 reads
2026-08-17 19:01:29,600 INFO Parsed 6000000 input reads
2026-08-17 19:01:39,158 INFO Written out 5000000 reads
2026-08-17 19:01:52,971 INFO Written out 5100000 reads
2026-08-17 19:02:51,825 INFO Written out 5200000 reads
2026-08-17 19:02:54,526 INFO Written out 5300000 reads
2026-08-17 19:03:44,453 INFO Written out 5400000 reads
2026-08-17 19:03:55,635 INFO Written out 5500000 reads
2026-08-17 19:04:06,390 INFO Written out 5600000 reads
2026-08-17 19:04:08,028 INFO Written out 5700000 reads
2026-08-17 19:04:14,842 INFO Parsed 7000000 input reads
2026-08-17 19:04:16,157 INFO Written out 5800000 reads
2026-08-17 19:04:25,494 INFO Written out 5900000 reads
2026-08-17 19:04:37,041 INFO Written out 6000000 reads
2026-08-17 19:05:26,413 INFO Written out 6100000 reads
2026-08-17 19:06:21,784 INFO Written out 6200000 reads
2026-08-17 19:06:28,665 INFO Written out 6300000 reads
2026-08-17 19:06:42,408 INFO Written out 6400000 reads
2026-08-17 19:06:49,641 INFO Parsed 8000000 input reads
2026-08-17 19:06:52,286 INFO Written out 6500000 reads
2026-08-17 19:07:02,847 INFO Written out 6600000 reads
2026-08-17 19:07:21,931 INFO Written out 6700000 reads
2026-08-17 19:07:47,047 INFO Written out 6800000 reads
2026-08-17 19:07:59,609 INFO Written out 6900000 reads
2026-08-17 19:08:02,377 INFO Written out 7000000 reads
2026-08-17 19:08:14,175 INFO Written out 7100000 reads
2026-08-17 19:08:15,026 INFO Parsed 9000000 input reads
2026-08-17 19:08:16,357 INFO Written out 7200000 reads
2026-08-17 19:08:24,702 INFO Written out 7300000 reads
2026-08-17 19:08:26,673 INFO Written out 7400000 reads
2026-08-17 19:08:26,799 INFO Parsed 10000000 input reads
2026-08-17 19:08:33,587 INFO Written out 7500000 reads
2026-08-17 19:08:37,329 INFO Written out 7600000 reads
2026-08-17 19:08:52,975 INFO Written out 7700000 reads
2026-08-17 19:08:55,390 INFO Written out 7800000 reads
2026-08-17 19:09:03,510 INFO Parsed 11000000 input reads
2026-08-17 19:09:14,748 INFO Written out 7900000 reads
2026-08-17 19:09:19,307 INFO Written out 8000000 reads
2026-08-17 19:09:20,200 INFO Written out 8100000 reads
2026-08-17 19:09:32,963 INFO Reads: Input Reads: 11455016
2026-08-17 19:09:32,963 INFO Number of reads out: 8103520
2026-08-17 19:09:32,963 INFO Total number of positions deduplicated: 58863
2026-08-17 19:09:32,963 INFO Mean number of unique UMIs per position: 142.91
2026-08-17 19:09:32,963 INFO Max. number of unique UMIs per position: 103692
# job finished in 1336 seconds at Mon Aug 17 19:09:32 2026 -- 1329.81  6.20  0.00  0.00 -- ea2e3f57-4bc2-41b5-8795-cc76bd4fb787
