# UMI-tools version: 1.1.6
# output generated by dedup --stdin=/Users/drb_laptop/Documents/Tissue_specific_myeclium/analysis/bam_BOM_ss5/GPNJ7M_13_sample_2E.primary.bam --stdout=/Users/drb_laptop/Documents/Tissue_specific_myeclium/analysis/bam_BOM_ss5/GPNJ7M_13_sample_2E.dedup.bam.part --umi-separator=_ --method=directional
# job started at Mon Aug 17 18:21:49 2026 on DRBs-MacBook-Pro.local -- edb92c82-dddb-4e97-a069-a0b7d020ef7d
# pid: 59333, system: Darwin 25.5.0 Darwin Kernel Version 25.5.0: Tue Jun  9 22:28:34 PDT 2026; root:xnu-12377.121.10~1/RELEASE_ARM64_T6050 x86_64
# assigned_tag                            : None
# cell_tag                                : None
# cell_tag_delim                          : None
# cell_tag_split                          : -
# chimeric_pairs                          : use
# chrom                                   : None
# compresslevel                           : 6
# detection_method                        : None
# filter_umi                              : None
# gene_tag                                : None
# gene_transcript_map                     : None
# get_umi_method                          : read_id
# ignore_tlen                             : False
# ignore_umi                              : False
# in_sam                                  : False
# log2stderr                              : False
# loglevel                                : 1
# mapping_quality                         : 0
# method                                  : directional
# no_sort_output                          : False
# out_sam                                 : False
# output_unmapped                         : False
# paired                                  : False
# per_cell                                : False
# per_contig                              : False
# per_gene                                : False
# random_seed                             : None
# read_length                             : False
# short_help                              : None
# skip_regex                              : ^(__|Unassigned)
# soft_clip_threshold                     : 4
# spliced                                 : False
# stats                                   : False
# stderr                                  : <_io.TextIOWrapper name='<stderr>' mode='w' encoding='utf-8'>
# stdin                                   : <_io.TextIOWrapper name='/Users/drb_laptop/Documents/Tissue_specific_myeclium/analysis/bam_BOM_ss5/GPNJ7M_13_sample_2E.primary.bam' mode='r' encoding='UTF-8'>
# stdlog                                  : <_io.TextIOWrapper name='<stdout>' mode='w' encoding='utf-8'>
# stdout                                  : <_io.TextIOWrapper name='/Users/drb_laptop/Documents/Tissue_specific_myeclium/analysis/bam_BOM_ss5/GPNJ7M_13_sample_2E.dedup.bam.part' mode='w' encoding='UTF-8'>
# subset                                  : None
# threshold                               : 1
# timeit_file                             : None
# timeit_header                           : None
# timeit_name                             : all
# tmpdir                                  : None
# umi_sep                                 : _
# umi_tag                                 : RX
# umi_tag_delim                           : None
# umi_tag_split                           : None
# umi_whitelist                           : None
# umi_whitelist_paired                    : None
# unmapped_reads                          : discard
# unpaired_reads                          : use
# whole_contig                            : False
2026-08-17 18:21:49,448 INFO command: dedup --stdin=/Users/drb_laptop/Documents/Tissue_specific_myeclium/analysis/bam_BOM_ss5/GPNJ7M_13_sample_2E.primary.bam --stdout=/Users/drb_laptop/Documents/Tissue_specific_myeclium/analysis/bam_BOM_ss5/GPNJ7M_13_sample_2E.dedup.bam.part --umi-separator=_ --method=directional
2026-08-17 18:21:54,421 INFO Written out 100000 reads
2026-08-17 18:21:57,809 INFO Written out 200000 reads
2026-08-17 18:22:00,363 INFO Written out 300000 reads
2026-08-17 18:22:02,588 INFO Written out 400000 reads
2026-08-17 18:22:06,396 INFO Written out 500000 reads
2026-08-17 18:22:09,204 INFO Written out 600000 reads
2026-08-17 18:22:12,292 INFO Written out 700000 reads
2026-08-17 18:22:15,679 INFO Written out 800000 reads
2026-08-17 18:22:16,627 INFO Parsed 1000000 input reads
2026-08-17 18:22:18,128 INFO Written out 900000 reads
2026-08-17 18:22:22,714 INFO Written out 1000000 reads
2026-08-17 18:22:26,213 INFO Written out 1100000 reads
2026-08-17 18:22:28,849 INFO Written out 1200000 reads
2026-08-17 18:22:30,938 INFO Written out 1300000 reads
2026-08-17 18:22:33,212 INFO Reads: Input Reads: 1759338
2026-08-17 18:22:33,212 INFO Number of reads out: 1347566
2026-08-17 18:22:33,212 INFO Total number of positions deduplicated: 23550
2026-08-17 18:22:33,212 INFO Mean number of unique UMIs per position: 57.83
2026-08-17 18:22:33,212 INFO Max. number of unique UMIs per position: 16333
# job finished in 43 seconds at Mon Aug 17 18:22:33 2026 -- 43.95  0.77  0.00  0.00 -- edb92c82-dddb-4e97-a069-a0b7d020ef7d
