# UMI-tools version: 1.1.6
# output generated by dedup --stdin=/Users/drb_laptop/Documents/Tissue_specific_myeclium/analysis/bam/GPNJ7M_8_sample_1H.primary.bam --stdout=/Users/drb_laptop/Documents/Tissue_specific_myeclium/analysis/bam/GPNJ7M_8_sample_1H.dedup.bam.part --umi-separator=_ --method=directional
# job started at Mon Aug 17 17:34:31 2026 on DRBs-MacBook-Pro.local -- 507adcdc-7eb1-4e6e-8bff-6e7226b8d7cc
# pid: 57585, system: Darwin 25.5.0 Darwin Kernel Version 25.5.0: Tue Jun  9 22:28:34 PDT 2026; root:xnu-12377.121.10~1/RELEASE_ARM64_T6050 x86_64
# assigned_tag                            : None
# cell_tag                                : None
# cell_tag_delim                          : None
# cell_tag_split                          : -
# chimeric_pairs                          : use
# chrom                                   : None
# compresslevel                           : 6
# detection_method                        : None
# filter_umi                              : None
# gene_tag                                : None
# gene_transcript_map                     : None
# get_umi_method                          : read_id
# ignore_tlen                             : False
# ignore_umi                              : False
# in_sam                                  : False
# log2stderr                              : False
# loglevel                                : 1
# mapping_quality                         : 0
# method                                  : directional
# no_sort_output                          : False
# out_sam                                 : False
# output_unmapped                         : False
# paired                                  : False
# per_cell                                : False
# per_contig                              : False
# per_gene                                : False
# random_seed                             : None
# read_length                             : False
# short_help                              : None
# skip_regex                              : ^(__|Unassigned)
# soft_clip_threshold                     : 4
# spliced                                 : False
# stats                                   : False
# stderr                                  : <_io.TextIOWrapper name='<stderr>' mode='w' encoding='utf-8'>
# stdin                                   : <_io.TextIOWrapper name='/Users/drb_laptop/Documents/Tissue_specific_myeclium/analysis/bam/GPNJ7M_8_sample_1H.primary.bam' mode='r' encoding='UTF-8'>
# stdlog                                  : <_io.TextIOWrapper name='<stdout>' mode='w' encoding='utf-8'>
# stdout                                  : <_io.TextIOWrapper name='/Users/drb_laptop/Documents/Tissue_specific_myeclium/analysis/bam/GPNJ7M_8_sample_1H.dedup.bam.part' mode='w' encoding='UTF-8'>
# subset                                  : None
# threshold                               : 1
# timeit_file                             : None
# timeit_header                           : None
# timeit_name                             : all
# tmpdir                                  : None
# umi_sep                                 : _
# umi_tag                                 : RX
# umi_tag_delim                           : None
# umi_tag_split                           : None
# umi_whitelist                           : None
# umi_whitelist_paired                    : None
# unmapped_reads                          : discard
# unpaired_reads                          : use
# whole_contig                            : False
2026-08-17 17:34:31,886 INFO command: dedup --stdin=/Users/drb_laptop/Documents/Tissue_specific_myeclium/analysis/bam/GPNJ7M_8_sample_1H.primary.bam --stdout=/Users/drb_laptop/Documents/Tissue_specific_myeclium/analysis/bam/GPNJ7M_8_sample_1H.dedup.bam.part --umi-separator=_ --method=directional
2026-08-17 17:34:34,456 INFO Written out 100000 reads
2026-08-17 17:34:37,676 INFO Written out 200000 reads
2026-08-17 17:34:40,377 INFO Written out 300000 reads
2026-08-17 17:34:43,783 INFO Written out 400000 reads
2026-08-17 17:34:47,327 INFO Written out 500000 reads
2026-08-17 17:34:50,939 INFO Written out 600000 reads
2026-08-17 17:34:54,417 INFO Written out 700000 reads
2026-08-17 17:34:57,910 INFO Written out 800000 reads
2026-08-17 17:34:58,162 INFO Parsed 1000000 input reads
2026-08-17 17:35:01,218 INFO Written out 900000 reads
2026-08-17 17:35:04,096 INFO Written out 1000000 reads
2026-08-17 17:35:07,082 INFO Written out 1100000 reads
2026-08-17 17:35:10,653 INFO Written out 1200000 reads
2026-08-17 17:35:13,154 INFO Written out 1300000 reads
2026-08-17 17:35:17,532 INFO Written out 1400000 reads
2026-08-17 17:35:20,211 INFO Written out 1500000 reads
2026-08-17 17:35:24,366 INFO Written out 1600000 reads
2026-08-17 17:35:25,881 INFO Parsed 2000000 input reads
2026-08-17 17:35:27,046 INFO Written out 1700000 reads
2026-08-17 17:35:30,368 INFO Written out 1800000 reads
2026-08-17 17:35:33,984 INFO Written out 1900000 reads
2026-08-17 17:35:44,545 INFO Written out 2000000 reads
2026-08-17 17:35:45,965 INFO Parsed 3000000 input reads
2026-08-17 17:35:49,782 INFO Written out 2100000 reads
2026-08-17 17:35:51,419 INFO Written out 2200000 reads
2026-08-17 17:35:58,970 INFO Written out 2300000 reads
2026-08-17 17:36:02,736 INFO Written out 2400000 reads
2026-08-17 17:36:08,454 INFO Parsed 4000000 input reads
2026-08-17 17:36:09,228 INFO Written out 2500000 reads
2026-08-17 17:36:22,730 INFO Written out 2600000 reads
2026-08-17 17:36:32,940 INFO Written out 2700000 reads
2026-08-17 17:36:45,864 INFO Written out 2800000 reads
2026-08-17 17:36:50,714 INFO Reads: Input Reads: 4679203
2026-08-17 17:36:50,715 INFO Number of reads out: 2813771
2026-08-17 17:36:50,715 INFO Total number of positions deduplicated: 83793
2026-08-17 17:36:50,715 INFO Mean number of unique UMIs per position: 34.06
2026-08-17 17:36:50,715 INFO Max. number of unique UMIs per position: 48424
# job finished in 138 seconds at Mon Aug 17 17:36:50 2026 -- 138.39  1.26  0.00  0.00 -- 507adcdc-7eb1-4e6e-8bff-6e7226b8d7cc
