# UMI-tools version: 1.1.6
# output generated by dedup --stdin=/Users/drb_laptop/Documents/Tissue_specific_myeclium/analysis/bam_BOM_ss5/GPNJ7M_6_sample_1F.primary.bam --stdout=/Users/drb_laptop/Documents/Tissue_specific_myeclium/analysis/bam_BOM_ss5/GPNJ7M_6_sample_1F.dedup.bam.part --umi-separator=_ --method=directional
# job started at Mon Aug 17 19:10:05 2026 on DRBs-MacBook-Pro.local -- bc08cbc0-4f03-4674-98ef-68fc06411a68
# pid: 60591, system: Darwin 25.5.0 Darwin Kernel Version 25.5.0: Tue Jun  9 22:28:34 PDT 2026; root:xnu-12377.121.10~1/RELEASE_ARM64_T6050 x86_64
# assigned_tag                            : None
# cell_tag                                : None
# cell_tag_delim                          : None
# cell_tag_split                          : -
# chimeric_pairs                          : use
# chrom                                   : None
# compresslevel                           : 6
# detection_method                        : None
# filter_umi                              : None
# gene_tag                                : None
# gene_transcript_map                     : None
# get_umi_method                          : read_id
# ignore_tlen                             : False
# ignore_umi                              : False
# in_sam                                  : False
# log2stderr                              : False
# loglevel                                : 1
# mapping_quality                         : 0
# method                                  : directional
# no_sort_output                          : False
# out_sam                                 : False
# output_unmapped                         : False
# paired                                  : False
# per_cell                                : False
# per_contig                              : False
# per_gene                                : False
# random_seed                             : None
# read_length                             : False
# short_help                              : None
# skip_regex                              : ^(__|Unassigned)
# soft_clip_threshold                     : 4
# spliced                                 : False
# stats                                   : False
# stderr                                  : <_io.TextIOWrapper name='<stderr>' mode='w' encoding='utf-8'>
# stdin                                   : <_io.TextIOWrapper name='/Users/drb_laptop/Documents/Tissue_specific_myeclium/analysis/bam_BOM_ss5/GPNJ7M_6_sample_1F.primary.bam' mode='r' encoding='UTF-8'>
# stdlog                                  : <_io.TextIOWrapper name='<stdout>' mode='w' encoding='utf-8'>
# stdout                                  : <_io.TextIOWrapper name='/Users/drb_laptop/Documents/Tissue_specific_myeclium/analysis/bam_BOM_ss5/GPNJ7M_6_sample_1F.dedup.bam.part' mode='w' encoding='UTF-8'>
# subset                                  : None
# threshold                               : 1
# timeit_file                             : None
# timeit_header                           : None
# timeit_name                             : all
# tmpdir                                  : None
# umi_sep                                 : _
# umi_tag                                 : RX
# umi_tag_delim                           : None
# umi_tag_split                           : None
# umi_whitelist                           : None
# umi_whitelist_paired                    : None
# unmapped_reads                          : discard
# unpaired_reads                          : use
# whole_contig                            : False
2026-08-17 19:10:05,411 INFO command: dedup --stdin=/Users/drb_laptop/Documents/Tissue_specific_myeclium/analysis/bam_BOM_ss5/GPNJ7M_6_sample_1F.primary.bam --stdout=/Users/drb_laptop/Documents/Tissue_specific_myeclium/analysis/bam_BOM_ss5/GPNJ7M_6_sample_1F.dedup.bam.part --umi-separator=_ --method=directional
2026-08-17 19:10:09,177 INFO Written out 100000 reads
2026-08-17 19:10:16,624 INFO Written out 200000 reads
2026-08-17 19:10:23,815 INFO Written out 300000 reads
2026-08-17 19:10:33,130 INFO Written out 400000 reads
2026-08-17 19:10:43,091 INFO Written out 500000 reads
2026-08-17 19:10:49,525 INFO Written out 600000 reads
2026-08-17 19:10:55,202 INFO Written out 700000 reads
2026-08-17 19:10:57,031 INFO Written out 800000 reads
2026-08-17 19:10:57,095 INFO Parsed 1000000 input reads
2026-08-17 19:11:05,143 INFO Written out 900000 reads
2026-08-17 19:11:08,530 INFO Written out 1000000 reads
2026-08-17 19:11:25,096 INFO Written out 1100000 reads
2026-08-17 19:11:28,328 INFO Written out 1200000 reads
2026-08-17 19:11:32,586 INFO Written out 1300000 reads
2026-08-17 19:11:39,514 INFO Written out 1400000 reads
2026-08-17 19:11:43,421 INFO Written out 1500000 reads
2026-08-17 19:11:53,972 INFO Written out 1600000 reads
2026-08-17 19:12:02,114 INFO Parsed 2000000 input reads
2026-08-17 19:12:05,324 INFO Written out 1700000 reads
2026-08-17 19:12:09,315 INFO Written out 1800000 reads
2026-08-17 19:12:17,317 INFO Written out 1900000 reads
2026-08-17 19:12:21,161 INFO Written out 2000000 reads
2026-08-17 19:12:31,041 INFO Written out 2100000 reads
2026-08-17 19:12:40,358 INFO Written out 2200000 reads
2026-08-17 19:12:44,699 INFO Written out 2300000 reads
2026-08-17 19:12:55,093 INFO Written out 2400000 reads
2026-08-17 19:12:55,530 INFO Parsed 3000000 input reads
2026-08-17 19:13:03,853 INFO Written out 2500000 reads
2026-08-17 19:13:07,827 INFO Written out 2600000 reads
2026-08-17 19:13:15,529 INFO Written out 2700000 reads
2026-08-17 19:13:18,083 INFO Written out 2800000 reads
2026-08-17 19:13:23,075 INFO Written out 2900000 reads
2026-08-17 19:13:24,181 INFO Parsed 4000000 input reads
2026-08-17 19:13:24,582 INFO Written out 3000000 reads
2026-08-17 19:13:28,083 INFO Written out 3100000 reads
2026-08-17 19:13:35,085 INFO Reads: Input Reads: 4403350
2026-08-17 19:13:35,085 INFO Number of reads out: 3167985
2026-08-17 19:13:35,085 INFO Total number of positions deduplicated: 66462
2026-08-17 19:13:35,085 INFO Mean number of unique UMIs per position: 48.49
2026-08-17 19:13:35,085 INFO Max. number of unique UMIs per position: 39855
# job finished in 209 seconds at Mon Aug 17 19:13:35 2026 -- 207.40  2.37  0.00  0.00 -- bc08cbc0-4f03-4674-98ef-68fc06411a68
