# UMI-tools version: 1.1.6
# output generated by dedup --stdin=/Users/drb_laptop/Documents/Tissue_specific_myeclium/analysis/bam_BOM_ss5/GPNJ7M_4_sample_1D.primary.bam --stdout=/Users/drb_laptop/Documents/Tissue_specific_myeclium/analysis/bam_BOM_ss5/GPNJ7M_4_sample_1D.dedup.bam.part --umi-separator=_ --method=directional
# job started at Mon Aug 17 18:43:19 2026 on DRBs-MacBook-Pro.local -- 1061289e-3f91-40e5-9b5e-ad62a6541114
# pid: 60043, system: Darwin 25.5.0 Darwin Kernel Version 25.5.0: Tue Jun  9 22:28:34 PDT 2026; root:xnu-12377.121.10~1/RELEASE_ARM64_T6050 x86_64
# assigned_tag                            : None
# cell_tag                                : None
# cell_tag_delim                          : None
# cell_tag_split                          : -
# chimeric_pairs                          : use
# chrom                                   : None
# compresslevel                           : 6
# detection_method                        : None
# filter_umi                              : None
# gene_tag                                : None
# gene_transcript_map                     : None
# get_umi_method                          : read_id
# ignore_tlen                             : False
# ignore_umi                              : False
# in_sam                                  : False
# log2stderr                              : False
# loglevel                                : 1
# mapping_quality                         : 0
# method                                  : directional
# no_sort_output                          : False
# out_sam                                 : False
# output_unmapped                         : False
# paired                                  : False
# per_cell                                : False
# per_contig                              : False
# per_gene                                : False
# random_seed                             : None
# read_length                             : False
# short_help                              : None
# skip_regex                              : ^(__|Unassigned)
# soft_clip_threshold                     : 4
# spliced                                 : False
# stats                                   : False
# stderr                                  : <_io.TextIOWrapper name='<stderr>' mode='w' encoding='utf-8'>
# stdin                                   : <_io.TextIOWrapper name='/Users/drb_laptop/Documents/Tissue_specific_myeclium/analysis/bam_BOM_ss5/GPNJ7M_4_sample_1D.primary.bam' mode='r' encoding='UTF-8'>
# stdlog                                  : <_io.TextIOWrapper name='<stdout>' mode='w' encoding='utf-8'>
# stdout                                  : <_io.TextIOWrapper name='/Users/drb_laptop/Documents/Tissue_specific_myeclium/analysis/bam_BOM_ss5/GPNJ7M_4_sample_1D.dedup.bam.part' mode='w' encoding='UTF-8'>
# subset                                  : None
# threshold                               : 1
# timeit_file                             : None
# timeit_header                           : None
# timeit_name                             : all
# tmpdir                                  : None
# umi_sep                                 : _
# umi_tag                                 : RX
# umi_tag_delim                           : None
# umi_tag_split                           : None
# umi_whitelist                           : None
# umi_whitelist_paired                    : None
# unmapped_reads                          : discard
# unpaired_reads                          : use
# whole_contig                            : False
2026-08-17 18:43:19,832 INFO command: dedup --stdin=/Users/drb_laptop/Documents/Tissue_specific_myeclium/analysis/bam_BOM_ss5/GPNJ7M_4_sample_1D.primary.bam --stdout=/Users/drb_laptop/Documents/Tissue_specific_myeclium/analysis/bam_BOM_ss5/GPNJ7M_4_sample_1D.dedup.bam.part --umi-separator=_ --method=directional
2026-08-17 18:43:24,483 INFO Written out 100000 reads
2026-08-17 18:43:32,106 INFO Written out 200000 reads
2026-08-17 18:43:38,634 INFO Written out 300000 reads
2026-08-17 18:43:44,660 INFO Written out 400000 reads
2026-08-17 18:43:48,812 INFO Written out 500000 reads
2026-08-17 18:43:52,840 INFO Written out 600000 reads
2026-08-17 18:43:56,510 INFO Written out 700000 reads
2026-08-17 18:44:00,811 INFO Written out 800000 reads
2026-08-17 18:44:01,510 INFO Parsed 1000000 input reads
2026-08-17 18:44:11,283 INFO Written out 900000 reads
2026-08-17 18:44:13,421 INFO Written out 1000000 reads
2026-08-17 18:44:19,229 INFO Written out 1100000 reads
2026-08-17 18:44:23,082 INFO Written out 1200000 reads
2026-08-17 18:44:29,628 INFO Written out 1300000 reads
2026-08-17 18:44:35,960 INFO Written out 1400000 reads
2026-08-17 18:44:39,908 INFO Written out 1500000 reads
2026-08-17 18:44:44,909 INFO Written out 1600000 reads
2026-08-17 18:44:46,793 INFO Parsed 2000000 input reads
2026-08-17 18:44:51,912 INFO Written out 1700000 reads
2026-08-17 18:44:58,268 INFO Written out 1800000 reads
2026-08-17 18:45:01,140 INFO Written out 1900000 reads
2026-08-17 18:45:07,475 INFO Written out 2000000 reads
2026-08-17 18:45:14,459 INFO Written out 2100000 reads
2026-08-17 18:45:19,616 INFO Written out 2200000 reads
2026-08-17 18:45:28,597 INFO Written out 2300000 reads
2026-08-17 18:45:29,132 INFO Parsed 3000000 input reads
2026-08-17 18:45:29,732 INFO Written out 2400000 reads
2026-08-17 18:45:33,257 INFO Written out 2500000 reads
2026-08-17 18:45:36,892 INFO Written out 2600000 reads
2026-08-17 18:45:38,081 INFO Parsed 4000000 input reads
2026-08-17 18:45:43,987 INFO Written out 2700000 reads
2026-08-17 18:45:47,739 INFO Written out 2800000 reads
2026-08-17 18:45:54,629 INFO Written out 2900000 reads
2026-08-17 18:46:00,262 INFO Reads: Input Reads: 4650711
2026-08-17 18:46:00,262 INFO Number of reads out: 2974614
2026-08-17 18:46:00,262 INFO Total number of positions deduplicated: 47584
2026-08-17 18:46:00,262 INFO Mean number of unique UMIs per position: 63.51
2026-08-17 18:46:00,262 INFO Max. number of unique UMIs per position: 31179
# job finished in 160 seconds at Mon Aug 17 18:46:00 2026 -- 159.96  1.30  0.00  0.00 -- 1061289e-3f91-40e5-9b5e-ad62a6541114
