# UMI-tools version: 1.1.6
# output generated by dedup --stdin=/Users/drb_laptop/Documents/Tissue_specific_myeclium/analysis/bam_BOM_ss5/GPNJ7M_14_sample_2F.primary.bam --stdout=/Users/drb_laptop/Documents/Tissue_specific_myeclium/analysis/bam_BOM_ss5/GPNJ7M_14_sample_2F.dedup.bam.part --umi-separator=_ --method=directional
# job started at Mon Aug 17 18:23:13 2026 on DRBs-MacBook-Pro.local -- f432283f-c3b3-414e-94ec-d5679a727df0
# pid: 59459, system: Darwin 25.5.0 Darwin Kernel Version 25.5.0: Tue Jun  9 22:28:34 PDT 2026; root:xnu-12377.121.10~1/RELEASE_ARM64_T6050 x86_64
# assigned_tag                            : None
# cell_tag                                : None
# cell_tag_delim                          : None
# cell_tag_split                          : -
# chimeric_pairs                          : use
# chrom                                   : None
# compresslevel                           : 6
# detection_method                        : None
# filter_umi                              : None
# gene_tag                                : None
# gene_transcript_map                     : None
# get_umi_method                          : read_id
# ignore_tlen                             : False
# ignore_umi                              : False
# in_sam                                  : False
# log2stderr                              : False
# loglevel                                : 1
# mapping_quality                         : 0
# method                                  : directional
# no_sort_output                          : False
# out_sam                                 : False
# output_unmapped                         : False
# paired                                  : False
# per_cell                                : False
# per_contig                              : False
# per_gene                                : False
# random_seed                             : None
# read_length                             : False
# short_help                              : None
# skip_regex                              : ^(__|Unassigned)
# soft_clip_threshold                     : 4
# spliced                                 : False
# stats                                   : False
# stderr                                  : <_io.TextIOWrapper name='<stderr>' mode='w' encoding='utf-8'>
# stdin                                   : <_io.TextIOWrapper name='/Users/drb_laptop/Documents/Tissue_specific_myeclium/analysis/bam_BOM_ss5/GPNJ7M_14_sample_2F.primary.bam' mode='r' encoding='UTF-8'>
# stdlog                                  : <_io.TextIOWrapper name='<stdout>' mode='w' encoding='utf-8'>
# stdout                                  : <_io.TextIOWrapper name='/Users/drb_laptop/Documents/Tissue_specific_myeclium/analysis/bam_BOM_ss5/GPNJ7M_14_sample_2F.dedup.bam.part' mode='w' encoding='UTF-8'>
# subset                                  : None
# threshold                               : 1
# timeit_file                             : None
# timeit_header                           : None
# timeit_name                             : all
# tmpdir                                  : None
# umi_sep                                 : _
# umi_tag                                 : RX
# umi_tag_delim                           : None
# umi_tag_split                           : None
# umi_whitelist                           : None
# umi_whitelist_paired                    : None
# unmapped_reads                          : discard
# unpaired_reads                          : use
# whole_contig                            : False
2026-08-17 18:23:13,390 INFO command: dedup --stdin=/Users/drb_laptop/Documents/Tissue_specific_myeclium/analysis/bam_BOM_ss5/GPNJ7M_14_sample_2F.primary.bam --stdout=/Users/drb_laptop/Documents/Tissue_specific_myeclium/analysis/bam_BOM_ss5/GPNJ7M_14_sample_2F.dedup.bam.part --umi-separator=_ --method=directional
2026-08-17 18:23:17,449 INFO Written out 100000 reads
2026-08-17 18:23:29,779 INFO Written out 200000 reads
2026-08-17 18:23:39,764 INFO Written out 300000 reads
2026-08-17 18:23:42,130 INFO Written out 400000 reads
2026-08-17 18:23:55,990 INFO Written out 500000 reads
2026-08-17 18:24:11,135 INFO Written out 600000 reads
2026-08-17 18:24:15,446 INFO Written out 700000 reads
2026-08-17 18:24:22,791 INFO Parsed 1000000 input reads
2026-08-17 18:24:28,066 INFO Written out 800000 reads
2026-08-17 18:24:32,130 INFO Written out 900000 reads
2026-08-17 18:24:34,598 INFO Written out 1000000 reads
2026-08-17 18:24:46,630 INFO Written out 1100000 reads
2026-08-17 18:24:51,489 INFO Written out 1200000 reads
2026-08-17 18:25:07,662 INFO Written out 1300000 reads
2026-08-17 18:25:19,317 INFO Written out 1400000 reads
2026-08-17 18:25:23,991 INFO Written out 1500000 reads
2026-08-17 18:25:28,623 INFO Written out 1600000 reads
2026-08-17 18:25:28,860 INFO Parsed 2000000 input reads
2026-08-17 18:25:37,686 INFO Written out 1700000 reads
2026-08-17 18:25:44,621 INFO Written out 1800000 reads
2026-08-17 18:25:50,294 INFO Written out 1900000 reads
2026-08-17 18:26:15,171 INFO Written out 2000000 reads
2026-08-17 18:26:18,318 INFO Written out 2100000 reads
2026-08-17 18:26:20,408 INFO Written out 2200000 reads
2026-08-17 18:26:27,952 INFO Written out 2300000 reads
2026-08-17 18:26:38,166 INFO Written out 2400000 reads
2026-08-17 18:26:40,205 INFO Parsed 3000000 input reads
2026-08-17 18:26:44,101 INFO Written out 2500000 reads
2026-08-17 18:26:59,171 INFO Written out 2600000 reads
2026-08-17 18:27:12,689 INFO Written out 2700000 reads
2026-08-17 18:27:15,378 INFO Written out 2800000 reads
2026-08-17 18:27:19,706 INFO Written out 2900000 reads
2026-08-17 18:27:34,642 INFO Written out 3000000 reads
2026-08-17 18:27:47,885 INFO Written out 3100000 reads
2026-08-17 18:27:52,964 INFO Written out 3200000 reads
2026-08-17 18:27:53,004 INFO Parsed 4000000 input reads
2026-08-17 18:28:00,282 INFO Written out 3300000 reads
2026-08-17 18:28:08,795 INFO Written out 3400000 reads
2026-08-17 18:28:11,165 INFO Written out 3500000 reads
2026-08-17 18:28:17,912 INFO Written out 3600000 reads
2026-08-17 18:28:21,425 INFO Written out 3700000 reads
2026-08-17 18:28:21,910 INFO Parsed 5000000 input reads
2026-08-17 18:28:25,333 INFO Written out 3800000 reads
2026-08-17 18:28:35,055 INFO Written out 3900000 reads
2026-08-17 18:28:42,046 INFO Written out 4000000 reads
2026-08-17 18:28:44,235 INFO Written out 4100000 reads
2026-08-17 18:28:50,469 INFO Reads: Input Reads: 5818624
2026-08-17 18:28:50,469 INFO Number of reads out: 4123735
2026-08-17 18:28:50,469 INFO Total number of positions deduplicated: 63254
2026-08-17 18:28:50,469 INFO Mean number of unique UMIs per position: 67.32
2026-08-17 18:28:50,469 INFO Max. number of unique UMIs per position: 48039
# job finished in 337 seconds at Mon Aug 17 18:28:50 2026 -- 334.97  2.75  0.00  0.00 -- f432283f-c3b3-414e-94ec-d5679a727df0
