# UMI-tools version: 1.1.6
# output generated by dedup --stdin=/Users/drb_laptop/Documents/Tissue_specific_myeclium/analysis/bam/GPNJ7M_7_sample_1G.primary.bam --stdout=/Users/drb_laptop/Documents/Tissue_specific_myeclium/analysis/bam/GPNJ7M_7_sample_1G.dedup.bam.part --umi-separator=_ --method=directional
# job started at Mon Aug 17 17:31:56 2026 on DRBs-MacBook-Pro.local -- 3cdf09e0-9e92-40aa-84c2-16d197bde537
# pid: 57484, system: Darwin 25.5.0 Darwin Kernel Version 25.5.0: Tue Jun  9 22:28:34 PDT 2026; root:xnu-12377.121.10~1/RELEASE_ARM64_T6050 x86_64
# assigned_tag                            : None
# cell_tag                                : None
# cell_tag_delim                          : None
# cell_tag_split                          : -
# chimeric_pairs                          : use
# chrom                                   : None
# compresslevel                           : 6
# detection_method                        : None
# filter_umi                              : None
# gene_tag                                : None
# gene_transcript_map                     : None
# get_umi_method                          : read_id
# ignore_tlen                             : False
# ignore_umi                              : False
# in_sam                                  : False
# log2stderr                              : False
# loglevel                                : 1
# mapping_quality                         : 0
# method                                  : directional
# no_sort_output                          : False
# out_sam                                 : False
# output_unmapped                         : False
# paired                                  : False
# per_cell                                : False
# per_contig                              : False
# per_gene                                : False
# random_seed                             : None
# read_length                             : False
# short_help                              : None
# skip_regex                              : ^(__|Unassigned)
# soft_clip_threshold                     : 4
# spliced                                 : False
# stats                                   : False
# stderr                                  : <_io.TextIOWrapper name='<stderr>' mode='w' encoding='utf-8'>
# stdin                                   : <_io.TextIOWrapper name='/Users/drb_laptop/Documents/Tissue_specific_myeclium/analysis/bam/GPNJ7M_7_sample_1G.primary.bam' mode='r' encoding='UTF-8'>
# stdlog                                  : <_io.TextIOWrapper name='<stdout>' mode='w' encoding='utf-8'>
# stdout                                  : <_io.TextIOWrapper name='/Users/drb_laptop/Documents/Tissue_specific_myeclium/analysis/bam/GPNJ7M_7_sample_1G.dedup.bam.part' mode='w' encoding='UTF-8'>
# subset                                  : None
# threshold                               : 1
# timeit_file                             : None
# timeit_header                           : None
# timeit_name                             : all
# tmpdir                                  : None
# umi_sep                                 : _
# umi_tag                                 : RX
# umi_tag_delim                           : None
# umi_tag_split                           : None
# umi_whitelist                           : None
# umi_whitelist_paired                    : None
# unmapped_reads                          : discard
# unpaired_reads                          : use
# whole_contig                            : False
2026-08-17 17:31:56,495 INFO command: dedup --stdin=/Users/drb_laptop/Documents/Tissue_specific_myeclium/analysis/bam/GPNJ7M_7_sample_1G.primary.bam --stdout=/Users/drb_laptop/Documents/Tissue_specific_myeclium/analysis/bam/GPNJ7M_7_sample_1G.dedup.bam.part --umi-separator=_ --method=directional
2026-08-17 17:31:57,961 INFO Written out 100000 reads
2026-08-17 17:32:00,596 INFO Written out 200000 reads
2026-08-17 17:32:03,231 INFO Written out 300000 reads
2026-08-17 17:32:07,059 INFO Written out 400000 reads
2026-08-17 17:32:11,158 INFO Written out 500000 reads
2026-08-17 17:32:13,710 INFO Written out 600000 reads
2026-08-17 17:32:16,756 INFO Written out 700000 reads
2026-08-17 17:32:16,809 INFO Parsed 1000000 input reads
2026-08-17 17:32:20,584 INFO Written out 800000 reads
2026-08-17 17:32:24,402 INFO Written out 900000 reads
2026-08-17 17:32:28,553 INFO Written out 1000000 reads
2026-08-17 17:32:30,921 INFO Written out 1100000 reads
2026-08-17 17:32:34,993 INFO Written out 1200000 reads
2026-08-17 17:32:38,002 INFO Written out 1300000 reads
2026-08-17 17:32:40,466 INFO Written out 1400000 reads
2026-08-17 17:32:42,839 INFO Parsed 2000000 input reads
2026-08-17 17:32:44,105 INFO Written out 1500000 reads
2026-08-17 17:32:47,117 INFO Written out 1600000 reads
2026-08-17 17:32:49,515 INFO Written out 1700000 reads
2026-08-17 17:32:53,583 INFO Written out 1800000 reads
2026-08-17 17:32:56,507 INFO Written out 1900000 reads
2026-08-17 17:33:01,349 INFO Written out 2000000 reads
2026-08-17 17:33:04,310 INFO Written out 2100000 reads
2026-08-17 17:33:06,726 INFO Written out 2200000 reads
2026-08-17 17:33:10,811 INFO Written out 2300000 reads
2026-08-17 17:33:13,587 INFO Parsed 3000000 input reads
2026-08-17 17:33:13,697 INFO Written out 2400000 reads
2026-08-17 17:33:22,010 INFO Written out 2500000 reads
2026-08-17 17:33:23,398 INFO Written out 2600000 reads
2026-08-17 17:33:27,507 INFO Parsed 4000000 input reads
2026-08-17 17:33:29,410 INFO Written out 2700000 reads
2026-08-17 17:33:32,467 INFO Written out 2800000 reads
2026-08-17 17:33:39,805 INFO Written out 2900000 reads
2026-08-17 17:33:44,492 INFO Written out 3000000 reads
2026-08-17 17:33:50,164 INFO Written out 3100000 reads
2026-08-17 17:33:55,444 INFO Reads: Input Reads: 4942914
2026-08-17 17:33:55,445 INFO Number of reads out: 3107435
2026-08-17 17:33:55,445 INFO Total number of positions deduplicated: 173992
2026-08-17 17:33:55,445 INFO Mean number of unique UMIs per position: 18.08
2026-08-17 17:33:55,445 INFO Max. number of unique UMIs per position: 30913
# job finished in 118 seconds at Mon Aug 17 17:33:55 2026 -- 118.61  1.20  0.00  0.00 -- 3cdf09e0-9e92-40aa-84c2-16d197bde537
