# UMI-tools version: 1.1.6
# output generated by dedup --stdin=/Users/drb_laptop/Documents/Tissue_specific_myeclium/analysis/bam_BOM_ss5/GPNJ7M_7_sample_1G.primary.bam --stdout=/Users/drb_laptop/Documents/Tissue_specific_myeclium/analysis/bam_BOM_ss5/GPNJ7M_7_sample_1G.dedup.bam.part --umi-separator=_ --method=directional
# job started at Mon Aug 17 19:14:06 2026 on DRBs-MacBook-Pro.local -- 590072ba-f41a-4858-8b27-29174483c314
# pid: 60744, system: Darwin 25.5.0 Darwin Kernel Version 25.5.0: Tue Jun  9 22:28:34 PDT 2026; root:xnu-12377.121.10~1/RELEASE_ARM64_T6050 x86_64
# assigned_tag                            : None
# cell_tag                                : None
# cell_tag_delim                          : None
# cell_tag_split                          : -
# chimeric_pairs                          : use
# chrom                                   : None
# compresslevel                           : 6
# detection_method                        : None
# filter_umi                              : None
# gene_tag                                : None
# gene_transcript_map                     : None
# get_umi_method                          : read_id
# ignore_tlen                             : False
# ignore_umi                              : False
# in_sam                                  : False
# log2stderr                              : False
# loglevel                                : 1
# mapping_quality                         : 0
# method                                  : directional
# no_sort_output                          : False
# out_sam                                 : False
# output_unmapped                         : False
# paired                                  : False
# per_cell                                : False
# per_contig                              : False
# per_gene                                : False
# random_seed                             : None
# read_length                             : False
# short_help                              : None
# skip_regex                              : ^(__|Unassigned)
# soft_clip_threshold                     : 4
# spliced                                 : False
# stats                                   : False
# stderr                                  : <_io.TextIOWrapper name='<stderr>' mode='w' encoding='utf-8'>
# stdin                                   : <_io.TextIOWrapper name='/Users/drb_laptop/Documents/Tissue_specific_myeclium/analysis/bam_BOM_ss5/GPNJ7M_7_sample_1G.primary.bam' mode='r' encoding='UTF-8'>
# stdlog                                  : <_io.TextIOWrapper name='<stdout>' mode='w' encoding='utf-8'>
# stdout                                  : <_io.TextIOWrapper name='/Users/drb_laptop/Documents/Tissue_specific_myeclium/analysis/bam_BOM_ss5/GPNJ7M_7_sample_1G.dedup.bam.part' mode='w' encoding='UTF-8'>
# subset                                  : None
# threshold                               : 1
# timeit_file                             : None
# timeit_header                           : None
# timeit_name                             : all
# tmpdir                                  : None
# umi_sep                                 : _
# umi_tag                                 : RX
# umi_tag_delim                           : None
# umi_tag_split                           : None
# umi_whitelist                           : None
# umi_whitelist_paired                    : None
# unmapped_reads                          : discard
# unpaired_reads                          : use
# whole_contig                            : False
2026-08-17 19:14:06,333 INFO command: dedup --stdin=/Users/drb_laptop/Documents/Tissue_specific_myeclium/analysis/bam_BOM_ss5/GPNJ7M_7_sample_1G.primary.bam --stdout=/Users/drb_laptop/Documents/Tissue_specific_myeclium/analysis/bam_BOM_ss5/GPNJ7M_7_sample_1G.dedup.bam.part --umi-separator=_ --method=directional
2026-08-17 19:14:07,749 INFO Written out 100000 reads
2026-08-17 19:14:11,975 INFO Written out 200000 reads
2026-08-17 19:14:18,650 INFO Written out 300000 reads
2026-08-17 19:14:23,792 INFO Written out 400000 reads
2026-08-17 19:14:29,687 INFO Written out 500000 reads
2026-08-17 19:14:34,009 INFO Written out 600000 reads
2026-08-17 19:14:36,072 INFO Written out 700000 reads
2026-08-17 19:14:36,086 INFO Parsed 1000000 input reads
2026-08-17 19:14:40,555 INFO Written out 800000 reads
2026-08-17 19:14:46,610 INFO Written out 900000 reads
2026-08-17 19:14:51,901 INFO Written out 1000000 reads
2026-08-17 19:14:55,544 INFO Written out 1100000 reads
2026-08-17 19:14:59,702 INFO Written out 1200000 reads
2026-08-17 19:15:08,996 INFO Written out 1300000 reads
2026-08-17 19:15:10,823 INFO Written out 1400000 reads
2026-08-17 19:15:15,739 INFO Written out 1500000 reads
2026-08-17 19:15:17,297 INFO Parsed 2000000 input reads
2026-08-17 19:15:19,252 INFO Written out 1600000 reads
2026-08-17 19:15:27,737 INFO Written out 1700000 reads
2026-08-17 19:15:31,609 INFO Written out 1800000 reads
2026-08-17 19:15:36,803 INFO Written out 1900000 reads
2026-08-17 19:15:42,163 INFO Written out 2000000 reads
2026-08-17 19:15:47,016 INFO Written out 2100000 reads
2026-08-17 19:15:48,746 INFO Written out 2200000 reads
2026-08-17 19:15:49,781 INFO Parsed 3000000 input reads
2026-08-17 19:15:50,191 INFO Written out 2300000 reads
2026-08-17 19:15:59,352 INFO Written out 2400000 reads
2026-08-17 19:16:00,770 INFO Written out 2500000 reads
2026-08-17 19:16:00,794 INFO Parsed 4000000 input reads
2026-08-17 19:16:05,407 INFO Written out 2600000 reads
2026-08-17 19:16:09,833 INFO Written out 2700000 reads
2026-08-17 19:16:17,226 INFO Written out 2800000 reads
2026-08-17 19:16:21,925 INFO Written out 2900000 reads
2026-08-17 19:16:26,938 INFO Parsed 5000000 input reads
2026-08-17 19:16:29,022 INFO Written out 3000000 reads
2026-08-17 19:16:35,188 INFO Reads: Input Reads: 5273808
2026-08-17 19:16:35,188 INFO Number of reads out: 3086497
2026-08-17 19:16:35,188 INFO Total number of positions deduplicated: 192737
2026-08-17 19:16:35,188 INFO Mean number of unique UMIs per position: 16.26
2026-08-17 19:16:35,188 INFO Max. number of unique UMIs per position: 31542
# job finished in 148 seconds at Mon Aug 17 19:16:35 2026 -- 147.92  1.80  0.00  0.00 -- 590072ba-f41a-4858-8b27-29174483c314
