# UMI-tools version: 1.1.6
# output generated by dedup --stdin=/Users/drb_laptop/Documents/Tissue_specific_myeclium/analysis/bam/GPNJ7M_10_sample_2B.primary.bam --stdout=/Users/drb_laptop/Documents/Tissue_specific_myeclium/analysis/bam/GPNJ7M_10_sample_2B.dedup.bam.part --umi-separator=_ --method=directional
# job started at Mon Aug 17 16:44:13 2026 on DRBs-MacBook-Pro.local -- f30d9fd7-3e7f-4aaf-be5a-9791b2f8eb8f
# pid: 53609, system: Darwin 25.5.0 Darwin Kernel Version 25.5.0: Tue Jun  9 22:28:34 PDT 2026; root:xnu-12377.121.10~1/RELEASE_ARM64_T6050 x86_64
# assigned_tag                            : None
# cell_tag                                : None
# cell_tag_delim                          : None
# cell_tag_split                          : -
# chimeric_pairs                          : use
# chrom                                   : None
# compresslevel                           : 6
# detection_method                        : None
# filter_umi                              : None
# gene_tag                                : None
# gene_transcript_map                     : None
# get_umi_method                          : read_id
# ignore_tlen                             : False
# ignore_umi                              : False
# in_sam                                  : False
# log2stderr                              : False
# loglevel                                : 1
# mapping_quality                         : 0
# method                                  : directional
# no_sort_output                          : False
# out_sam                                 : False
# output_unmapped                         : False
# paired                                  : False
# per_cell                                : False
# per_contig                              : False
# per_gene                                : False
# random_seed                             : None
# read_length                             : False
# short_help                              : None
# skip_regex                              : ^(__|Unassigned)
# soft_clip_threshold                     : 4
# spliced                                 : False
# stats                                   : False
# stderr                                  : <_io.TextIOWrapper name='<stderr>' mode='w' encoding='utf-8'>
# stdin                                   : <_io.TextIOWrapper name='/Users/drb_laptop/Documents/Tissue_specific_myeclium/analysis/bam/GPNJ7M_10_sample_2B.primary.bam' mode='r' encoding='UTF-8'>
# stdlog                                  : <_io.TextIOWrapper name='<stdout>' mode='w' encoding='utf-8'>
# stdout                                  : <_io.TextIOWrapper name='/Users/drb_laptop/Documents/Tissue_specific_myeclium/analysis/bam/GPNJ7M_10_sample_2B.dedup.bam.part' mode='w' encoding='UTF-8'>
# subset                                  : None
# threshold                               : 1
# timeit_file                             : None
# timeit_header                           : None
# timeit_name                             : all
# tmpdir                                  : None
# umi_sep                                 : _
# umi_tag                                 : RX
# umi_tag_delim                           : None
# umi_tag_split                           : None
# umi_whitelist                           : None
# umi_whitelist_paired                    : None
# unmapped_reads                          : discard
# unpaired_reads                          : use
# whole_contig                            : False
2026-08-17 16:44:13,839 INFO command: dedup --stdin=/Users/drb_laptop/Documents/Tissue_specific_myeclium/analysis/bam/GPNJ7M_10_sample_2B.primary.bam --stdout=/Users/drb_laptop/Documents/Tissue_specific_myeclium/analysis/bam/GPNJ7M_10_sample_2B.dedup.bam.part --umi-separator=_ --method=directional
2026-08-17 16:44:17,473 INFO Written out 100000 reads
2026-08-17 16:44:20,489 INFO Written out 200000 reads
2026-08-17 16:44:23,205 INFO Written out 300000 reads
2026-08-17 16:44:26,626 INFO Written out 400000 reads
2026-08-17 16:44:29,228 INFO Written out 500000 reads
2026-08-17 16:44:33,435 INFO Written out 600000 reads
2026-08-17 16:44:36,087 INFO Written out 700000 reads
2026-08-17 16:44:39,636 INFO Written out 800000 reads
2026-08-17 16:44:41,144 INFO Parsed 1000000 input reads
2026-08-17 16:44:43,950 INFO Written out 900000 reads
2026-08-17 16:44:46,692 INFO Written out 1000000 reads
2026-08-17 16:44:50,191 INFO Written out 1100000 reads
2026-08-17 16:44:53,070 INFO Written out 1200000 reads
2026-08-17 16:44:56,034 INFO Written out 1300000 reads
2026-08-17 16:44:59,688 INFO Written out 1400000 reads
2026-08-17 16:45:03,070 INFO Written out 1500000 reads
2026-08-17 16:45:06,551 INFO Written out 1600000 reads
2026-08-17 16:45:09,071 INFO Written out 1700000 reads
2026-08-17 16:45:09,084 INFO Parsed 2000000 input reads
2026-08-17 16:45:13,420 INFO Written out 1800000 reads
2026-08-17 16:45:16,210 INFO Written out 1900000 reads
2026-08-17 16:45:18,020 INFO Written out 2000000 reads
2026-08-17 16:45:21,060 INFO Reads: Input Reads: 2486679
2026-08-17 16:45:21,060 INFO Number of reads out: 2024882
2026-08-17 16:45:21,060 INFO Total number of positions deduplicated: 33611
2026-08-17 16:45:21,060 INFO Mean number of unique UMIs per position: 61.33
2026-08-17 16:45:21,060 INFO Max. number of unique UMIs per position: 15855
# job finished in 67 seconds at Mon Aug 17 16:45:21 2026 -- 66.60  1.47  0.00  0.00 -- f30d9fd7-3e7f-4aaf-be5a-9791b2f8eb8f
