>CM148777.1 Pleurotus ostreatus BOM_ss5 mitochondrion
22 genes found
1   tRNA-Ala                  c[1414,1484]	33  	(tgc)
2   tRNA-Pro                  c[1526,1600]	34  	(tgg)
3   tRNA-Asn                   [8533,8607]	35  	(gtt)
4   tRNA-Leu                   [8866,8950]	36  	(taa)
5   tRNA-Met                   [9207,9279]	35  	(cat)
6   tRNA-Glu                   [9354,9425]	34  	(ttc)
7   tRNA-Gln                 [26479,26551]	34  	(ttg)
8   tRNA-Lys                 [26626,26698]	35  	(ttt)
9   tRNA-His                 [27315,27387]	34  	(gtg)
10  tRNA-Asp                c[34808,34880]	34  	(gtc)
11  tRNA-Arg                c[36441,36515]	35  	(tcg)
12  tRNA-Leu                c[37155,37237]	35  	(tag)
13  tRNA-Val                c[37472,37542]	33  	(tac)
14  tRNA-Ser                c[40178,40263]	37  	(tga)
15  tRNA-Met                c[40741,40813]	34  	(cat)
16  tRNA-Tyr                c[40948,41032]	35  	(gta)
17  tRNA-Thr                c[41732,41803]	34  	(tgt)
18  tRNA-Phe                c[41872,41943]	34  	(gaa)
19  tRNA-Arg                 [46286,46356]	33  	(tct)
20  tRNA-Trp                 [46818,46890]	35  	(cca)
21  tRNA-Ile                 [53116,53186]	33  	(gat)
22  tRNA-Gly                 [67899,67970]	34  	(tcc)
